Microchip MPLAB XC8 Compiler V2.31

Linker command line:

-W-3 --edf=C:\Program Files\Microchip\xc8\v2.31\pic\dat\en_msgs.txt -cn \
  -h+dist/default/production\P1_Master.X.production.sym \
  --cmf=dist/default/production\P1_Master.X.production.cmf -z -Q16F887 \
  -oC:\Users\Gaby\AppData\Local\Temp\s9h0.3 --defsym=__MPLAB_BUILD=1 \
  -Mdist/default/production/P1_Master.X.production.map -E1 \
  -ver=XC8 Compiler --acfsm=1493 -ASTACK=0110h-016Fh -pstack=STACK \
  -ACODE=00h-07FFhx4 -ASTRCODE=00h-01FFFh -ASTRING=00h-0FFhx32 \
  -ACONST=00h-0FFhx32 -AENTRY=00h-0FFhx32 -ACOMMON=070h-07Fh \
  -ABANK0=020h-06Fh -ABANK1=0A0h-0EFh -ABANK2=0110h-016Fh \
  -ABANK3=0190h-01EFh -ARAM=020h-06Fh,0A0h-0EFh,0110h-016Fh,0190h-01EFh \
  -AABS1=020h-07Fh,0A0h-0EFh,0110h-016Fh,0190h-01EFh -ASFR0=00h-01Fh \
  -ASFR1=080h-09Fh -ASFR2=0100h-010Fh -ASFR3=0180h-018Fh \
  -ACONFIG=02007h-02008h -DCONFIG=2 -AIDLOC=02000h-02003h -DIDLOC=2 \
  -AEEDATA=00h-0FFh/02100h -peeprom_data=EEDATA -DEEDATA=2 -DCODE=2 \
  -DSTRCODE=2 -DSTRING=2 -DCONST=2 -DENTRY=2 \
  -preset_vec=00h,intentry=04h,init,end_init -ppowerup=CODE -pcinit=CODE \
  -pfunctab=ENTRY -k C:\Users\Gaby\AppData\Local\Temp\s9h0.o \
  dist/default/production\P1_Master.X.production.o 

Object code version is 3.11

Machine type is 16F887



                Name                               Link     Load   Length Selector   Space Scale
C:\Users\Gaby\AppData\Local\Temp\s9h0.o
                end_init                             10       10        3        8       0
                reset_vec                             0        0        3        0       0
                config                             2007     2007        2        0       4
dist/default/production\P1_Master.X.production.o
                cinit                                13       13        E        8       0
                intentry                              4        4        C        8       0
                text14_split_1                       21       21      710        8       0
                config                             2007     2007        2        0       4
                text21                              D94      D94       67     1B28       0
                text20                              C24      C24       59     1848       0
                text19                              C7D      C7D       5D     18FA       0
                text18                              CDA      CDA       5D     19B4       0
                text17                              D37      D37       5D     1A6E       0
                text16                              731      731       8F        8       0
                text15                             16F0     16F0       18     2DE0       0
                text14                              EF9      EF9      107     1DF2       0
                text13                             16BC     16BC        6     2D78       0
                text12                             1721     1721       1B     2E42       0
                text11                              7C0      7C0       26        8       0
                text10                             1708     1708       19     2E10       0
                text9                              17BA     17BA       46     2F74       0
                text8                              1776     1776       44     2EEC       0
                text7                              16CA     16CA       10     2D94       0
                text6                              173C     173C       1D     2E78       0
                text5                              1759     1759       1D     2EB2       0
                text4                               C07      C07       1D     180E       0
                text3                              16DA     16DA       16     2DB4       0
                text2                               7E6      7E6       19        8       0
                text1                               E6F      E6F       8A     1CDE       0
                maintext                            DFB      DFB       74     1BF6       0
                cstackBANK0                          35       35       13       20       1
                cstackCOMMON                         70       70        D       70       1
                clrtext                            16C2     16C2        8     2D84       0
                bssBANK0                             20       20       15       20       1
                bssCOMMON                            7D       7D        1       70       1
                stringtext                          800      800      402       10       0
                strings                            1000     1000       12     2000       0

TOTAL           Name                               Link     Load   Length     Space
        CLASS   STACK          

        CLASS   CODE           
                end_init                             10       10        3         0
                cinit                                13       13        E         0
                intentry                              4        4        C         0
                reset_vec                             0        0        3         0
                text14_split_1                       21       21      710         0
                text21                              D94      D94       67         0
                text20                              C24      C24       59         0
                text19                              C7D      C7D       5D         0
                text18                              CDA      CDA       5D         0
                text17                              D37      D37       5D         0
                text16                              731      731       8F         0
                text15                             16F0     16F0       18         0
                text14                              EF9      EF9      107         0
                text13                             16BC     16BC        6         0
                text12                             1721     1721       1B         0
                text11                              7C0      7C0       26         0
                text10                             1708     1708       19         0
                text9                              17BA     17BA       46         0
                text8                              1776     1776       44         0
                text7                              16CA     16CA       10         0
                text6                              173C     173C       1D         0
                text5                              1759     1759       1D         0
                text4                               C07      C07       1D         0
                text3                              16DA     16DA       16         0
                text2                               7E6      7E6       19         0
                text1                               E6F      E6F       8A         0
                maintext                            DFB      DFB       74         0
                clrtext                            16C2     16C2        8         0

        CLASS   STRCODE        
                stringtext                          800      800      402         0

        CLASS   STRING         
                strings                            1000     1000       12         0

        CLASS   CONST          

        CLASS   ENTRY          

        CLASS   COMMON         
                cstackCOMMON                         70       70        D         1
                bssCOMMON                            7D       7D        1         1

        CLASS   BANK0          
                cstackBANK0                          35       35       13         1
                bssBANK0                             20       20       15         1

        CLASS   BANK1          

        CLASS   BANK2          

        CLASS   BANK3          

        CLASS   RAM            

        CLASS   ABS1           
                abs_s1                               7E       7E        2         1

        CLASS   SFR0           

        CLASS   SFR1           

        CLASS   SFR2           

        CLASS   SFR3           

        CLASS   CONFIG         
                config                             2007     2007        2         4

        CLASS   IDLOC          

        CLASS   EEDATA         



SEGMENTS        Name                           Load    Length   Top    Selector   Space  Class     Delta

                reset_vec                      000000  000003  000003         0       0  CODE        2
                intentry                       000004  0007FB  0007FF         8       0  CODE        2
                bssBANK0                       000020  000028  000048        20       1  BANK0       1
                cstackCOMMON                   000070  00000E  00007E        70       1  COMMON      1
                stringtext                     000800  000402  000C02        10       0  STRCODE     2
                text4                          000C07  00001D  000C24      180E       0  CODE        2
                text20                         000C24  000059  000C7D      1848       0  CODE        2
                text19                         000C7D  00005D  000CDA      18FA       0  CODE        2
                text18                         000CDA  00005D  000D37      19B4       0  CODE        2
                text17                         000D37  00005D  000D94      1A6E       0  CODE        2
                text21                         000D94  000067  000DFB      1B28       0  CODE        2
                maintext                       000DFB  000074  000E6F      1BF6       0  CODE        2
                text1                          000E6F  00008A  000EF9      1CDE       0  CODE        2
                text14                         000EF9  000107  001000      1DF2       0  CODE        2
                strings                        001000  000012  001012      2000       0  STRING      2
                text13                         0016BC  000006  0016C2      2D78       0  CODE        2
                clrtext                        0016C2  000008  0016CA      2D84       0  CODE        2
                text7                          0016CA  000010  0016DA      2D94       0  CODE        2
                text3                          0016DA  000016  0016F0      2DB4       0  CODE        2
                text15                         0016F0  000018  001708      2DE0       0  CODE        2
                text10                         001708  000019  001721      2E10       0  CODE        2
                text12                         001721  00001B  00173C      2E42       0  CODE        2
                text6                          00173C  00001D  001759      2E78       0  CODE        2
                text5                          001759  00001D  001776      2EB2       0  CODE        2
                text8                          001776  000044  0017BA      2EEC       0  CODE        2
                text9                          0017BA  000046  001800      2F74       0  CODE        2


UNUSED ADDRESS RANGES

        Name                Unused          Largest block    Delta
        BANK0            000048-00006F               28           1
        BANK1            0000A0-0000EF               50           1
        BANK2            000110-00016F               60           1
        BANK3            000190-0001EF               60           1
        CODE             000003-000003                1           2
                         0007FF-0007FF                1
                         000C02-000C06                5
                         001012-0016BB              6AA
                         001800-001FFF              800
        CONST            000003-000003                1           2
                         0007FF-0007FF                1
                         000C02-000C06                5
                         001012-0016BB              100
                         001800-001FFF              100
        EEDATA           002100-0021FF              100           2
        ENTRY            000003-000003                1           2
                         0007FF-0007FF                1
                         000C02-000C06                5
                         001012-0016BB              100
                         001800-001FFF              100
        IDLOC            002000-002003                4           2
        RAM              000048-00006F               28           1
                         0000A0-0000EF               50
                         000110-00016F               60
                         000190-0001EF               60
        SFR0             000000-00001F               20           1
        SFR1             000080-00009F               20           1
        SFR2             000100-00010F               10           1
        SFR3             000180-00018F               10           1
        STACK            000110-00016F               60           1
        STRCODE          000003-000003                1           2
                         0007FF-0007FF                1
                         000C02-000C06                5
                         001012-0016BB              6AA
                         001800-001FFF              800
        STRING           000003-000003                1           2
                         0007FF-0007FF                1
                         000C02-000C06                5
                         001012-0016BB              100
                         001800-001FFF              100

                                  Symbol Table

?_CONV                     cstackBANK0  00003A
?___awdiv                  cstackCOMMON 000070
?___awmod                  cstackCOMMON 000070
CONT_TO_CHARS@valor        cstackCOMMON 00007C
CONV@numero                cstackBANK0  00003D
Lcd_Cmd@a                  cstackBANK0  00003D
Lcd_Port@a                 cstackBANK0  00003A
Lcd_Set_Cursor@a           cstackBANK0  000040
Lcd_Set_Cursor@b           cstackBANK0  00003E
Lcd_Set_Cursor@temp        cstackBANK0  000041
Lcd_Write_Char@a           cstackBANK0  00003C
Lcd_Write_String@a         cstackBANK0  00003D
Lcd_Write_String@i         cstackBANK0  000042
POT_TO_CHARS@valor         cstackCOMMON 00007C
READ_SPI@data              cstackBANK0  00003B
TEMP_TO_CHARS@valor        cstackCOMMON 00007C
_ANSEL                     (abs)        000188
_ANSELH                    (abs)        000189
_BANDERA_T                 bssCOMMON    00007D
_BAUDCTLbits               (abs)        000187
_CONFIG_USART              text3        0016DA
_CONT                      bssBANK0     000030
_CONT_TO_CHARS             text19       000C7D
_CONT_r                    bssBANK0     000022
_CONV                      text14       000EF9
_INTCONbits                (abs)        00000B
_LCD                       text8        001776
_LEER_S1                   text6        00173C
_LEER_S2                   text5        001759
_LEER_S3                   text4        000C07
_Lcd_Cmd                   text12       001721
_Lcd_Init                  text2        0007E6
_Lcd_Port                  text13       0016BC
_Lcd_Set_Cursor            text11       0007C0
_Lcd_Write_Char            text10       001708
_Lcd_Write_String          text9        0017BA
_PIE1bits                  (abs)        00008C
_PIR1bits                  (abs)        00000C
_PORTA                     (abs)        000005
_PORTB                     (abs)        000006
_PORTC                     (abs)        000007
_PORTCbits                 (abs)        000007
_PORTD                     (abs)        000008
_PORTE                     (abs)        000009
_PORTEbits                 (abs)        000009
_POTENCIOMETRO             bssBANK0     000032
_POT_TO_CHARS              text18       000CDA
_POT_r                     bssBANK0     000024
_Pot_cents                 bssBANK0     00002B
_Pot_decs                  bssBANK0     000029
_Pot_units                 bssBANK0     00002A
_RCSTAbits                 (abs)        000018
_READ_SPI                  text7        0016CA
_SETUP                     text1        000E6F
_SPBRG                     (abs)        000099
_SPBRGH                    (abs)        00009A
_SSPBUF                    (abs)        000013
_SSPCON                    (abs)        000014
_SSPCONbits                (abs)        000014
_SSPSTAT                   (abs)        000094
_SSPSTATbits               (abs)        000094
_TEMPERATURA               bssBANK0     00002F
_TEMP_TO_CHARS             text17       000D37
_TEMP_r                    bssBANK0     000020
_TRISA                     (abs)        000085
_TRISB                     (abs)        000086
_TRISC                     (abs)        000087
_TRISCbits                 (abs)        000087
_TRISD                     (abs)        000088
_TRISE                     (abs)        000089
_TX                        text16       000731
_TXREG                     (abs)        000019
_TXSTAbits                 (abs)        000098
_Temp_cents                bssBANK0     00002D
_Temp_decs                 bssBANK0     00002E
_Temp_units                bssBANK0     00002C
__Habs1                    abs1         000000
__Hbank0                   bank0        000000
__Hbank1                   bank1        000000
__Hbank2                   bank2        000000
__Hbank3                   bank3        000000
__HbssBANK0                bssBANK0     000000
__HbssCOMMON               bssCOMMON    000000
__Hcinit                   cinit        000021
__Hclrtext                 clrtext      000000
__Hcode                    code         000000
__Hcommon                  common       000000
__Hconfig                  config       002009
__HcstackBANK0             cstackBANK0  000000
__HcstackCOMMON            cstackCOMMON 000000
__Heeprom_data             eeprom_data  000000
__Hend_init                end_init     000013
__Hfunctab                 functab      000000
__Hinit                    init         000010
__Hintentry                intentry     000010
__Hmaintext                maintext     000000
__Hpowerup                 powerup      000000
__Hram                     ram          000000
__Hreset_vec               reset_vec    000003
__Hsfr0                    sfr0         000000
__Hsfr1                    sfr1         000000
__Hsfr2                    sfr2         000000
__Hsfr3                    sfr3         000000
__Hspace_0                 (abs)        001800
__Hspace_1                 (abs)        00007E
__Hspace_2                 (abs)        000000
__Hspace_3                 (abs)        000000
__Hspace_4                 (abs)        004010
__Hstack                   stack        000000
__Hstrings                 strings      000000
__Hstringtext              stringtext   000000
__Htext                    text         000000
__Labs1                    abs1         000000
__Lbank0                   bank0        000000
__Lbank1                   bank1        000000
__Lbank2                   bank2        000000
__Lbank3                   bank3        000000
__LbssBANK0                bssBANK0     000000
__LbssCOMMON               bssCOMMON    000000
__Lcinit                   cinit        000013
__Lclrtext                 clrtext      000000
__Lcode                    code         000000
__Lcommon                  common       000000
__Lconfig                  config       000000
__LcstackBANK0             cstackBANK0  000000
__LcstackCOMMON            cstackCOMMON 000000
__Leeprom_data             eeprom_data  000000
__Lend_init                end_init     000010
__Lfunctab                 functab      000000
__Linit                    init         000010
__Lintentry                intentry     000004
__Lmaintext                maintext     000000
__Lpowerup                 powerup      000000
__Lram                     ram          000000
__Lreset_vec               reset_vec    000000
__Lsfr0                    sfr0         000000
__Lsfr1                    sfr1         000000
__Lsfr2                    sfr2         000000
__Lsfr3                    sfr3         000000
__Lspace_0                 (abs)        000000
__Lspace_1                 (abs)        000000
__Lspace_2                 (abs)        000000
__Lspace_3                 (abs)        000000
__Lspace_4                 (abs)        000000
__Lstack                   stack        000000
__Lstrings                 strings      000000
__Lstringtext              stringtext   000000
__Ltext                    text         000000
__S0                       (abs)        001800
__S1                       (abs)        00007E
__S2                       (abs)        000000
__S3                       (abs)        000000
___awdiv                   text21       000D94
___awdiv@counter           cstackCOMMON 000075
___awdiv@dividend          cstackCOMMON 000072
___awdiv@divisor           cstackCOMMON 000070
___awdiv@quotient          cstackCOMMON 000077
___awdiv@sign              cstackCOMMON 000076
___awmod                   text20       000C24
___awmod@counter           cstackCOMMON 000075
___awmod@dividend          cstackCOMMON 000072
___awmod@divisor           cstackCOMMON 000070
___awmod@sign              cstackCOMMON 000076
___int_sp                  stack        000000
___latbits                 (abs)        000002
___sp                      stack        000000
___stackhi                 (abs)        000000
___stacklo                 (abs)        000000
__end_of_CONFIG_USART      text3        0016F0
__end_of_CONT_TO_CHARS     text19       000CDA
__end_of_CONV              text14_split_1 00072E
__end_of_LCD               text8        0017BA
__end_of_LEER_S1           text6        001759
__end_of_LEER_S2           text5        001776
__end_of_LEER_S3           text4        000C24
__end_of_Lcd_Cmd           text12       00173C
__end_of_Lcd_Init          text2        0007FF
__end_of_Lcd_Port          text13       0016C2
__end_of_Lcd_Set_Cursor    text11       0007E6
__end_of_Lcd_Write_Char    text10       001721
__end_of_Lcd_Write_String  text9        001800
__end_of_POT_TO_CHARS      text18       000D37
__end_of_READ_SPI          text7        0016DA
__end_of_SETUP             text1        000EF9
__end_of_TEMP_TO_CHARS     text17       000D94
__end_of_TX                text16       0007C0
__end_of___awdiv           text21       000DFB
__end_of___awmod           text20       000C7D
__end_of__initialization   cinit        00001D
__end_of__stringtab        strings      001012
__end_of_isr               text15       001708
__end_of_main              maintext     000E6F
__initialization           cinit        000013
__pbssBANK0                bssBANK0     000020
__pbssCOMMON               bssCOMMON    00007D
__pcstackBANK0             cstackBANK0  000035
__pcstackCOMMON            cstackCOMMON 000070
__pintentry                intentry     000004
__pmaintext                maintext     000DFB
__pstrings                 strings      001000
__pstringtext              stringtext   000800
__ptext1                   text1        000E6F
__ptext10                  text10       001708
__ptext11                  text11       0007C0
__ptext12                  text12       001721
__ptext13                  text13       0016BC
__ptext14                  text14       000EF9
__ptext15                  text15       0016F0
__ptext16                  text16       000731
__ptext17                  text17       000D37
__ptext18                  text18       000CDA
__ptext19                  text19       000C7D
__ptext2                   text2        0007E6
__ptext20                  text20       000C24
__ptext21                  text21       000D94
__ptext3                   text3        0016DA
__ptext4                   text4        000C07
__ptext5                   text5        001759
__ptext6                   text6        00173C
__ptext7                   text7        0016CA
__ptext8                   text8        001776
__ptext9                   text9        0017BA
__size_of_CONFIG_USART     (abs)        000000
__size_of_CONT_TO_CHARS    (abs)        000000
__size_of_CONV             (abs)        000000
__size_of_LCD              (abs)        000000
__size_of_LEER_S1          (abs)        000000
__size_of_LEER_S2          (abs)        000000
__size_of_LEER_S3          (abs)        000000
__size_of_Lcd_Cmd          (abs)        000000
__size_of_Lcd_Init         (abs)        000000
__size_of_Lcd_Port         (abs)        000000
__size_of_Lcd_Set_Cursor   (abs)        000000
__size_of_Lcd_Write_Char   (abs)        000000
__size_of_Lcd_Write_String (abs)        000000
__size_of_POT_TO_CHARS     (abs)        000000
__size_of_READ_SPI         (abs)        000000
__size_of_SETUP            (abs)        000000
__size_of_TEMP_TO_CHARS    (abs)        000000
__size_of_TX               (abs)        000000
__size_of___awdiv          (abs)        000000
__size_of___awmod          (abs)        000000
__size_of_isr              (abs)        000000
__size_of_main             (abs)        000000
__stringbase               strings      001012
__stringtab                strings      001000
_cont_cents                bssBANK0     000026
_cont_decs                 bssBANK0     000027
_cont_units                bssBANK0     000028
_isr                       text15       0016F0
_main                      maintext     000DFB
btemp                      (abs)        00007E
clear_ram0                 clrtext      0016C2
end_of_initialization      cinit        00001D
interrupt_function         intentry     000004
intlevel0                  functab      000000
intlevel1                  functab      000000
intlevel2                  functab      000000
intlevel3                  functab      000000
intlevel4                  functab      000000
intlevel5                  functab      000000
pnum$text14                (abs)        000018
pnum$text14_split_1        (abs)        000022
psplit$0                   (abs)        180022
reset_vec                  reset_vec    000000
saved_w                    (abs)        00007E
start                      init         000010
start_initialization       cinit        000013
wtemp0                     (abs)        00007E


FUNCTION INFORMATION:

 *************** function _main *****************
 Defined at:
		line 83 in file "Principal_Master.c"
 Parameters:    Size  Location     Type
		None
 Auto vars:     Size  Location     Type
		None
 Return value:  Size  Location     Type
                  1    wreg      void 
 Registers used:
		wreg, fsr0l, fsr0h, status,2, status,0, btemp+1, pclath, cstack
 Tracked objects:
		On entry : 
		On exit  : 
		Unchanged: 
 Data sizes:     COMMON   BANK0   BANK1   BANK3   BANK2
      Params:         0       0       0       0       0
      Locals:         0       0       0       0       0
      Temps:          0       3       0       0       0
      Totals:         0       3       0       0       0
Total ram usage:        3 bytes
 Hardware stack levels required when called:    8
 This function calls:
		_CONV
		_LCD
		_LEER_S1
		_LEER_S2
		_LEER_S3
		_SETUP
 This function is called by:
		Startup code after reset
 This function uses a non-reentrant model


 *************** function _SETUP *****************
 Defined at:
		line 112 in file "Principal_Master.c"
 Parameters:    Size  Location     Type
		None
 Auto vars:     Size  Location     Type
		None
 Return value:  Size  Location     Type
                  1    wreg      void 
 Registers used:
		wreg, fsr0l, fsr0h, status,2, status,0, btemp+1, pclath, cstack
 Tracked objects:
		On entry : 
		On exit  : 
		Unchanged: 
 Data sizes:     COMMON   BANK0   BANK1   BANK3   BANK2
      Params:         0       0       0       0       0
      Locals:         0       0       0       0       0
      Temps:          0       1       0       0       0
      Totals:         0       1       0       0       0
Total ram usage:        1 bytes
 Hardware stack levels used:    1
 Hardware stack levels required when called:    7
 This function calls:
		_CONFIG_USART
		_Lcd_Init
		_Lcd_Set_Cursor
		_Lcd_Write_String
 This function is called by:
		_main
 This function uses a non-reentrant model


 *************** function _Lcd_Init *****************
 Defined at:
		line 42 in file "LCD.c"
 Parameters:    Size  Location     Type
		None
 Auto vars:     Size  Location     Type
		None
 Return value:  Size  Location     Type
                  1    wreg      void 
 Registers used:
		wreg, status,2, status,0, pclath, cstack
 Tracked objects:
		On entry : 
		On exit  : 
		Unchanged: 
 Data sizes:     COMMON   BANK0   BANK1   BANK3   BANK2
      Params:         0       0       0       0       0
      Locals:         0       0       0       0       0
      Temps:          0       0       0       0       0
      Totals:         0       0       0       0       0
Total ram usage:        0 bytes
 Hardware stack levels used:    1
 Hardware stack levels required when called:    6
 This function calls:
		_Lcd_Cmd
 This function is called by:
		_SETUP
 This function uses a non-reentrant model


 *************** function _CONFIG_USART *****************
 Defined at:
		line 7 in file "USART.c"
 Parameters:    Size  Location     Type
		None
 Auto vars:     Size  Location     Type
		None
 Return value:  Size  Location     Type
                  1    wreg      void 
 Registers used:
		wreg, status,2
 Tracked objects:
		On entry : 
		On exit  : 
		Unchanged: 
 Data sizes:     COMMON   BANK0   BANK1   BANK3   BANK2
      Params:         0       0       0       0       0
      Locals:         0       0       0       0       0
      Temps:          0       0       0       0       0
      Totals:         0       0       0       0       0
Total ram usage:        0 bytes
 Hardware stack levels used:    1
 Hardware stack levels required when called:    4
 This function calls:
		Nothing
 This function is called by:
		_SETUP
 This function uses a non-reentrant model


 *************** function _LEER_S3 *****************
 Defined at:
		line 209 in file "Principal_Master.c"
 Parameters:    Size  Location     Type
		None
 Auto vars:     Size  Location     Type
		None
 Return value:  Size  Location     Type
                  1    wreg      void 
 Registers used:
		wreg, pclath, cstack
 Tracked objects:
		On entry : 
		On exit  : 
		Unchanged: 
 Data sizes:     COMMON   BANK0   BANK1   BANK3   BANK2
      Params:         0       0       0       0       0
      Locals:         0       0       0       0       0
      Temps:          0       2       0       0       0
      Totals:         0       2       0       0       0
Total ram usage:        2 bytes
 Hardware stack levels used:    1
 Hardware stack levels required when called:    5
 This function calls:
		_READ_SPI
 This function is called by:
		_main
 This function uses a non-reentrant model


 *************** function _LEER_S2 *****************
 Defined at:
		line 197 in file "Principal_Master.c"
 Parameters:    Size  Location     Type
		None
 Auto vars:     Size  Location     Type
		None
 Return value:  Size  Location     Type
                  1    wreg      void 
 Registers used:
		wreg, pclath, cstack
 Tracked objects:
		On entry : 
		On exit  : 
		Unchanged: 
 Data sizes:     COMMON   BANK0   BANK1   BANK3   BANK2
      Params:         0       0       0       0       0
      Locals:         0       0       0       0       0
      Temps:          0       2       0       0       0
      Totals:         0       2       0       0       0
Total ram usage:        2 bytes
 Hardware stack levels used:    1
 Hardware stack levels required when called:    5
 This function calls:
		_READ_SPI
 This function is called by:
		_main
 This function uses a non-reentrant model


 *************** function _LEER_S1 *****************
 Defined at:
		line 184 in file "Principal_Master.c"
 Parameters:    Size  Location     Type
		None
 Auto vars:     Size  Location     Type
		None
 Return value:  Size  Location     Type
                  1    wreg      void 
 Registers used:
		wreg, pclath, cstack
 Tracked objects:
		On entry : 
		On exit  : 
		Unchanged: 
 Data sizes:     COMMON   BANK0   BANK1   BANK3   BANK2
      Params:         0       0       0       0       0
      Locals:         0       0       0       0       0
      Temps:          0       2       0       0       0
      Totals:         0       2       0       0       0
Total ram usage:        2 bytes
 Hardware stack levels used:    1
 Hardware stack levels required when called:    5
 This function calls:
		_READ_SPI
 This function is called by:
		_main
 This function uses a non-reentrant model


 *************** function _READ_SPI *****************
 Defined at:
		line 33 in file "SPI_Master.c"
 Parameters:    Size  Location     Type
  data            1    wreg     unsigned char 
 Auto vars:     Size  Location     Type
  data            1    6[BANK0 ] unsigned char 
  dummy           1    0        unsigned char 
 Return value:  Size  Location     Type
                  1    wreg      unsigned char 
 Registers used:
		wreg
 Tracked objects:
		On entry : 
		On exit  : 
		Unchanged: 
 Data sizes:     COMMON   BANK0   BANK1   BANK3   BANK2
      Params:         0       0       0       0       0
      Locals:         0       2       0       0       0
      Temps:          0       0       0       0       0
      Totals:         0       2       0       0       0
Total ram usage:        2 bytes
 Hardware stack levels used:    1
 Hardware stack levels required when called:    4
 This function calls:
		Nothing
 This function is called by:
		_LEER_S1
		_LEER_S2
		_LEER_S3
 This function uses a non-reentrant model


 *************** function _LCD *****************
 Defined at:
		line 169 in file "Principal_Master.c"
 Parameters:    Size  Location     Type
		None
 Auto vars:     Size  Location     Type
		None
 Return value:  Size  Location     Type
                  1    wreg      void 
 Registers used:
		wreg, fsr0l, fsr0h, status,2, status,0, btemp+1, pclath, cstack
 Tracked objects:
		On entry : 
		On exit  : 
		Unchanged: 
 Data sizes:     COMMON   BANK0   BANK1   BANK3   BANK2
      Params:         0       0       0       0       0
      Locals:         0       0       0       0       0
      Temps:          0       1       0       0       0
      Totals:         0       1       0       0       0
Total ram usage:        1 bytes
 Hardware stack levels used:    1
 Hardware stack levels required when called:    7
 This function calls:
		_Lcd_Set_Cursor
		_Lcd_Write_String
 This function is called by:
		_main
 This function uses a non-reentrant model


 *************** function _Lcd_Write_String *****************
 Defined at:
		line 60 in file "LCD.c"
 Parameters:    Size  Location     Type
  a               2    8[BANK0 ] PTR unsigned char 
		 -> NULL(0), STR_259(4), STR_258(4), STR_257(4), 
		 -> STR_256(4), STR_255(4), STR_254(4), STR_253(4), 
		 -> STR_252(4), STR_251(4), STR_250(4), STR_249(4), 
		 -> STR_248(4), STR_247(4), STR_246(4), STR_245(4), 
		 -> STR_244(4), STR_243(4), STR_242(4), STR_241(4), 
		 -> STR_240(4), STR_239(4), STR_238(4), STR_237(4), 
		 -> STR_236(4), STR_235(4), STR_234(4), STR_233(4), 
		 -> STR_232(4), STR_231(4), STR_230(4), STR_229(4), 
		 -> STR_228(4), STR_227(4), STR_226(4), STR_225(4), 
		 -> STR_224(4), STR_223(4), STR_222(4), STR_221(4), 
		 -> STR_220(4), STR_219(4), STR_218(4), STR_217(4), 
		 -> STR_216(4), STR_215(4), STR_214(4), STR_213(4), 
		 -> STR_212(4), STR_211(4), STR_210(4), STR_209(4), 
		 -> STR_208(4), STR_207(4), STR_206(4), STR_205(4), 
		 -> STR_204(3), STR_203(4), STR_202(4), STR_201(4), 
		 -> STR_200(4), STR_199(4), STR_198(4), STR_197(4), 
		 -> STR_196(4), STR_195(4), STR_194(4), STR_193(4), 
		 -> STR_192(4), STR_191(4), STR_190(4), STR_189(4), 
		 -> STR_188(4), STR_187(4), STR_186(4), STR_185(4), 
		 -> STR_184(4), STR_183(4), STR_182(4), STR_181(4), 
		 -> STR_180(4), STR_179(4), STR_178(4), STR_177(4), 
		 -> STR_176(4), STR_175(4), STR_174(4), STR_173(4), 
		 -> STR_172(4), STR_171(4), STR_170(4), STR_169(4), 
		 -> STR_168(4), STR_167(4), STR_166(4), STR_165(4), 
		 -> STR_164(4), STR_163(4), STR_162(4), STR_161(4), 
		 -> STR_160(4), STR_159(4), STR_158(4), STR_157(2), 
		 -> STR_156(2), STR_155(4), STR_154(4), STR_153(4), 
		 -> STR_152(4), STR_151(4), STR_150(4), STR_149(4), 
		 -> STR_148(4), STR_147(4), STR_146(4), STR_145(4), 
		 -> STR_144(4), STR_143(4), STR_142(4), STR_141(4), 
		 -> STR_140(4), STR_139(4), STR_138(4), STR_137(4), 
		 -> STR_136(4), STR_135(4), STR_134(4), STR_133(4), 
		 -> STR_132(4), STR_131(4), STR_130(4), STR_129(4), 
		 -> STR_128(4), STR_127(4), STR_126(4), STR_125(4), 
		 -> STR_124(4), STR_123(4), STR_122(4), STR_121(4), 
		 -> STR_120(4), STR_119(4), STR_118(4), STR_117(4), 
		 -> STR_116(4), STR_115(4), STR_114(4), STR_113(4), 
		 -> STR_112(4), STR_111(4), STR_110(4), STR_109(4), 
		 -> STR_108(4), STR_107(4), STR_106(4), STR_105(4), 
		 -> STR_104(4), STR_103(4), STR_102(4), STR_101(4), 
		 -> STR_100(4), STR_99(4), STR_98(4), STR_97(4), 
		 -> STR_96(4), STR_95(4), STR_94(4), STR_93(4), 
		 -> STR_92(4), STR_91(4), STR_90(4), STR_89(4), 
		 -> STR_88(4), STR_87(4), STR_86(4), STR_85(4), 
		 -> STR_84(4), STR_83(4), STR_82(4), STR_81(4), 
		 -> STR_80(4), STR_79(4), STR_78(4), STR_77(4), 
		 -> STR_76(4), STR_75(4), STR_74(4), STR_73(4), 
		 -> STR_72(4), STR_71(4), STR_70(4), STR_69(4), 
		 -> STR_68(4), STR_67(4), STR_66(4), STR_65(4), 
		 -> STR_64(4), STR_63(4), STR_62(4), STR_61(4), 
		 -> STR_60(4), STR_59(4), STR_58(4), STR_57(4), 
		 -> STR_56(4), STR_55(4), STR_54(4), STR_53(4), 
		 -> STR_52(4), STR_51(4), STR_50(4), STR_49(4), 
		 -> STR_48(4), STR_47(4), STR_46(4), STR_45(4), 
		 -> STR_44(4), STR_43(4), STR_42(4), STR_41(4), 
		 -> STR_40(4), STR_39(4), STR_38(4), STR_37(4), 
		 -> STR_36(4), STR_35(4), STR_34(4), STR_33(4), 
		 -> STR_32(4), STR_31(4), STR_30(4), STR_29(4), 
		 -> STR_28(4), STR_27(4), STR_26(4), STR_25(4), 
		 -> STR_24(4), STR_23(4), STR_22(4), STR_21(4), 
		 -> STR_20(4), STR_19(4), STR_18(4), STR_17(4), 
		 -> STR_16(4), STR_15(4), STR_14(4), STR_13(4), 
		 -> STR_12(4), STR_11(4), STR_10(4), STR_9(4), 
		 -> STR_8(4), STR_7(4), STR_6(4), STR_5(4), 
		 -> STR_4(4), STR_3(5), STR_2(5), STR_1(4), 
 Auto vars:     Size  Location     Type
  i               2   13[BANK0 ] int 
 Return value:  Size  Location     Type
                  1    wreg      void 
 Registers used:
		wreg, fsr0l, fsr0h, status,2, status,0, btemp+1, pclath, cstack
 Tracked objects:
		On entry : 
		On exit  : 
		Unchanged: 
 Data sizes:     COMMON   BANK0   BANK1   BANK3   BANK2
      Params:         0       2       0       0       0
      Locals:         0       2       0       0       0
      Temps:          0       3       0       0       0
      Totals:         0       7       0       0       0
Total ram usage:        7 bytes
 Hardware stack levels used:    1
 Hardware stack levels required when called:    6
 This function calls:
		_Lcd_Write_Char
 This function is called by:
		_SETUP
		_LCD
 This function uses a non-reentrant model


 *************** function _Lcd_Write_Char *****************
 Defined at:
		line 50 in file "LCD.c"
 Parameters:    Size  Location     Type
  a               1    wreg     unsigned char 
 Auto vars:     Size  Location     Type
  a               1    7[BANK0 ] unsigned char 
 Return value:  Size  Location     Type
                  1    wreg      void 
 Registers used:
		wreg, status,2, status,0, pclath, cstack
 Tracked objects:
		On entry : 
		On exit  : 
		Unchanged: 
 Data sizes:     COMMON   BANK0   BANK1   BANK3   BANK2
      Params:         0       0       0       0       0
      Locals:         0       1       0       0       0
      Temps:          0       1       0       0       0
      Totals:         0       2       0       0       0
Total ram usage:        2 bytes
 Hardware stack levels used:    1
 Hardware stack levels required when called:    5
 This function calls:
		_Lcd_Port
 This function is called by:
		_Lcd_Write_String
 This function uses a non-reentrant model


 *************** function _Lcd_Set_Cursor *****************
 Defined at:
		line 30 in file "LCD.c"
 Parameters:    Size  Location     Type
  a               1    wreg     unsigned char 
  b               1    9[BANK0 ] unsigned char 
 Auto vars:     Size  Location     Type
  a               1   11[BANK0 ] unsigned char 
  temp            1   12[BANK0 ] unsigned char 
 Return value:  Size  Location     Type
                  1    wreg      void 
 Registers used:
		wreg, status,2, status,0, pclath, cstack
 Tracked objects:
		On entry : 
		On exit  : 
		Unchanged: 
 Data sizes:     COMMON   BANK0   BANK1   BANK3   BANK2
      Params:         0       1       0       0       0
      Locals:         0       2       0       0       0
      Temps:          0       1       0       0       0
      Totals:         0       4       0       0       0
Total ram usage:        4 bytes
 Hardware stack levels used:    1
 Hardware stack levels required when called:    6
 This function calls:
		_Lcd_Cmd
 This function is called by:
		_SETUP
		_LCD
 This function uses a non-reentrant model


 *************** function _Lcd_Cmd *****************
 Defined at:
		line 16 in file "LCD.c"
 Parameters:    Size  Location     Type
  a               1    wreg     unsigned char 
 Auto vars:     Size  Location     Type
  a               1    8[BANK0 ] unsigned char 
 Return value:  Size  Location     Type
                  1    wreg      void 
 Registers used:
		wreg, status,2, status,0, pclath, cstack
 Tracked objects:
		On entry : 
		On exit  : 
		Unchanged: 
 Data sizes:     COMMON   BANK0   BANK1   BANK3   BANK2
      Params:         0       0       0       0       0
      Locals:         0       1       0       0       0
      Temps:          0       2       0       0       0
      Totals:         0       3       0       0       0
Total ram usage:        3 bytes
 Hardware stack levels used:    1
 Hardware stack levels required when called:    5
 This function calls:
		_Lcd_Port
 This function is called by:
		_Lcd_Set_Cursor
		_Lcd_Init
		_Lcd_Clear
		_Lcd_Shift_Right
		_Lcd_Shift_Left
 This function uses a non-reentrant model


 *************** function _Lcd_Port *****************
 Defined at:
		line 12 in file "LCD.c"
 Parameters:    Size  Location     Type
  a               1    wreg     unsigned char 
 Auto vars:     Size  Location     Type
  a               1    5[BANK0 ] unsigned char 
 Return value:  Size  Location     Type
                  1    wreg      void 
 Registers used:
		wreg
 Tracked objects:
		On entry : 
		On exit  : 
		Unchanged: 
 Data sizes:     COMMON   BANK0   BANK1   BANK3   BANK2
      Params:         0       0       0       0       0
      Locals:         0       1       0       0       0
      Temps:          0       0       0       0       0
      Totals:         0       1       0       0       0
Total ram usage:        1 bytes
 Hardware stack levels used:    1
 Hardware stack levels required when called:    4
 This function calls:
		Nothing
 This function is called by:
		_Lcd_Cmd
		_Lcd_Write_Char
 This function uses a non-reentrant model


 *************** function _CONV *****************
 Defined at:
		line 76 in file "LCD.c"
 Parameters:    Size  Location     Type
  numero          1    wreg     unsigned char 
 Auto vars:     Size  Location     Type
  numero          1    8[BANK0 ] unsigned char 
 Return value:  Size  Location     Type
                  2    5[BANK0 ] PTR const unsigned char 
 Registers used:
		wreg, fsr0l, fsr0h, status,2, status,0
 Tracked objects:
		On entry : 
		On exit  : 
		Unchanged: 
 Data sizes:     COMMON   BANK0   BANK1   BANK3   BANK2
      Params:         0       1       0       0       0
      Locals:         0       1       0       0       0
      Temps:          0       2       0       0       0
      Totals:         0       4       0       0       0
Total ram usage:        4 bytes
 Hardware stack levels used:    1
 Hardware stack levels required when called:    4
 This function calls:
		Nothing
 This function is called by:
		_main
 This function uses a non-reentrant model


 *************** function _isr *****************
 Defined at:
		line 70 in file "Principal_Master.c"
 Parameters:    Size  Location     Type
		None
 Auto vars:     Size  Location     Type
		None
 Return value:  Size  Location     Type
                  1    wreg      void 
 Registers used:
		wreg, fsr0l, fsr0h, status,2, status,0, pclath, cstack
 Tracked objects:
		On entry : 
		On exit  : 
		Unchanged: 
 Data sizes:     COMMON   BANK0   BANK1   BANK3   BANK2
      Params:         0       0       0       0       0
      Locals:         0       0       0       0       0
      Temps:          0       3       0       0       0
      Totals:         0       3       0       0       0
Total ram usage:        3 bytes
 Hardware stack levels used:    1
 Hardware stack levels required when called:    3
 This function calls:
		_TX
 This function is called by:
		Interrupt level 1
 This function uses a non-reentrant model


 *************** function _TX *****************
 Defined at:
		line 252 in file "Principal_Master.c"
 Parameters:    Size  Location     Type
		None
 Auto vars:     Size  Location     Type
		None
 Return value:  Size  Location     Type
                  1    wreg      unsigned char 
 Registers used:
		wreg, fsr0l, fsr0h, status,2, status,0, pclath, cstack
 Tracked objects:
		On entry : 
		On exit  : 
		Unchanged: 
 Data sizes:     COMMON   BANK0   BANK1   BANK3   BANK2
      Params:         0       0       0       0       0
      Locals:         0       0       0       0       0
      Temps:          0       2       0       0       0
      Totals:         0       2       0       0       0
Total ram usage:        2 bytes
 Hardware stack levels used:    1
 Hardware stack levels required when called:    2
 This function calls:
		_CONT_TO_CHARS
		_POT_TO_CHARS
		_TEMP_TO_CHARS
 This function is called by:
		_isr
 This function uses a non-reentrant model


 *************** function _TEMP_TO_CHARS *****************
 Defined at:
		line 242 in file "Principal_Master.c"
 Parameters:    Size  Location     Type
		None
 Auto vars:     Size  Location     Type
  valor           1   12[COMMON] unsigned char 
 Return value:  Size  Location     Type
                  1    wreg      void 
 Registers used:
		wreg, status,2, status,0, pclath, cstack
 Tracked objects:
		On entry : 
		On exit  : 
		Unchanged: 
 Data sizes:     COMMON   BANK0   BANK1   BANK3   BANK2
      Params:         0       0       0       0       0
      Locals:         1       0       0       0       0
      Temps:          3       0       0       0       0
      Totals:         4       0       0       0       0
Total ram usage:        4 bytes
 Hardware stack levels used:    1
 Hardware stack levels required when called:    1
 This function calls:
		___awdiv
		___awmod
 This function is called by:
		_TX
 This function uses a non-reentrant model


 *************** function _POT_TO_CHARS *****************
 Defined at:
		line 220 in file "Principal_Master.c"
 Parameters:    Size  Location     Type
		None
 Auto vars:     Size  Location     Type
  valor           1   12[COMMON] unsigned char 
 Return value:  Size  Location     Type
                  1    wreg      void 
 Registers used:
		wreg, status,2, status,0, pclath, cstack
 Tracked objects:
		On entry : 
		On exit  : 
		Unchanged: 
 Data sizes:     COMMON   BANK0   BANK1   BANK3   BANK2
      Params:         0       0       0       0       0
      Locals:         1       0       0       0       0
      Temps:          3       0       0       0       0
      Totals:         4       0       0       0       0
Total ram usage:        4 bytes
 Hardware stack levels used:    1
 Hardware stack levels required when called:    1
 This function calls:
		___awdiv
		___awmod
 This function is called by:
		_TX
 This function uses a non-reentrant model


 *************** function _CONT_TO_CHARS *****************
 Defined at:
		line 230 in file "Principal_Master.c"
 Parameters:    Size  Location     Type
		None
 Auto vars:     Size  Location     Type
  valor           1   12[COMMON] unsigned char 
 Return value:  Size  Location     Type
                  1    wreg      void 
 Registers used:
		wreg, status,2, status,0, pclath, cstack
 Tracked objects:
		On entry : 
		On exit  : 
		Unchanged: 
 Data sizes:     COMMON   BANK0   BANK1   BANK3   BANK2
      Params:         0       0       0       0       0
      Locals:         1       0       0       0       0
      Temps:          3       0       0       0       0
      Totals:         4       0       0       0       0
Total ram usage:        4 bytes
 Hardware stack levels used:    1
 Hardware stack levels required when called:    1
 This function calls:
		___awdiv
		___awmod
 This function is called by:
		_TX
 This function uses a non-reentrant model


 *************** function ___awmod *****************
 Defined at:
		line 5 in file "C:\Program Files\Microchip\xc8\v2.31\pic\sources\c90\common\awmod.c"
 Parameters:    Size  Location     Type
  divisor         2    0[COMMON] int 
  dividend        2    2[COMMON] int 
 Auto vars:     Size  Location     Type
  sign            1    6[COMMON] unsigned char 
  counter         1    5[COMMON] unsigned char 
 Return value:  Size  Location     Type
                  2    0[COMMON] int 
 Registers used:
		wreg, status,2, status,0
 Tracked objects:
		On entry : 
		On exit  : 
		Unchanged: 
 Data sizes:     COMMON   BANK0   BANK1   BANK3   BANK2
      Params:         4       0       0       0       0
      Locals:         2       0       0       0       0
      Temps:          1       0       0       0       0
      Totals:         7       0       0       0       0
Total ram usage:        7 bytes
 Hardware stack levels used:    1
 This function calls:
		Nothing
 This function is called by:
		_POT_TO_CHARS
		_CONT_TO_CHARS
		_TEMP_TO_CHARS
 This function uses a non-reentrant model


 *************** function ___awdiv *****************
 Defined at:
		line 5 in file "C:\Program Files\Microchip\xc8\v2.31\pic\sources\c90\common\awdiv.c"
 Parameters:    Size  Location     Type
  divisor         2    0[COMMON] int 
  dividend        2    2[COMMON] int 
 Auto vars:     Size  Location     Type
  quotient        2    7[COMMON] int 
  sign            1    6[COMMON] unsigned char 
  counter         1    5[COMMON] unsigned char 
 Return value:  Size  Location     Type
                  2    0[COMMON] int 
 Registers used:
		wreg, status,2, status,0
 Tracked objects:
		On entry : 
		On exit  : 
		Unchanged: 
 Data sizes:     COMMON   BANK0   BANK1   BANK3   BANK2
      Params:         4       0       0       0       0
      Locals:         4       0       0       0       0
      Temps:          1       0       0       0       0
      Totals:         9       0       0       0       0
Total ram usage:        9 bytes
 Hardware stack levels used:    1
 This function calls:
		Nothing
 This function is called by:
		_POT_TO_CHARS
		_CONT_TO_CHARS
		_TEMP_TO_CHARS
 This function uses a non-reentrant model



MODULE INFORMATION

Module		Function		Class		Link	Load	Size
USART.c
		_CONFIG_USART  		CODE           	16DA	0000	22

USART.c estimated size: 22

SPI_Master.c
		_READ_SPI      		CODE           	16CA	0000	16

SPI_Master.c estimated size: 16

C:\Program Files\Microchip\xc8\v2.31\pic\sources\c90\common\awmod.c
		___awmod       		CODE           	0C24	0000	89

C:\Program Files\Microchip\xc8\v2.31\pic\sources\c90\common\awmod.c estimated size: 89

C:\Program Files\Microchip\xc8\v2.31\pic\sources\c90\common\awdiv.c
		___awdiv       		CODE           	0D94	0000	103

C:\Program Files\Microchip\xc8\v2.31\pic\sources\c90\common\awdiv.c estimated size: 103

shared
		__stringtab    		STRING         	1000	0000	18
		__initialization		CODE           	0013	0000	10

shared estimated size: 28

Principal_Master.c
		_SETUP         		CODE           	0E6F	0000	138
		_LCD           		CODE           	1776	0000	68
		_main          		CODE           	0DFB	0000	116
		_TEMP_TO_CHARS 		CODE           	0D37	0000	93
		_LEER_S3       		CODE           	0C07	0000	29
		_POT_TO_CHARS  		CODE           	0CDA	0000	93
		_isr           		CODE           	16F0	0000	24
		_LEER_S2       		CODE           	1759	0000	29
		_CONT_TO_CHARS 		CODE           	0C7D	0000	93
		_TX            		CODE           	0731	0000	143
		_LEER_S1       		CODE           	173C	0000	29

Principal_Master.c estimated size: 855

LCD.c
		_Lcd_Write_String		CODE           	17BA	0000	70
		_Lcd_Init      		CODE           	07E6	0000	25
		_Lcd_Write_Char		CODE           	1708	0000	25
		_CONV          		CODE           	0EF9	0000	2068
		_Lcd_Cmd       		CODE           	1721	0000	27
		_Lcd_Set_Cursor		CODE           	07C0	0000	38
		_Lcd_Port      		CODE           	16BC	0000	6

LCD.c estimated size: 2259

