Microchip MPLAB XC8 Compiler V2.31

Linker command line:

-W-3 --edf=C:\Program Files\Microchip\xc8\v2.31\pic\dat\en_msgs.txt -cn \
  -h+dist/default/production\P1_Master.X.production.sym \
  --cmf=dist/default/production\P1_Master.X.production.cmf -z -Q16F887 \
  -oC:\Users\Gaby\AppData\Local\Temp\s9us.2 --defsym=__MPLAB_BUILD=1 \
  -Mdist/default/production/P1_Master.X.production.map -E1 \
  -ver=XC8 Compiler --acfsm=1493 -ASTACK=0110h-016Fh -pstack=STACK \
  -ACODE=00h-07FFhx4 -ASTRCODE=00h-01FFFh -ASTRING=00h-0FFhx32 \
  -ACONST=00h-0FFhx32 -AENTRY=00h-0FFhx32 -ACOMMON=070h-07Fh \
  -ABANK0=020h-06Fh -ABANK1=0A0h-0EFh -ABANK2=0110h-016Fh \
  -ABANK3=0190h-01EFh -ARAM=020h-06Fh,0A0h-0EFh,0110h-016Fh,0190h-01EFh \
  -AABS1=020h-07Fh,0A0h-0EFh,0110h-016Fh,0190h-01EFh -ASFR0=00h-01Fh \
  -ASFR1=080h-09Fh -ASFR2=0100h-010Fh -ASFR3=0180h-018Fh \
  -ACONFIG=02007h-02008h -DCONFIG=2 -AIDLOC=02000h-02003h -DIDLOC=2 \
  -AEEDATA=00h-0FFh/02100h -peeprom_data=EEDATA -DEEDATA=2 -DCODE=2 \
  -DSTRCODE=2 -DSTRING=2 -DCONST=2 -DENTRY=2 \
  -preset_vec=00h,intentry=04h,init,end_init -ppowerup=CODE -pcinit=CODE \
  -pfunctab=ENTRY -k C:\Users\Gaby\AppData\Local\Temp\s9us.o \
  dist/default/production\P1_Master.X.production.o 

Object code version is 3.11

Machine type is 16F887



                Name                               Link     Load   Length Selector   Space Scale
C:\Users\Gaby\AppData\Local\Temp\s9us.o
                end_init                              C        C        3        8       0
                reset_vec                             0        0        3        0       0
                config                             2007     2007        2        0       4
dist/default/production\P1_Master.X.production.o
                cinit                                 F        F       12        8       0
                intentry                              4        4        8        8       0
                text13_split_1                       21       21      710        8       0
                config                             2007     2007        2        0       4
                text15                              7FF      7FF        1        8       0
                text14                              DF0      DF0       1A     1BE0       0
                text13                              EFB      EFB      105     1DF6       0
                text12                              D70      D70        6     1AE0       0
                text11                              D8D      D8D       18     1B1A       0
                text10                              E25      E25       24     1C4A       0
                text9                               D76      D76       17     1AEC       0
                text8                               7A9      7A9       46        8       0
                text7                               E49      E49       42     1C92       0
                text6                               7EF      7EF       10        8       0
                text5                               DA5      DA5       19     1B4A       0
                text4                               DBE      DBE       19     1B7C       0
                text3                               E0A      E0A       1B     1C14       0
                text2                               DD7      DD7       19     1BAE       0
                text1                               731      731       78        8       0
                maintext                            E8B      E8B       70     1D16       0
                cstackBANK0                          2A       2A        6       20       1
                cstackCOMMON                         70       70        A       70       1
                bssBANK0                             20       20        A       20       1
                bssCOMMON                            7A       7A        2       70       1
                stringtext                          800      800      402       10       0
                strings                             C02      C02       12     1804       0

TOTAL           Name                               Link     Load   Length     Space
        CLASS   STACK          

        CLASS   CODE           
                end_init                              C        C        3         0
                cinit                                 F        F       12         0
                intentry                              4        4        8         0
                reset_vec                             0        0        3         0
                text13_split_1                       21       21      710         0
                text15                              7FF      7FF        1         0
                text14                              DF0      DF0       1A         0
                text13                              EFB      EFB      105         0
                text12                              D70      D70        6         0
                text11                              D8D      D8D       18         0
                text10                              E25      E25       24         0
                text9                               D76      D76       17         0
                text8                               7A9      7A9       46         0
                text7                               E49      E49       42         0
                text6                               7EF      7EF       10         0
                text5                               DA5      DA5       19         0
                text4                               DBE      DBE       19         0
                text3                               E0A      E0A       1B         0
                text2                               DD7      DD7       19         0
                text1                               731      731       78         0
                maintext                            E8B      E8B       70         0

        CLASS   STRCODE        
                stringtext                          800      800      402         0

        CLASS   STRING         
                strings                             C02      C02       12         0

        CLASS   CONST          

        CLASS   ENTRY          

        CLASS   COMMON         
                cstackCOMMON                         70       70        A         1
                bssCOMMON                            7A       7A        2         1

        CLASS   BANK0          
                cstackBANK0                          2A       2A        6         1
                bssBANK0                             20       20        A         1

        CLASS   BANK1          

        CLASS   BANK2          

        CLASS   BANK3          

        CLASS   RAM            

        CLASS   ABS1           
                abs_s1                               7E       7E        2         1

        CLASS   SFR0           

        CLASS   SFR1           

        CLASS   SFR2           

        CLASS   SFR3           

        CLASS   CONFIG         
                config                             2007     2007        2         4

        CLASS   IDLOC          

        CLASS   EEDATA         



SEGMENTS        Name                           Load    Length   Top    Selector   Space  Class     Delta

                reset_vec                      000000  000003  000003         0       0  CODE        2
                intentry                       000004  0007FC  000800         8       0  CODE        2
                bssBANK0                       000020  000010  000030        20       1  BANK0       1
                cstackCOMMON                   000070  00000C  00007C        70       1  COMMON      1
                stringtext                     000800  000402  000C02        10       0  STRCODE     2
                strings                        000C02  000012  000C14      1804       0  STRING      2
                text12                         000D70  000006  000D76      1AE0       0  CODE        2
                text9                          000D76  000017  000D8D      1AEC       0  CODE        2
                text11                         000D8D  000018  000DA5      1B1A       0  CODE        2
                text5                          000DA5  000019  000DBE      1B4A       0  CODE        2
                text4                          000DBE  000019  000DD7      1B7C       0  CODE        2
                text2                          000DD7  000019  000DF0      1BAE       0  CODE        2
                text14                         000DF0  00001A  000E0A      1BE0       0  CODE        2
                text3                          000E0A  00001B  000E25      1C14       0  CODE        2
                text10                         000E25  000024  000E49      1C4A       0  CODE        2
                text7                          000E49  000042  000E8B      1C92       0  CODE        2
                maintext                       000E8B  000070  000EFB      1D16       0  CODE        2
                text13                         000EFB  000105  001000      1DF6       0  CODE        2


UNUSED ADDRESS RANGES

        Name                Unused          Largest block    Delta
        BANK0            000030-00006F               40           1
        BANK1            0000A0-0000EF               50           1
        BANK2            000110-00016F               60           1
        BANK3            000190-0001EF               60           1
        CODE             000003-000003                1           2
                         000C14-000D6F              15C
                         001000-001FFF              800
        COMMON           00007C-00007D                2           1
        CONST            000003-000003                1           2
                         000C14-000D6F               EC
                         001000-001FFF              100
        EEDATA           002100-0021FF              100           2
        ENTRY            000003-000003                1           2
                         000C14-000D6F               EC
                         001000-001FFF              100
        IDLOC            002000-002003                4           2
        RAM              000030-00006F               40           1
                         0000A0-0000EF               50
                         000110-00016F               60
                         000190-0001EF               60
        SFR0             000000-00001F               20           1
        SFR1             000080-00009F               20           1
        SFR2             000100-00010F               10           1
        SFR3             000180-00018F               10           1
        STACK            000110-00016F               60           1
        STRCODE          000003-000003                1           2
                         000C14-000D6F              15C
                         001000-001FFF             1000
        STRING           000003-000003                1           2
                         000C14-000D6F               EC
                         001000-001FFF              100

                                  Symbol Table

?_CONV                     cstackCOMMON 000072
CONV@numero                cstackCOMMON 000075
Lcd_Cmd@a                  cstackCOMMON 000075
Lcd_Port@a                 cstackCOMMON 000072
Lcd_Set_Cursor@a           cstackCOMMON 000078
Lcd_Set_Cursor@b           cstackCOMMON 000076
Lcd_Set_Cursor@temp        cstackCOMMON 000079
Lcd_Write_Char@a           cstackCOMMON 000074
Lcd_Write_String@a         cstackCOMMON 000075
Lcd_Write_String@i         cstackBANK0  00002A
READ_SPI@data              cstackCOMMON 000073
_ANSEL                     (abs)        000188
_ANSELH                    (abs)        000189
_BAUDCTLbits               (abs)        000187
_CONT                      bssCOMMON    00007A
_CONT_r                    bssBANK0     000022
_CONV                      text13       000EFB
_INTCONbits                (abs)        00000B
_LCD                       text7        000E49
_LEER_S1                   text5        000DA5
_LEER_S2                   text4        000DBE
_LEER_S3                   text3        000E0A
_Lcd_Cmd                   text11       000D8D
_Lcd_Init                  text2        000DD7
_Lcd_Port                  text12       000D70
_Lcd_Set_Cursor            text10       000E25
_Lcd_Write_Char            text9        000D76
_Lcd_Write_String          text8        0007A9
_PIE1bits                  (abs)        00008C
_PIR1bits                  (abs)        00000C
_PORTA                     (abs)        000005
_PORTB                     (abs)        000006
_PORTC                     (abs)        000007
_PORTCbits                 (abs)        000007
_PORTD                     (abs)        000008
_PORTE                     (abs)        000009
_PORTEbits                 (abs)        000009
_POTENCIOMETRO             bssCOMMON    00007B
_POT_r                     bssBANK0     000024
_RCSTAbits                 (abs)        000018
_READ_SPI                  text6        0007EF
_SETUP                     text1        000731
_SPBRG                     (abs)        000099
_SPBRGH                    (abs)        00009A
_SSPBUF                    (abs)        000013
_SSPCON                    (abs)        000014
_SSPCONbits                (abs)        000014
_SSPSTAT                   (abs)        000094
_SSPSTATbits               (abs)        000094
_TEMPERATURA               bssBANK0     000026
_TEMP_r                    bssBANK0     000020
_TRANSMITIR_INFO           text15       0007FF
_TRISA                     (abs)        000085
_TRISB                     (abs)        000086
_TRISC                     (abs)        000087
_TRISCbits                 (abs)        000087
_TRISD                     (abs)        000088
_TRISE                     (abs)        000089
_TXREG                     (abs)        000019
_TXSTAbits                 (abs)        000098
__Habs1                    abs1         000000
__Hbank0                   bank0        000000
__Hbank1                   bank1        000000
__Hbank2                   bank2        000000
__Hbank3                   bank3        000000
__HbssBANK0                bssBANK0     000000
__HbssCOMMON               bssCOMMON    000000
__Hcinit                   cinit        000021
__Hclrtext                 clrtext      000000
__Hcode                    code         000000
__Hcommon                  common       000000
__Hconfig                  config       002009
__HcstackBANK0             cstackBANK0  000000
__HcstackCOMMON            cstackCOMMON 000000
__Heeprom_data             eeprom_data  000000
__Hend_init                end_init     00000F
__Hfunctab                 functab      000000
__Hinit                    init         00000C
__Hintentry                intentry     00000C
__Hmaintext                maintext     000000
__Hpowerup                 powerup      000000
__Hram                     ram          000000
__Hreset_vec               reset_vec    000003
__Hsfr0                    sfr0         000000
__Hsfr1                    sfr1         000000
__Hsfr2                    sfr2         000000
__Hsfr3                    sfr3         000000
__Hspace_0                 (abs)        001000
__Hspace_1                 (abs)        00007C
__Hspace_2                 (abs)        000000
__Hspace_3                 (abs)        000000
__Hspace_4                 (abs)        004010
__Hstack                   stack        000000
__Hstrings                 strings      000000
__Hstringtext              stringtext   000000
__Htext                    text         000000
__Labs1                    abs1         000000
__Lbank0                   bank0        000000
__Lbank1                   bank1        000000
__Lbank2                   bank2        000000
__Lbank3                   bank3        000000
__LbssBANK0                bssBANK0     000000
__LbssCOMMON               bssCOMMON    000000
__Lcinit                   cinit        00000F
__Lclrtext                 clrtext      000000
__Lcode                    code         000000
__Lcommon                  common       000000
__Lconfig                  config       000000
__LcstackBANK0             cstackBANK0  000000
__LcstackCOMMON            cstackCOMMON 000000
__Leeprom_data             eeprom_data  000000
__Lend_init                end_init     00000C
__Lfunctab                 functab      000000
__Linit                    init         00000C
__Lintentry                intentry     000004
__Lmaintext                maintext     000000
__Lpowerup                 powerup      000000
__Lram                     ram          000000
__Lreset_vec               reset_vec    000000
__Lsfr0                    sfr0         000000
__Lsfr1                    sfr1         000000
__Lsfr2                    sfr2         000000
__Lsfr3                    sfr3         000000
__Lspace_0                 (abs)        000000
__Lspace_1                 (abs)        000000
__Lspace_2                 (abs)        000000
__Lspace_3                 (abs)        000000
__Lspace_4                 (abs)        000000
__Lstack                   stack        000000
__Lstrings                 strings      000000
__Lstringtext              stringtext   000000
__Ltext                    text         000000
__S0                       (abs)        001000
__S1                       (abs)        00007C
__S2                       (abs)        000000
__S3                       (abs)        000000
___int_sp                  stack        000000
___latbits                 (abs)        000002
___sp                      stack        000000
___stackhi                 (abs)        000000
___stacklo                 (abs)        000000
__end_of_CONV              text13_split_1 00072E
__end_of_LCD               text7        000E8B
__end_of_LEER_S1           text5        000DBE
__end_of_LEER_S2           text4        000DD7
__end_of_LEER_S3           text3        000E25
__end_of_Lcd_Cmd           text11       000DA5
__end_of_Lcd_Init          text2        000DF0
__end_of_Lcd_Port          text12       000D76
__end_of_Lcd_Set_Cursor    text10       000E49
__end_of_Lcd_Write_Char    text9        000D8D
__end_of_Lcd_Write_String  text8        0007EF
__end_of_READ_SPI          text6        0007FF
__end_of_SETUP             text1        0007A9
__end_of_TRANSMITIR_INFO   text15       000800
__end_of__initialization   cinit        00001D
__end_of__stringtab        strings      000C14
__end_of_isr               text14       000E0A
__end_of_main              maintext     000EFB
__initialization           cinit        00000F
__pbssBANK0                bssBANK0     000020
__pbssCOMMON               bssCOMMON    00007A
__pcstackBANK0             cstackBANK0  00002A
__pcstackCOMMON            cstackCOMMON 000070
__pintentry                intentry     000004
__pmaintext                maintext     000E8B
__pstrings                 strings      000C02
__pstringtext              stringtext   000800
__ptext1                   text1        000731
__ptext10                  text10       000E25
__ptext11                  text11       000D8D
__ptext12                  text12       000D70
__ptext13                  text13       000EFB
__ptext14                  text14       000DF0
__ptext15                  text15       0007FF
__ptext2                   text2        000DD7
__ptext3                   text3        000E0A
__ptext4                   text4        000DBE
__ptext5                   text5        000DA5
__ptext6                   text6        0007EF
__ptext7                   text7        000E49
__ptext8                   text8        0007A9
__ptext9                   text9        000D76
__size_of_CONV             (abs)        000000
__size_of_LCD              (abs)        000000
__size_of_LEER_S1          (abs)        000000
__size_of_LEER_S2          (abs)        000000
__size_of_LEER_S3          (abs)        000000
__size_of_Lcd_Cmd          (abs)        000000
__size_of_Lcd_Init         (abs)        000000
__size_of_Lcd_Port         (abs)        000000
__size_of_Lcd_Set_Cursor   (abs)        000000
__size_of_Lcd_Write_Char   (abs)        000000
__size_of_Lcd_Write_String (abs)        000000
__size_of_READ_SPI         (abs)        000000
__size_of_SETUP            (abs)        000000
__size_of_TRANSMITIR_INFO  (abs)        000000
__size_of_isr              (abs)        000000
__size_of_main             (abs)        000000
__stringbase               strings      000C14
__stringtab                strings      000C02
_isr                       text14       000DF0
_main                      maintext     000E8B
btemp                      (abs)        00007E
end_of_initialization      cinit        00001D
interrupt_function         intentry     000004
intlevel0                  functab      000000
intlevel1                  functab      000000
intlevel2                  functab      000000
intlevel3                  functab      000000
intlevel4                  functab      000000
intlevel5                  functab      000000
pnum$text13                (abs)        000016
pnum$text13_split_1        (abs)        00001B
psplit$0                   (abs)        16001B
reset_vec                  reset_vec    000000
saved_w                    (abs)        00007E
start                      init         00000C
start_initialization       cinit        00000F
wtemp0                     (abs)        00007E


FUNCTION INFORMATION:

 *************** function _main *****************
 Defined at:
		line 68 in file "Principal_Master.c"
 Parameters:    Size  Location     Type
		None
 Auto vars:     Size  Location     Type
		None
 Return value:  Size  Location     Type
                  1    wreg      void 
 Registers used:
		wreg, fsr0l, fsr0h, status,2, status,0, btemp+1, pclath, cstack
 Tracked objects:
		On entry : 
		On exit  : 
		Unchanged: 
 Data sizes:     COMMON   BANK0   BANK1   BANK3   BANK2
      Params:         0       0       0       0       0
      Locals:         0       0       0       0       0
      Temps:          0       3       0       0       0
      Totals:         0       3       0       0       0
Total ram usage:        3 bytes
 Hardware stack levels required when called:    6
 This function calls:
		_CONV
		_LCD
		_LEER_S1
		_LEER_S2
		_LEER_S3
		_SETUP
 This function is called by:
		Startup code after reset
 This function uses a non-reentrant model


 *************** function _SETUP *****************
 Defined at:
		line 97 in file "Principal_Master.c"
 Parameters:    Size  Location     Type
		None
 Auto vars:     Size  Location     Type
		None
 Return value:  Size  Location     Type
                  1    wreg      void 
 Registers used:
		wreg, fsr0l, fsr0h, status,2, status,0, btemp+1, pclath, cstack
 Tracked objects:
		On entry : 
		On exit  : 
		Unchanged: 
 Data sizes:     COMMON   BANK0   BANK1   BANK3   BANK2
      Params:         0       0       0       0       0
      Locals:         0       0       0       0       0
      Temps:          0       1       0       0       0
      Totals:         0       1       0       0       0
Total ram usage:        1 bytes
 Hardware stack levels used:    1
 Hardware stack levels required when called:    5
 This function calls:
		_Lcd_Init
		_Lcd_Set_Cursor
		_Lcd_Write_String
 This function is called by:
		_main
 This function uses a non-reentrant model


 *************** function _Lcd_Init *****************
 Defined at:
		line 42 in file "LCD.c"
 Parameters:    Size  Location     Type
		None
 Auto vars:     Size  Location     Type
		None
 Return value:  Size  Location     Type
                  1    wreg      void 
 Registers used:
		wreg, status,2, status,0, pclath, cstack
 Tracked objects:
		On entry : 
		On exit  : 
		Unchanged: 
 Data sizes:     COMMON   BANK0   BANK1   BANK3   BANK2
      Params:         0       0       0       0       0
      Locals:         0       0       0       0       0
      Temps:          0       0       0       0       0
      Totals:         0       0       0       0       0
Total ram usage:        0 bytes
 Hardware stack levels used:    1
 Hardware stack levels required when called:    4
 This function calls:
		_Lcd_Cmd
 This function is called by:
		_SETUP
 This function uses a non-reentrant model


 *************** function _LEER_S3 *****************
 Defined at:
		line 188 in file "Principal_Master.c"
 Parameters:    Size  Location     Type
		None
 Auto vars:     Size  Location     Type
		None
 Return value:  Size  Location     Type
                  1    wreg      void 
 Registers used:
		wreg, pclath, cstack
 Tracked objects:
		On entry : 
		On exit  : 
		Unchanged: 
 Data sizes:     COMMON   BANK0   BANK1   BANK3   BANK2
      Params:         0       0       0       0       0
      Locals:         0       0       0       0       0
      Temps:          2       0       0       0       0
      Totals:         2       0       0       0       0
Total ram usage:        2 bytes
 Hardware stack levels used:    1
 Hardware stack levels required when called:    3
 This function calls:
		_READ_SPI
 This function is called by:
		_main
 This function uses a non-reentrant model


 *************** function _LEER_S2 *****************
 Defined at:
		line 176 in file "Principal_Master.c"
 Parameters:    Size  Location     Type
		None
 Auto vars:     Size  Location     Type
		None
 Return value:  Size  Location     Type
                  1    wreg      void 
 Registers used:
		wreg, pclath, cstack
 Tracked objects:
		On entry : 
		On exit  : 
		Unchanged: 
 Data sizes:     COMMON   BANK0   BANK1   BANK3   BANK2
      Params:         0       0       0       0       0
      Locals:         0       0       0       0       0
      Temps:          2       0       0       0       0
      Totals:         2       0       0       0       0
Total ram usage:        2 bytes
 Hardware stack levels used:    1
 Hardware stack levels required when called:    3
 This function calls:
		_READ_SPI
 This function is called by:
		_main
 This function uses a non-reentrant model


 *************** function _LEER_S1 *****************
 Defined at:
		line 163 in file "Principal_Master.c"
 Parameters:    Size  Location     Type
		None
 Auto vars:     Size  Location     Type
		None
 Return value:  Size  Location     Type
                  1    wreg      void 
 Registers used:
		wreg, pclath, cstack
 Tracked objects:
		On entry : 
		On exit  : 
		Unchanged: 
 Data sizes:     COMMON   BANK0   BANK1   BANK3   BANK2
      Params:         0       0       0       0       0
      Locals:         0       0       0       0       0
      Temps:          2       0       0       0       0
      Totals:         2       0       0       0       0
Total ram usage:        2 bytes
 Hardware stack levels used:    1
 Hardware stack levels required when called:    3
 This function calls:
		_READ_SPI
 This function is called by:
		_main
 This function uses a non-reentrant model


 *************** function _READ_SPI *****************
 Defined at:
		line 33 in file "SPI_Master.c"
 Parameters:    Size  Location     Type
  data            1    wreg     unsigned char 
 Auto vars:     Size  Location     Type
  data            1    3[COMMON] unsigned char 
  dummy           1    0        unsigned char 
 Return value:  Size  Location     Type
                  1    wreg      unsigned char 
 Registers used:
		wreg
 Tracked objects:
		On entry : 
		On exit  : 
		Unchanged: 
 Data sizes:     COMMON   BANK0   BANK1   BANK3   BANK2
      Params:         0       0       0       0       0
      Locals:         2       0       0       0       0
      Temps:          0       0       0       0       0
      Totals:         2       0       0       0       0
Total ram usage:        2 bytes
 Hardware stack levels used:    1
 Hardware stack levels required when called:    2
 This function calls:
		Nothing
 This function is called by:
		_LEER_S1
		_LEER_S2
		_LEER_S3
 This function uses a non-reentrant model


 *************** function _LCD *****************
 Defined at:
		line 148 in file "Principal_Master.c"
 Parameters:    Size  Location     Type
		None
 Auto vars:     Size  Location     Type
		None
 Return value:  Size  Location     Type
                  1    wreg      void 
 Registers used:
		wreg, fsr0l, fsr0h, status,2, status,0, btemp+1, pclath, cstack
 Tracked objects:
		On entry : 
		On exit  : 
		Unchanged: 
 Data sizes:     COMMON   BANK0   BANK1   BANK3   BANK2
      Params:         0       0       0       0       0
      Locals:         0       0       0       0       0
      Temps:          0       1       0       0       0
      Totals:         0       1       0       0       0
Total ram usage:        1 bytes
 Hardware stack levels used:    1
 Hardware stack levels required when called:    5
 This function calls:
		_Lcd_Set_Cursor
		_Lcd_Write_String
 This function is called by:
		_main
 This function uses a non-reentrant model


 *************** function _Lcd_Write_String *****************
 Defined at:
		line 60 in file "LCD.c"
 Parameters:    Size  Location     Type
  a               2    5[COMMON] PTR unsigned char 
		 -> NULL(0), STR_259(4), STR_258(4), STR_257(4), 
		 -> STR_256(4), STR_255(4), STR_254(4), STR_253(4), 
		 -> STR_252(4), STR_251(4), STR_250(4), STR_249(4), 
		 -> STR_248(4), STR_247(4), STR_246(4), STR_245(4), 
		 -> STR_244(4), STR_243(4), STR_242(4), STR_241(4), 
		 -> STR_240(4), STR_239(4), STR_238(4), STR_237(4), 
		 -> STR_236(4), STR_235(4), STR_234(4), STR_233(4), 
		 -> STR_232(4), STR_231(4), STR_230(4), STR_229(4), 
		 -> STR_228(4), STR_227(4), STR_226(4), STR_225(4), 
		 -> STR_224(4), STR_223(4), STR_222(4), STR_221(4), 
		 -> STR_220(4), STR_219(4), STR_218(4), STR_217(4), 
		 -> STR_216(4), STR_215(4), STR_214(4), STR_213(4), 
		 -> STR_212(4), STR_211(4), STR_210(4), STR_209(4), 
		 -> STR_208(4), STR_207(4), STR_206(4), STR_205(4), 
		 -> STR_204(3), STR_203(4), STR_202(4), STR_201(4), 
		 -> STR_200(4), STR_199(4), STR_198(4), STR_197(4), 
		 -> STR_196(4), STR_195(4), STR_194(4), STR_193(4), 
		 -> STR_192(4), STR_191(4), STR_190(4), STR_189(4), 
		 -> STR_188(4), STR_187(4), STR_186(4), STR_185(4), 
		 -> STR_184(4), STR_183(4), STR_182(4), STR_181(4), 
		 -> STR_180(4), STR_179(4), STR_178(4), STR_177(4), 
		 -> STR_176(4), STR_175(4), STR_174(4), STR_173(4), 
		 -> STR_172(4), STR_171(4), STR_170(4), STR_169(4), 
		 -> STR_168(4), STR_167(4), STR_166(4), STR_165(4), 
		 -> STR_164(4), STR_163(4), STR_162(4), STR_161(4), 
		 -> STR_160(4), STR_159(4), STR_158(4), STR_157(2), 
		 -> STR_156(2), STR_155(4), STR_154(4), STR_153(4), 
		 -> STR_152(4), STR_151(4), STR_150(4), STR_149(4), 
		 -> STR_148(4), STR_147(4), STR_146(4), STR_145(4), 
		 -> STR_144(4), STR_143(4), STR_142(4), STR_141(4), 
		 -> STR_140(4), STR_139(4), STR_138(4), STR_137(4), 
		 -> STR_136(4), STR_135(4), STR_134(4), STR_133(4), 
		 -> STR_132(4), STR_131(4), STR_130(4), STR_129(4), 
		 -> STR_128(4), STR_127(4), STR_126(4), STR_125(4), 
		 -> STR_124(4), STR_123(4), STR_122(4), STR_121(4), 
		 -> STR_120(4), STR_119(4), STR_118(4), STR_117(4), 
		 -> STR_116(4), STR_115(4), STR_114(4), STR_113(4), 
		 -> STR_112(4), STR_111(4), STR_110(4), STR_109(4), 
		 -> STR_108(4), STR_107(4), STR_106(4), STR_105(4), 
		 -> STR_104(4), STR_103(4), STR_102(4), STR_101(4), 
		 -> STR_100(4), STR_99(4), STR_98(4), STR_97(4), 
		 -> STR_96(4), STR_95(4), STR_94(4), STR_93(4), 
		 -> STR_92(4), STR_91(4), STR_90(4), STR_89(4), 
		 -> STR_88(4), STR_87(4), STR_86(4), STR_85(4), 
		 -> STR_84(4), STR_83(4), STR_82(4), STR_81(4), 
		 -> STR_80(4), STR_79(4), STR_78(4), STR_77(4), 
		 -> STR_76(4), STR_75(4), STR_74(4), STR_73(4), 
		 -> STR_72(4), STR_71(4), STR_70(4), STR_69(4), 
		 -> STR_68(4), STR_67(4), STR_66(4), STR_65(4), 
		 -> STR_64(4), STR_63(4), STR_62(4), STR_61(4), 
		 -> STR_60(4), STR_59(4), STR_58(4), STR_57(4), 
		 -> STR_56(4), STR_55(4), STR_54(4), STR_53(4), 
		 -> STR_52(4), STR_51(4), STR_50(4), STR_49(4), 
		 -> STR_48(4), STR_47(4), STR_46(4), STR_45(4), 
		 -> STR_44(4), STR_43(4), STR_42(4), STR_41(4), 
		 -> STR_40(4), STR_39(4), STR_38(4), STR_37(4), 
		 -> STR_36(4), STR_35(4), STR_34(4), STR_33(4), 
		 -> STR_32(4), STR_31(4), STR_30(4), STR_29(4), 
		 -> STR_28(4), STR_27(4), STR_26(4), STR_25(4), 
		 -> STR_24(4), STR_23(4), STR_22(4), STR_21(4), 
		 -> STR_20(4), STR_19(4), STR_18(4), STR_17(4), 
		 -> STR_16(4), STR_15(4), STR_14(4), STR_13(4), 
		 -> STR_12(4), STR_11(4), STR_10(4), STR_9(4), 
		 -> STR_8(4), STR_7(4), STR_6(4), STR_5(4), 
		 -> STR_4(4), STR_3(5), STR_2(5), STR_1(4), 
 Auto vars:     Size  Location     Type
  i               2    0[BANK0 ] int 
 Return value:  Size  Location     Type
                  1    wreg      void 
 Registers used:
		wreg, fsr0l, fsr0h, status,2, status,0, btemp+1, pclath, cstack
 Tracked objects:
		On entry : 
		On exit  : 
		Unchanged: 
 Data sizes:     COMMON   BANK0   BANK1   BANK3   BANK2
      Params:         2       0       0       0       0
      Locals:         0       2       0       0       0
      Temps:          3       0       0       0       0
      Totals:         5       2       0       0       0
Total ram usage:        7 bytes
 Hardware stack levels used:    1
 Hardware stack levels required when called:    4
 This function calls:
		_Lcd_Write_Char
 This function is called by:
		_SETUP
		_LCD
 This function uses a non-reentrant model


 *************** function _Lcd_Write_Char *****************
 Defined at:
		line 50 in file "LCD.c"
 Parameters:    Size  Location     Type
  a               1    wreg     unsigned char 
 Auto vars:     Size  Location     Type
  a               1    4[COMMON] unsigned char 
 Return value:  Size  Location     Type
                  1    wreg      void 
 Registers used:
		wreg, status,2, status,0, pclath, cstack
 Tracked objects:
		On entry : 
		On exit  : 
		Unchanged: 
 Data sizes:     COMMON   BANK0   BANK1   BANK3   BANK2
      Params:         0       0       0       0       0
      Locals:         1       0       0       0       0
      Temps:          1       0       0       0       0
      Totals:         2       0       0       0       0
Total ram usage:        2 bytes
 Hardware stack levels used:    1
 Hardware stack levels required when called:    3
 This function calls:
		_Lcd_Port
 This function is called by:
		_Lcd_Write_String
 This function uses a non-reentrant model


 *************** function _Lcd_Set_Cursor *****************
 Defined at:
		line 30 in file "LCD.c"
 Parameters:    Size  Location     Type
  a               1    wreg     unsigned char 
  b               1    6[COMMON] unsigned char 
 Auto vars:     Size  Location     Type
  a               1    8[COMMON] unsigned char 
  temp            1    9[COMMON] unsigned char 
 Return value:  Size  Location     Type
                  1    wreg      void 
 Registers used:
		wreg, status,2, status,0, pclath, cstack
 Tracked objects:
		On entry : 
		On exit  : 
		Unchanged: 
 Data sizes:     COMMON   BANK0   BANK1   BANK3   BANK2
      Params:         1       0       0       0       0
      Locals:         2       0       0       0       0
      Temps:          1       0       0       0       0
      Totals:         4       0       0       0       0
Total ram usage:        4 bytes
 Hardware stack levels used:    1
 Hardware stack levels required when called:    4
 This function calls:
		_Lcd_Cmd
 This function is called by:
		_SETUP
		_LCD
 This function uses a non-reentrant model


 *************** function _Lcd_Cmd *****************
 Defined at:
		line 16 in file "LCD.c"
 Parameters:    Size  Location     Type
  a               1    wreg     unsigned char 
 Auto vars:     Size  Location     Type
  a               1    5[COMMON] unsigned char 
 Return value:  Size  Location     Type
                  1    wreg      void 
 Registers used:
		wreg, status,2, status,0, pclath, cstack
 Tracked objects:
		On entry : 
		On exit  : 
		Unchanged: 
 Data sizes:     COMMON   BANK0   BANK1   BANK3   BANK2
      Params:         0       0       0       0       0
      Locals:         1       0       0       0       0
      Temps:          2       0       0       0       0
      Totals:         3       0       0       0       0
Total ram usage:        3 bytes
 Hardware stack levels used:    1
 Hardware stack levels required when called:    3
 This function calls:
		_Lcd_Port
 This function is called by:
		_Lcd_Set_Cursor
		_Lcd_Init
		_Lcd_Clear
		_Lcd_Shift_Right
		_Lcd_Shift_Left
 This function uses a non-reentrant model


 *************** function _Lcd_Port *****************
 Defined at:
		line 12 in file "LCD.c"
 Parameters:    Size  Location     Type
  a               1    wreg     unsigned char 
 Auto vars:     Size  Location     Type
  a               1    2[COMMON] unsigned char 
 Return value:  Size  Location     Type
                  1    wreg      void 
 Registers used:
		wreg
 Tracked objects:
		On entry : 
		On exit  : 
		Unchanged: 
 Data sizes:     COMMON   BANK0   BANK1   BANK3   BANK2
      Params:         0       0       0       0       0
      Locals:         1       0       0       0       0
      Temps:          0       0       0       0       0
      Totals:         1       0       0       0       0
Total ram usage:        1 bytes
 Hardware stack levels used:    1
 Hardware stack levels required when called:    2
 This function calls:
		Nothing
 This function is called by:
		_Lcd_Cmd
		_Lcd_Write_Char
 This function uses a non-reentrant model


 *************** function _CONV *****************
 Defined at:
		line 76 in file "LCD.c"
 Parameters:    Size  Location     Type
  numero          1    wreg     unsigned char 
 Auto vars:     Size  Location     Type
  numero          1    5[COMMON] unsigned char 
 Return value:  Size  Location     Type
                  2    2[COMMON] PTR const unsigned char 
 Registers used:
		wreg, fsr0l, fsr0h, status,2, status,0
 Tracked objects:
		On entry : 
		On exit  : 
		Unchanged: 
 Data sizes:     COMMON   BANK0   BANK1   BANK3   BANK2
      Params:         1       0       0       0       0
      Locals:         1       0       0       0       0
      Temps:          2       0       0       0       0
      Totals:         4       0       0       0       0
Total ram usage:        4 bytes
 Hardware stack levels used:    1
 Hardware stack levels required when called:    2
 This function calls:
		Nothing
 This function is called by:
		_main
 This function uses a non-reentrant model


 *************** function _isr *****************
 Defined at:
		line 56 in file "Principal_Master.c"
 Parameters:    Size  Location     Type
		None
 Auto vars:     Size  Location     Type
		None
 Return value:  Size  Location     Type
                  1    wreg      void 
 Registers used:
		wreg, pclath, cstack
 Tracked objects:
		On entry : 
		On exit  : 
		Unchanged: 
 Data sizes:     COMMON   BANK0   BANK1   BANK3   BANK2
      Params:         0       0       0       0       0
      Locals:         0       0       0       0       0
      Temps:          2       0       0       0       0
      Totals:         2       0       0       0       0
Total ram usage:        2 bytes
 Hardware stack levels used:    1
 Hardware stack levels required when called:    1
 This function calls:
		_TRANSMITIR_INFO
 This function is called by:
		Interrupt level 1
 This function uses a non-reentrant model


 *************** function _TRANSMITIR_INFO *****************
 Defined at:
		line 200 in file "Principal_Master.c"
 Parameters:    Size  Location     Type
		None
 Auto vars:     Size  Location     Type
		None
 Return value:  Size  Location     Type
                  1    wreg      unsigned char 
 Registers used:
		None
 Tracked objects:
		On entry : 
		On exit  : 
		Unchanged: 
 Data sizes:     COMMON   BANK0   BANK1   BANK3   BANK2
      Params:         0       0       0       0       0
      Locals:         0       0       0       0       0
      Temps:          0       0       0       0       0
      Totals:         0       0       0       0       0
Total ram usage:        0 bytes
 Hardware stack levels used:    1
 This function calls:
		Nothing
 This function is called by:
		_isr
 This function uses a non-reentrant model



MODULE INFORMATION

Module		Function		Class		Link	Load	Size
SPI_Master.c
		_READ_SPI      		CODE           	07EF	0000	16

SPI_Master.c estimated size: 16

shared
		__stringtab    		STRING         	0C02	0000	18
		__initialization		CODE           	000F	0000	14

shared estimated size: 32

Principal_Master.c
		_SETUP         		CODE           	0731	0000	120
		_LCD           		CODE           	0E49	0000	66
		_main          		CODE           	0E8B	0000	112
		_LEER_S3       		CODE           	0E0A	0000	27
		_isr           		CODE           	0DF0	0000	26
		_TRANSMITIR_INFO		CODE           	07FF	0000	1
		_LEER_S2       		CODE           	0DBE	0000	25
		_LEER_S1       		CODE           	0DA5	0000	25

Principal_Master.c estimated size: 402

LCD.c
		_Lcd_Write_String		CODE           	07A9	0000	70
		_Lcd_Init      		CODE           	0DD7	0000	25
		_Lcd_Write_Char		CODE           	0D76	0000	23
		_CONV          		CODE           	0EFB	0000	2066
		_Lcd_Cmd       		CODE           	0D8D	0000	24
		_Lcd_Set_Cursor		CODE           	0E25	0000	36
		_Lcd_Port      		CODE           	0D70	0000	6

LCD.c estimated size: 2250

