Microchip MPLAB XC8 Compiler V2.31

Linker command line:

-W-3 --edf=C:\Program Files\Microchip\xc8\v2.31\pic\dat\en_msgs.txt -cn \
  -h+dist/default/production\Labdos.X.production.sym \
  --cmf=dist/default/production\Labdos.X.production.cmf -z -Q16F887 \
  -oC:\Users\Gaby\AppData\Local\Temp\saa8.2 --defsym=__MPLAB_BUILD=1 \
  -Mdist/default/production/Labdos.X.production.map -E1 -ver=XC8 Compiler \
  --acfsm=1493 -ASTACK=0110h-016Fh -pstack=STACK -ACODE=00h-07FFhx4 \
  -ASTRCODE=00h-01FFFh -ASTRING=00h-0FFhx32 -ACONST=00h-0FFhx32 \
  -AENTRY=00h-0FFhx32 -ACOMMON=070h-07Fh -ABANK0=020h-06Fh \
  -ABANK1=0A0h-0EFh -ABANK2=0110h-016Fh -ABANK3=0190h-01EFh \
  -ARAM=020h-06Fh,0A0h-0EFh,0110h-016Fh,0190h-01EFh \
  -AABS1=020h-07Fh,0A0h-0EFh,0110h-016Fh,0190h-01EFh -ASFR0=00h-01Fh \
  -ASFR1=080h-09Fh -ASFR2=0100h-010Fh -ASFR3=0180h-018Fh \
  -ACONFIG=02007h-02008h -DCONFIG=2 -AIDLOC=02000h-02003h -DIDLOC=2 \
  -AEEDATA=00h-0FFh/02100h -peeprom_data=EEDATA -DEEDATA=2 -DCODE=2 \
  -DSTRCODE=2 -DSTRING=2 -DCONST=2 -DENTRY=2 \
  -preset_vec=00h,intentry=04h,init,end_init -ppowerup=CODE -pcinit=CODE \
  -pfunctab=ENTRY -k C:\Users\Gaby\AppData\Local\Temp\saa8.o \
  dist/default/production\Labdos.X.production.o 

Object code version is 3.11

Machine type is 16F887



                Name                               Link     Load   Length Selector   Space Scale
C:\Users\Gaby\AppData\Local\Temp\saa8.o
                end_init                              E        E        3        8       0
                reset_vec                             0        0        3        0       0
                config                             2007     2007        2        0       4
dist/default/production\Labdos.X.production.o
                cinit                                11       11       19        8       0
                intentry                              4        4        A        8       0
                config                             2007     2007        2        0       4
                text9                               2DE      2DE       2C        8       0
                text8                               222      222       44        8       0
                text7                               34C      34C       15        8       0
                text6                                2A       2A       EA        8       0
                text5                               30A      30A       24        8       0
                text4                               114      114       A2        8       0
                text3                               32E      32E       1E        8       0
                text2                               2A2      2A2       3C        8       0
                text1                               266      266       3C        8       0
                maintext                            1B6      1B6       6C        8       0
                cstackBANK0                          31       31        8       20       1
                cstackCOMMON                         70       70        A       70       1
                inittext                            361      361       13        8       0
                dataBANK0                            20       20       11       20       1
                bssBANK0                             39       39        3       20       1
                bssCOMMON                            7A       7A        4       70       1
                idataBANK0                          374      374       11        8       0

TOTAL           Name                               Link     Load   Length     Space
        CLASS   STACK          

        CLASS   CODE           
                end_init                              E        E        3         0
                cinit                                11       11       19         0
                intentry                              4        4        A         0
                reset_vec                             0        0        3         0
                text9                               2DE      2DE       2C         0
                text8                               222      222       44         0
                text7                               34C      34C       15         0
                text6                                2A       2A       EA         0
                text5                               30A      30A       24         0
                text4                               114      114       A2         0
                text3                               32E      32E       1E         0
                text2                               2A2      2A2       3C         0
                text1                               266      266       3C         0
                maintext                            1B6      1B6       6C         0
                inittext                            361      361       13         0
                idataBANK0                          374      374       11         0

        CLASS   STRCODE        

        CLASS   STRING         

        CLASS   CONST          

        CLASS   ENTRY          

        CLASS   COMMON         
                cstackCOMMON                         70       70        A         1
                bssCOMMON                            7A       7A        4         1

        CLASS   BANK0          
                cstackBANK0                          31       31        8         1
                dataBANK0                            20       20       11         1
                bssBANK0                             39       39        3         1

        CLASS   BANK1          

        CLASS   BANK2          

        CLASS   BANK3          

        CLASS   RAM            

        CLASS   ABS1           
                abs_s1                               7E       7E        2         1

        CLASS   SFR0           

        CLASS   SFR1           

        CLASS   SFR2           

        CLASS   SFR3           

        CLASS   CONFIG         
                config                             2007     2007        2         4

        CLASS   IDLOC          

        CLASS   EEDATA         



SEGMENTS        Name                           Load    Length   Top    Selector   Space  Class     Delta

                reset_vec                      000000  000003  000003         0       0  CODE        2
                intentry                       000004  000381  000385         8       0  CODE        2
                dataBANK0                      000020  00001C  00003C        20       1  BANK0       1
                cstackCOMMON                   000070  00000E  00007E        70       1  COMMON      1


UNUSED ADDRESS RANGES

        Name                Unused          Largest block    Delta
        BANK0            003C-006F             34           1
        BANK1            00A0-00EF             50           1
        BANK2            0110-016F             60           1
        BANK3            0190-01EF             60           1
        CODE             0003-0003              1           2
                         0385-1FFF            800
        CONST            0003-0003              1           2
                         0385-1FFF            100
        EEDATA           2100-21FF            100           2
        ENTRY            0003-0003              1           2
                         0385-1FFF            100
        IDLOC            2000-2003              4           2
        RAM              003C-006F             34           1
                         00A0-00EF             50
                         0110-016F             60
                         0190-01EF             60
        SFR0             0000-001F             20           1
        SFR1             0080-009F             20           1
        SFR2             0100-010F             10           1
        SFR3             0180-018F             10           1
        STACK            0110-016F             60           1
        STRCODE          0003-0003              1           2
                         0385-1FFF           1C7B
        STRING           0003-0003              1           2
                         0385-1FFF            100

                                  Symbol Table

ADConfig@canal           cstackBANK0  0031
ADConfig@justificado     cstackBANK0  0032
ADConfig@oscFreq         cstackBANK0  0035
AnalogRead_8@conversion  cstackBANK0  0034
AnalogRead_8@just        cstackBANK0  0033
_ADCON0bits              (abs)        001F
_ADCON1bits              (abs)        009F
_ADCinit                 text7        034C
_ADConfig                text6        002A
_ADRESH                  (abs)        001E
_ADRESL                  (abs)        009E
_ANSEL                   (abs)        0188
_ANSELH                  (abs)        0189
_ANSELbits               (abs)        0188
_AnalogRead_8            text5        030A
_INTCONbits              (abs)        000B
_IOCB                    (abs)        0096
_ISR                     text8        0222
_OPTION_REGbits          (abs)        0081
_OSCCONbits              (abs)        008F
_PIE1bits                (abs)        008C
_PIR1bits                (abs)        000C
_PORTA                   (abs)        0005
_PORTB                   (abs)        0006
_PORTBbits               (abs)        0006
_PORTC                   (abs)        0007
_PORTCbits               (abs)        0007
_PORTD                   (abs)        0008
_PORTE                   (abs)        0009
_PORTEbits               (abs)        0009
_TMR0                    (abs)        0001
_TRISA                   (abs)        0085
_TRISAbits               (abs)        0085
_TRISB                   (abs)        0086
_TRISC                   (abs)        0087
_TRISCbits               (abs)        0087
_TRISD                   (abs)        0088
_TRISE                   (abs)        0089
_TRISEbits               (abs)        0089
_WPUB                    (abs)        0095
__Habs1                  abs1         0000
__Hbank0                 bank0        0000
__Hbank1                 bank1        0000
__Hbank2                 bank2        0000
__Hbank3                 bank3        0000
__HbssBANK0              bssBANK0     0000
__HbssCOMMON             bssCOMMON    0000
__Hcinit                 cinit        002A
__Hclrtext               clrtext      0000
__Hcode                  code         0000
__Hcommon                common       0000
__Hconfig                config       2009
__HcstackBANK0           cstackBANK0  0000
__HcstackCOMMON          cstackCOMMON 0000
__HdataBANK0             dataBANK0    0000
__Heeprom_data           eeprom_data  0000
__Hend_init              end_init     0011
__Hfunctab               functab      0000
__HidataBANK0            idataBANK0   0000
__Hinit                  init         000E
__Hinittext              inittext     0000
__Hintentry              intentry     000E
__Hmaintext              maintext     0000
__Hpowerup               powerup      0000
__Hram                   ram          0000
__Hreset_vec             reset_vec    0003
__Hsfr0                  sfr0         0000
__Hsfr1                  sfr1         0000
__Hsfr2                  sfr2         0000
__Hsfr3                  sfr3         0000
__Hspace_0               (abs)        0385
__Hspace_1               (abs)        007E
__Hspace_2               (abs)        0000
__Hspace_3               (abs)        0000
__Hspace_4               (abs)        4010
__Hstack                 stack        0000
__Hstrings               strings      0000
__Htext                  text         0000
__Labs1                  abs1         0000
__Lbank0                 bank0        0000
__Lbank1                 bank1        0000
__Lbank2                 bank2        0000
__Lbank3                 bank3        0000
__LbssBANK0              bssBANK0     0000
__LbssCOMMON             bssCOMMON    0000
__Lcinit                 cinit        0011
__Lclrtext               clrtext      0000
__Lcode                  code         0000
__Lcommon                common       0000
__Lconfig                config       0000
__LcstackBANK0           cstackBANK0  0000
__LcstackCOMMON          cstackCOMMON 0000
__LdataBANK0             dataBANK0    0000
__Leeprom_data           eeprom_data  0000
__Lend_init              end_init     000E
__Lfunctab               functab      0000
__LidataBANK0            idataBANK0   0000
__Linit                  init         000E
__Linittext              inittext     0000
__Lintentry              intentry     0004
__Lmaintext              maintext     0000
__Lpowerup               powerup      0000
__Lram                   ram          0000
__Lreset_vec             reset_vec    0000
__Lsfr0                  sfr0         0000
__Lsfr1                  sfr1         0000
__Lsfr2                  sfr2         0000
__Lsfr3                  sfr3         0000
__Lspace_0               (abs)        0000
__Lspace_1               (abs)        0000
__Lspace_2               (abs)        0000
__Lspace_3               (abs)        0000
__Lspace_4               (abs)        0000
__Lstack                 stack        0000
__Lstrings               strings      0000
__Ltext                  text         0000
__S0                     (abs)        0385
__S1                     (abs)        007E
__S2                     (abs)        0000
__S3                     (abs)        0000
___int_sp                stack        0000
___latbits               (abs)        0002
___sp                    stack        0000
___stackhi               (abs)        0000
___stacklo               (abs)        0000
__end_of_ADCinit         text7        0361
__end_of_ADConfig        text6        0114
__end_of_AnalogRead_8    text5        032E
__end_of_ISR             text8        0266
__end_of__initialization cinit        0026
__end_of_cambioDisplay   text9        030A
__end_of_config2Display  text4        01B6
__end_of_config_PUERTOS  text3        034C
__end_of_main            maintext     0222
__end_of_press_Bajar     text2        02DE
__end_of_press_Subir     text1        02A2
__initialization         cinit        0011
__pbssBANK0              bssBANK0     0039
__pbssCOMMON             bssCOMMON    007A
__pcstackBANK0           cstackBANK0  0031
__pcstackCOMMON          cstackCOMMON 0070
__pdataBANK0             dataBANK0    0020
__pidataBANK0            idataBANK0   0374
__pintentry              intentry     0004
__pmaintext              maintext     01B6
__ptext1                 text1        0266
__ptext2                 text2        02A2
__ptext3                 text3        032E
__ptext4                 text4        0114
__ptext5                 text5        030A
__ptext6                 text6        002A
__ptext7                 text7        034C
__ptext8                 text8        0222
__ptext9                 text9        02DE
__size_of_ADCinit        (abs)        0000
__size_of_ADConfig       (abs)        0000
__size_of_AnalogRead_8   (abs)        0000
__size_of_ISR            (abs)        0000
__size_of_cambioDisplay  (abs)        0000
__size_of_config2Display (abs)        0000
__size_of_config_PUERTOS (abs)        0000
__size_of_main           (abs)        0000
__size_of_press_Bajar    (abs)        0000
__size_of_press_Subir    (abs)        0000
_banderaADC              bssBANK0     003B
_banderaBoton            bssCOMMON    007D
_banderaDO               bssCOMMON    007B
_banderaTMR0             bssCOMMON    007A
_banderaUP               bssCOMMON    007C
_cambioDisplay           text9        02DE
_config2Display          text4        0114
_config_PUERTOS          text3        032E
_main                    maintext     01B6
_numerosDisplay          dataBANK0    0020
_press_Bajar             text2        02A2
_press_Subir             text1        0266
_valorDisplay_Dec        bssBANK0     003A
_valorDisplay_Uni        bssBANK0     0039
_valorTMR0               dataBANK0    0030
btemp                    (abs)        007E
cambioDisplay@bandera    cstackCOMMON 0071
cambioDisplay@valDec     cstackCOMMON 0070
cambioDisplay@valUni     cstackCOMMON 0074
config2Display@FreqOsc   cstackBANK0  0031
end_of_initialization    cinit        0026
init_fetch0              inittext     0361
init_ram0                inittext     0365
interrupt_function       intentry     0004
intlevel0                functab      0000
intlevel1                functab      0000
intlevel2                functab      0000
intlevel3                functab      0000
intlevel4                functab      0000
intlevel5                functab      0000
main@lectura             cstackBANK0  0038
reset_vec                reset_vec    0000
saved_w                  (abs)        007E
start                    init         000E
start_initialization     cinit        0011
wtemp0                   (abs)        007E


FUNCTION INFORMATION:

 *************** function _main *****************
 Defined at:
		line 68 in file "Principal2.c"
 Parameters:    Size  Location     Type
		None
 Auto vars:     Size  Location     Type
  lectura         1    7[BANK0 ] unsigned char 
 Return value:  Size  Location     Type
                  1    wreg      void 
 Registers used:
		wreg, fsr0l, fsr0h, status,2, status,0, pclath, cstack
 Tracked objects:
		On entry : 
		On exit  : 
		Unchanged: 
 Data sizes:     COMMON   BANK0   BANK1   BANK3   BANK2
      Params:         0       0       0       0       0
      Locals:         0       1       0       0       0
      Temps:          0       2       0       0       0
      Totals:         0       3       0       0       0
Total ram usage:        3 bytes
 Hardware stack levels required when called:    3
 This function calls:
		_ADCinit
		_ADConfig
		_AnalogRead_8
		_config2Display
		_config_PUERTOS
		_press_Bajar
		_press_Subir
 This function is called by:
		Startup code after reset
 This function uses a non-reentrant model


 *************** function _press_Subir *****************
 Defined at:
		line 119 in file "Principal2.c"
 Parameters:    Size  Location     Type
		None
 Auto vars:     Size  Location     Type
		None
 Return value:  Size  Location     Type
                  1    wreg      void 
 Registers used:
		wreg, status,2, status,0
 Tracked objects:
		On entry : 
		On exit  : 
		Unchanged: 
 Data sizes:     COMMON   BANK0   BANK1   BANK3   BANK2
      Params:         0       0       0       0       0
      Locals:         0       0       0       0       0
      Temps:          0       2       0       0       0
      Totals:         0       2       0       0       0
Total ram usage:        2 bytes
 Hardware stack levels used:    1
 Hardware stack levels required when called:    2
 This function calls:
		Nothing
 This function is called by:
		_main
 This function uses a non-reentrant model


 *************** function _press_Bajar *****************
 Defined at:
		line 138 in file "Principal2.c"
 Parameters:    Size  Location     Type
		None
 Auto vars:     Size  Location     Type
		None
 Return value:  Size  Location     Type
                  1    wreg      void 
 Registers used:
		wreg, status,2, status,0
 Tracked objects:
		On entry : 
		On exit  : 
		Unchanged: 
 Data sizes:     COMMON   BANK0   BANK1   BANK3   BANK2
      Params:         0       0       0       0       0
      Locals:         0       0       0       0       0
      Temps:          0       2       0       0       0
      Totals:         0       2       0       0       0
Total ram usage:        2 bytes
 Hardware stack levels used:    1
 Hardware stack levels required when called:    2
 This function calls:
		Nothing
 This function is called by:
		_main
 This function uses a non-reentrant model


 *************** function _config_PUERTOS *****************
 Defined at:
		line 96 in file "Principal2.c"
 Parameters:    Size  Location     Type
		None
 Auto vars:     Size  Location     Type
		None
 Return value:  Size  Location     Type
                  1    wreg      void 
 Registers used:
		wreg, status,2
 Tracked objects:
		On entry : 
		On exit  : 
		Unchanged: 
 Data sizes:     COMMON   BANK0   BANK1   BANK3   BANK2
      Params:         0       0       0       0       0
      Locals:         0       0       0       0       0
      Temps:          0       0       0       0       0
      Totals:         0       0       0       0       0
Total ram usage:        0 bytes
 Hardware stack levels used:    1
 Hardware stack levels required when called:    2
 This function calls:
		Nothing
 This function is called by:
		_main
 This function uses a non-reentrant model


 *************** function _config2Display *****************
 Defined at:
		line 7 in file "DISPLAY7.c"
 Parameters:    Size  Location     Type
  FreqOsc         2    0[BANK0 ] unsigned int 
 Auto vars:     Size  Location     Type
		None
 Return value:  Size  Location     Type
                  1    wreg      void 
 Registers used:
		wreg, fsr0l, fsr0h, status,2, status,0
 Tracked objects:
		On entry : 
		On exit  : 
		Unchanged: 
 Data sizes:     COMMON   BANK0   BANK1   BANK3   BANK2
      Params:         0       2       0       0       0
      Locals:         0       0       0       0       0
      Temps:          0       1       0       0       0
      Totals:         0       3       0       0       0
Total ram usage:        3 bytes
 Hardware stack levels used:    1
 Hardware stack levels required when called:    2
 This function calls:
		Nothing
 This function is called by:
		_main
 This function uses a non-reentrant model


 *************** function _AnalogRead_8 *****************
 Defined at:
		line 89 in file "ADC.c"
 Parameters:    Size  Location     Type
  just            1    wreg     unsigned char 
 Auto vars:     Size  Location     Type
  just            1    2[BANK0 ] unsigned char 
  conversion      1    3[BANK0 ] unsigned char 
 Return value:  Size  Location     Type
                  1    wreg      unsigned char 
 Registers used:
		wreg, fsr0l, fsr0h, status,2, status,0
 Tracked objects:
		On entry : 
		On exit  : 
		Unchanged: 
 Data sizes:     COMMON   BANK0   BANK1   BANK3   BANK2
      Params:         0       0       0       0       0
      Locals:         0       2       0       0       0
      Temps:          0       2       0       0       0
      Totals:         0       4       0       0       0
Total ram usage:        4 bytes
 Hardware stack levels used:    1
 Hardware stack levels required when called:    2
 This function calls:
		Nothing
 This function is called by:
		_main
 This function uses a non-reentrant model


 *************** function _ADConfig *****************
 Defined at:
		line 10 in file "ADC.c"
 Parameters:    Size  Location     Type
  oscFreq         1    wreg     unsigned char 
  canal           1    0[BANK0 ] unsigned char 
  justificado     1    1[BANK0 ] unsigned char 
 Auto vars:     Size  Location     Type
  oscFreq         1    4[BANK0 ] unsigned char 
 Return value:  Size  Location     Type
                  1    wreg      void 
 Registers used:
		wreg, fsr0l, fsr0h, status,2, status,0
 Tracked objects:
		On entry : 
		On exit  : 
		Unchanged: 
 Data sizes:     COMMON   BANK0   BANK1   BANK3   BANK2
      Params:         0       2       0       0       0
      Locals:         0       1       0       0       0
      Temps:          0       2       0       0       0
      Totals:         0       5       0       0       0
Total ram usage:        5 bytes
 Hardware stack levels used:    1
 Hardware stack levels required when called:    2
 This function calls:
		Nothing
 This function is called by:
		_main
 This function uses a non-reentrant model


 *************** function _ADCinit *****************
 Defined at:
		line 104 in file "ADC.c"
 Parameters:    Size  Location     Type
		None
 Auto vars:     Size  Location     Type
		None
 Return value:  Size  Location     Type
                  1    wreg      void 
 Registers used:
		wreg
 Tracked objects:
		On entry : 
		On exit  : 
		Unchanged: 
 Data sizes:     COMMON   BANK0   BANK1   BANK3   BANK2
      Params:         0       0       0       0       0
      Locals:         0       0       0       0       0
      Temps:          0       2       0       0       0
      Totals:         0       2       0       0       0
Total ram usage:        2 bytes
 Hardware stack levels used:    1
 Hardware stack levels required when called:    2
 This function calls:
		Nothing
 This function is called by:
		_main
 This function uses a non-reentrant model


 *************** function _ISR *****************
 Defined at:
		line 44 in file "Principal2.c"
 Parameters:    Size  Location     Type
		None
 Auto vars:     Size  Location     Type
		None
 Return value:  Size  Location     Type
                  1    wreg      void 
 Registers used:
		wreg, fsr0l, fsr0h, status,2, status,0, pclath, cstack
 Tracked objects:
		On entry : 
		On exit  : 
		Unchanged: 
 Data sizes:     COMMON   BANK0   BANK1   BANK3   BANK2
      Params:         0       0       0       0       0
      Locals:         0       0       0       0       0
      Temps:          5       0       0       0       0
      Totals:         5       0       0       0       0
Total ram usage:        5 bytes
 Hardware stack levels used:    1
 Hardware stack levels required when called:    1
 This function calls:
		_cambioDisplay
 This function is called by:
		Interrupt level 1
 This function uses a non-reentrant model


 *************** function _cambioDisplay *****************
 Defined at:
		line 61 in file "DISPLAY7.c"
 Parameters:    Size  Location     Type
  valUni          1    wreg     unsigned char 
  valDec          1    0[COMMON] unsigned char 
  bandera         1    1[COMMON] unsigned char 
 Auto vars:     Size  Location     Type
  valUni          1    4[COMMON] unsigned char 
 Return value:  Size  Location     Type
                  1    wreg      void 
 Registers used:
		wreg, fsr0l, fsr0h, status,2, status,0
 Tracked objects:
		On entry : 
		On exit  : 
		Unchanged: 
 Data sizes:     COMMON   BANK0   BANK1   BANK3   BANK2
      Params:         2       0       0       0       0
      Locals:         1       0       0       0       0
      Temps:          2       0       0       0       0
      Totals:         5       0       0       0       0
Total ram usage:        5 bytes
 Hardware stack levels used:    1
 This function calls:
		Nothing
 This function is called by:
		_ISR
 This function uses a non-reentrant model



MODULE INFORMATION

Module		Function		Class		Link	Load	Size
Principal2.c
		_config_PUERTOS		CODE           	032E	0000	30
		_ISR           		CODE           	0222	0000	68
		_main          		CODE           	01B6	0000	108
		_press_Subir   		CODE           	0266	0000	60
		_press_Bajar   		CODE           	02A2	0000	60

Principal2.c estimated size: 326

shared
		__initialization		CODE           	0011	0000	21

shared estimated size: 21

ADC.c
		_AnalogRead_8  		CODE           	030A	0000	36
		_ADConfig      		CODE           	002A	0000	234
		_ADCinit       		CODE           	034C	0000	21

ADC.c estimated size: 291

DISPLAY7.c
		_config2Display		CODE           	0114	0000	162
		_cambioDisplay 		CODE           	02DE	0000	44

DISPLAY7.c estimated size: 206

