Microchip MPLAB XC8 Compiler V2.31

Linker command line:

-W-3 --edf=C:\Program Files\Microchip\xc8\v2.31\pic\dat\en_msgs.txt -cn \
  -h+dist/default/production\P1_Slave3.X.production.sym \
  --cmf=dist/default/production\P1_Slave3.X.production.cmf -z -Q16F887 \
  -oC:\Users\Gaby\AppData\Local\Temp\s73k.2 --defsym=__MPLAB_BUILD=1 \
  -Mdist/default/production/P1_Slave3.X.production.map -E1 \
  -ver=XC8 Compiler --acfsm=1493 -ASTACK=0110h-016Fh -pstack=STACK \
  -ACODE=00h-07FFhx4 -ASTRCODE=00h-01FFFh -ASTRING=00h-0FFhx32 \
  -ACONST=00h-0FFhx32 -AENTRY=00h-0FFhx32 -ACOMMON=070h-07Fh \
  -ABANK0=020h-06Fh -ABANK1=0A0h-0EFh -ABANK2=0110h-016Fh \
  -ABANK3=0190h-01EFh -ARAM=020h-06Fh,0A0h-0EFh,0110h-016Fh,0190h-01EFh \
  -AABS1=020h-07Fh,0A0h-0EFh,0110h-016Fh,0190h-01EFh -ASFR0=00h-01Fh \
  -ASFR1=080h-09Fh -ASFR2=0100h-010Fh -ASFR3=0180h-018Fh \
  -ACONFIG=02007h-02008h -DCONFIG=2 -AIDLOC=02000h-02003h -DIDLOC=2 \
  -AEEDATA=00h-0FFh/02100h -peeprom_data=EEDATA -DEEDATA=2 -DCODE=2 \
  -DSTRCODE=2 -DSTRING=2 -DCONST=2 -DENTRY=2 \
  -preset_vec=00h,intentry,init,end_init -ppowerup=CODE -pcinit=CODE \
  -pfunctab=ENTRY -k C:\Users\Gaby\AppData\Local\Temp\s73k.o \
  dist/default/production\P1_Slave3.X.production.o 

Object code version is 3.11

Machine type is 16F887



                Name                               Link     Load   Length Selector   Space Scale
C:\Users\Gaby\AppData\Local\Temp\s73k.o
                end_init                              0        0        3        0       0
                config                             2007     2007        2        0       4
dist/default/production\P1_Slave3.X.production.o
                cinit                               7F7      7F7        9      FEE       0
                config                             2007     2007        2        0       4
                text8                               75B      75B       9C      EB6       0
                text7                               5BA      5BA       13      B74       0
                text6                               652      652       43      CA4       0
                text5                               5E3      5E3       22      BC6       0
                text4                               6F2      6F2       69      DE4       0
                text3                               605      605       25      C0A       0
                text2                               62A      62A       28      C54       0
                text1                               5CD      5CD       16      B9A       0
                maintext                            695      695       5D      D2A       0
                cstackBANK0                          20       20        6       20       1
                cstackCOMMON                         70       70        E       70       1
                bssBANK0                             26       26        3       20       1

TOTAL           Name                               Link     Load   Length     Space
        CLASS   STACK          

        CLASS   CODE           
                end_init                              0        0        3         0
                cinit                               7F7      7F7        9         0
                text8                               75B      75B       9C         0
                text7                               5BA      5BA       13         0
                text6                               652      652       43         0
                text5                               5E3      5E3       22         0
                text4                               6F2      6F2       69         0
                text3                               605      605       25         0
                text2                               62A      62A       28         0
                text1                               5CD      5CD       16         0
                maintext                            695      695       5D         0

        CLASS   STRCODE        

        CLASS   STRING         

        CLASS   CONST          

        CLASS   ENTRY          

        CLASS   COMMON         
                cstackCOMMON                         70       70        E         1

        CLASS   BANK0          
                cstackBANK0                          20       20        6         1
                bssBANK0                             26       26        3         1

        CLASS   BANK1          

        CLASS   BANK2          

        CLASS   BANK3          

        CLASS   RAM            

        CLASS   ABS1           
                abs_s1                               7E       7E        2         1

        CLASS   SFR0           

        CLASS   SFR1           

        CLASS   SFR2           

        CLASS   SFR3           

        CLASS   CONFIG         
                config                             2007     2007        2         4

        CLASS   IDLOC          

        CLASS   EEDATA         



SEGMENTS        Name                           Load    Length   Top    Selector   Space  Class     Delta

                reset_vec                      000000  000003  000003         0       0  CODE        2
                cstackBANK0                    000020  000009  000029        20       1  BANK0       1
                cstackCOMMON                   000070  00000E  00007E        70       1  COMMON      1
                text7                          0005BA  000013  0005CD       B74       0  CODE        2
                text1                          0005CD  000016  0005E3       B9A       0  CODE        2
                text5                          0005E3  000022  000605       BC6       0  CODE        2
                text3                          000605  000025  00062A       C0A       0  CODE        2
                text2                          00062A  000028  000652       C54       0  CODE        2
                text6                          000652  000043  000695       CA4       0  CODE        2
                maintext                       000695  00005D  0006F2       D2A       0  CODE        2
                text4                          0006F2  000069  00075B       DE4       0  CODE        2
                text8                          00075B  00009C  0007F7       EB6       0  CODE        2
                cinit                          0007F7  000009  000800       FEE       0  CODE        2


UNUSED ADDRESS RANGES

        Name                Unused          Largest block    Delta
        BANK0            0029-006F             47           1
        BANK1            00A0-00EF             50           1
        BANK2            0110-016F             60           1
        BANK3            0190-01EF             60           1
        CODE             0003-05B9            5B7           2
                         0800-1FFF            800
        CONST            0003-05B9            100           2
                         0800-1FFF            100
        EEDATA           2100-21FF            100           2
        ENTRY            0003-05B9            100           2
                         0800-1FFF            100
        IDLOC            2000-2003              4           2
        RAM              0029-006F             47           1
                         00A0-00EF             50
                         0110-016F             60
                         0190-01EF             60
        SFR0             0000-001F             20           1
        SFR1             0080-009F             20           1
        SFR2             0100-010F             10           1
        SFR3             0180-018F             10           1
        STACK            0110-016F             60           1
        STRCODE          0003-05B9            5B7           2
                         0800-1FFF           1800
        STRING           0003-05B9            100           2
                         0800-1FFF            100

                                  Symbol Table

?___awdiv                cstackCOMMON 0076
?___wmul                 cstackCOMMON 0070
ADC_C@CH                 cstackCOMMON 0070
ADC_CONVCLK@CONV         cstackCOMMON 0072
ADC_READ@JUSTIFICACION   cstackCOMMON 0072
ADC_READ@VALOR_ADC       cstackCOMMON 0073
_ADCON0bits              (abs)        001F
_ADC_C                   text8        075B
_ADC_CONTINUE            text7        05BA
_ADC_CONVCLK             text6        0652
_ADC_READ                text5        05E3
_ADRESH                  (abs)        001E
_ADRESL                  (abs)        009E
_ANSEL                   (abs)        0188
_ANSELH                  (abs)        0189
_ANSELbits               (abs)        0188
_ENVIAR                  bssBANK0     0026
_INTCONbits              (abs)        000B
_MAP                     text2        062A
_PIE1bits                (abs)        008C
_PIR1bits                (abs)        000C
_PORTA                   (abs)        0005
_PORTB                   (abs)        0006
_PORTBbits               (abs)        0006
_PORTC                   (abs)        0007
_PORTD                   (abs)        0008
_PORTE                   (abs)        0009
_SETUP                   text1        05CD
_TEMPERATURA             bssBANK0     0028
_TRISA                   (abs)        0085
_TRISB                   (abs)        0086
_TRISC                   (abs)        0087
_TRISD                   (abs)        0088
_TRISE                   (abs)        0089
__Habs1                  abs1         0000
__Hbank0                 bank0        0000
__Hbank1                 bank1        0000
__Hbank2                 bank2        0000
__Hbank3                 bank3        0000
__HbssBANK0              bssBANK0     0000
__Hcinit                 cinit        0800
__Hclrtext               clrtext      0000
__Hcode                  code         0000
__Hcommon                common       0000
__Hconfig                config       2009
__HcstackBANK0           cstackBANK0  0000
__HcstackCOMMON          cstackCOMMON 0000
__Heeprom_data           eeprom_data  0000
__Hend_init              end_init     0003
__Hfunctab               functab      0000
__Hinit                  init         0000
__Hintentry              intentry     0000
__Hmaintext              maintext     0000
__Hpowerup               powerup      0000
__Hram                   ram          0000
__Hreset_vec             reset_vec    0000
__Hsfr0                  sfr0         0000
__Hsfr1                  sfr1         0000
__Hsfr2                  sfr2         0000
__Hsfr3                  sfr3         0000
__Hspace_0               (abs)        0800
__Hspace_1               (abs)        007E
__Hspace_2               (abs)        0000
__Hspace_3               (abs)        0000
__Hspace_4               (abs)        4010
__Hstack                 stack        0000
__Hstrings               strings      0000
__Htext                  text         0000
__Labs1                  abs1         0000
__Lbank0                 bank0        0000
__Lbank1                 bank1        0000
__Lbank2                 bank2        0000
__Lbank3                 bank3        0000
__LbssBANK0              bssBANK0     0000
__Lcinit                 cinit        07F7
__Lclrtext               clrtext      0000
__Lcode                  code         0000
__Lcommon                common       0000
__Lconfig                config       0000
__LcstackBANK0           cstackBANK0  0000
__LcstackCOMMON          cstackCOMMON 0000
__Leeprom_data           eeprom_data  0000
__Lend_init              end_init     0000
__Lfunctab               functab      0000
__Linit                  init         0000
__Lintentry              intentry     0000
__Lmaintext              maintext     0000
__Lpowerup               powerup      0000
__Lram                   ram          0000
__Lreset_vec             reset_vec    0000
__Lsfr0                  sfr0         0000
__Lsfr1                  sfr1         0000
__Lsfr2                  sfr2         0000
__Lsfr3                  sfr3         0000
__Lspace_0               (abs)        0000
__Lspace_1               (abs)        0000
__Lspace_2               (abs)        0000
__Lspace_3               (abs)        0000
__Lspace_4               (abs)        0000
__Lstack                 stack        0000
__Lstrings               strings      0000
__Ltext                  text         0000
__S0                     (abs)        0800
__S1                     (abs)        007E
__S2                     (abs)        0000
__S3                     (abs)        0000
___awdiv                 text4        06F2
___awdiv@counter         cstackBANK0  0020
___awdiv@dividend        cstackCOMMON 0078
___awdiv@divisor         cstackCOMMON 0076
___awdiv@quotient        cstackBANK0  0022
___awdiv@sign            cstackBANK0  0021
___int_sp                stack        0000
___latbits               (abs)        0002
___sp                    stack        0000
___stackhi               (abs)        0000
___stacklo               (abs)        0000
___wmul                  text3        0605
___wmul@multiplicand     cstackCOMMON 0072
___wmul@multiplier       cstackCOMMON 0070
___wmul@product          cstackCOMMON 0074
__end_of_ADC_C           text8        07F7
__end_of_ADC_CONTINUE    text7        05CD
__end_of_ADC_CONVCLK     text6        0695
__end_of_ADC_READ        text5        0605
__end_of_MAP             text2        0652
__end_of_SETUP           text1        05E3
__end_of___awdiv         text4        075B
__end_of___wmul          text3        062A
__end_of__initialization cinit        07FC
__end_of_main            maintext     06F2
__initialization         cinit        07F7
__pbssBANK0              bssBANK0     0026
__pcstackBANK0           cstackBANK0  0020
__pcstackCOMMON          cstackCOMMON 0070
__pmaintext              maintext     0695
__ptext1                 text1        05CD
__ptext2                 text2        062A
__ptext3                 text3        0605
__ptext4                 text4        06F2
__ptext5                 text5        05E3
__ptext6                 text6        0652
__ptext7                 text7        05BA
__ptext8                 text8        075B
__size_of_ADC_C          (abs)        0000
__size_of_ADC_CONTINUE   (abs)        0000
__size_of_ADC_CONVCLK    (abs)        0000
__size_of_ADC_READ       (abs)        0000
__size_of_MAP            (abs)        0000
__size_of_SETUP          (abs)        0000
__size_of___awdiv        (abs)        0000
__size_of___wmul         (abs)        0000
__size_of_main           (abs)        0000
_main                    maintext     0695
btemp                    (abs)        007E
end_of_initialization    cinit        07FC
intlevel0                functab      0000
intlevel1                functab      0000
intlevel2                functab      0000
intlevel3                functab      0000
intlevel4                functab      0000
intlevel5                functab      0000
reset_vec                reset_vec    0000
start                    init         0000
start_initialization     cinit        07F7
wtemp0                   (abs)        007E


FUNCTION INFORMATION:

 *************** function _main *****************
 Defined at:
		line 44 in file "Principal_Slave3.c"
 Parameters:    Size  Location     Type
		None
 Auto vars:     Size  Location     Type
		None
 Return value:  Size  Location     Type
                  1    wreg      void 
 Registers used:
		wreg, fsr0l, fsr0h, status,2, status,0, pclath, cstack
 Tracked objects:
		On entry : 
		On exit  : 
		Unchanged: 
 Data sizes:     COMMON   BANK0   BANK1   BANK3   BANK2
      Params:         0       0       0       0       0
      Locals:         0       0       0       0       0
      Temps:          0       2       0       0       0
      Totals:         0       2       0       0       0
Total ram usage:        2 bytes
 Hardware stack levels required when called:    2
 This function calls:
		_ADC_C
		_ADC_CONTINUE
		_ADC_CONVCLK
		_ADC_READ
		_MAP
		_SETUP
 This function is called by:
		Startup code after reset
 This function uses a non-reentrant model


 *************** function _SETUP *****************
 Defined at:
		line 89 in file "Principal_Slave3.c"
 Parameters:    Size  Location     Type
		None
 Auto vars:     Size  Location     Type
		None
 Return value:  Size  Location     Type
                  1    wreg      void 
 Registers used:
		wreg, status,2
 Tracked objects:
		On entry : 
		On exit  : 
		Unchanged: 
 Data sizes:     COMMON   BANK0   BANK1   BANK3   BANK2
      Params:         0       0       0       0       0
      Locals:         0       0       0       0       0
      Temps:          0       0       0       0       0
      Totals:         0       0       0       0       0
Total ram usage:        0 bytes
 Hardware stack levels used:    1
 This function calls:
		Nothing
 This function is called by:
		_main
 This function uses a non-reentrant model


 *************** function _MAP *****************
 Defined at:
		line 109 in file "Principal_Slave3.c"
 Parameters:    Size  Location     Type
		None
 Auto vars:     Size  Location     Type
		None
 Return value:  Size  Location     Type
                  1    wreg      void 
 Registers used:
		wreg, status,2, status,0, pclath, cstack
 Tracked objects:
		On entry : 
		On exit  : 
		Unchanged: 
 Data sizes:     COMMON   BANK0   BANK1   BANK3   BANK2
      Params:         0       0       0       0       0
      Locals:         0       0       0       0       0
      Temps:          3       0       0       0       0
      Totals:         3       0       0       0       0
Total ram usage:        3 bytes
 Hardware stack levels used:    1
 Hardware stack levels required when called:    1
 This function calls:
		___awdiv
		___wmul
 This function is called by:
		_main
 This function uses a non-reentrant model


 *************** function ___wmul *****************
 Defined at:
		line 15 in file "C:\Program Files\Microchip\xc8\v2.31\pic\sources\c90\common\Umul16.c"
 Parameters:    Size  Location     Type
  multiplier      2    0[COMMON] unsigned int 
  multiplicand    2    2[COMMON] unsigned int 
 Auto vars:     Size  Location     Type
  product         2    4[COMMON] unsigned int 
 Return value:  Size  Location     Type
                  2    0[COMMON] unsigned int 
 Registers used:
		wreg, status,2, status,0
 Tracked objects:
		On entry : 
		On exit  : 
		Unchanged: 
 Data sizes:     COMMON   BANK0   BANK1   BANK3   BANK2
      Params:         4       0       0       0       0
      Locals:         2       0       0       0       0
      Temps:          0       0       0       0       0
      Totals:         6       0       0       0       0
Total ram usage:        6 bytes
 Hardware stack levels used:    1
 This function calls:
		Nothing
 This function is called by:
		_MAP
 This function uses a non-reentrant model


 *************** function ___awdiv *****************
 Defined at:
		line 5 in file "C:\Program Files\Microchip\xc8\v2.31\pic\sources\c90\common\awdiv.c"
 Parameters:    Size  Location     Type
  divisor         2    6[COMMON] int 
  dividend        2    8[COMMON] int 
 Auto vars:     Size  Location     Type
  quotient        2    2[BANK0 ] int 
  sign            1    1[BANK0 ] unsigned char 
  counter         1    0[BANK0 ] unsigned char 
 Return value:  Size  Location     Type
                  2    6[COMMON] int 
 Registers used:
		wreg, status,2, status,0
 Tracked objects:
		On entry : 
		On exit  : 
		Unchanged: 
 Data sizes:     COMMON   BANK0   BANK1   BANK3   BANK2
      Params:         4       0       0       0       0
      Locals:         0       4       0       0       0
      Temps:          1       0       0       0       0
      Totals:         5       4       0       0       0
Total ram usage:        9 bytes
 Hardware stack levels used:    1
 This function calls:
		Nothing
 This function is called by:
		_MAP
 This function uses a non-reentrant model


 *************** function _ADC_READ *****************
 Defined at:
		line 164 in file "ADC.c"
 Parameters:    Size  Location     Type
  JUSTIFICACIO    1    wreg     unsigned char 
 Auto vars:     Size  Location     Type
  JUSTIFICACIO    1    2[COMMON] unsigned char 
  VALOR_ADC       1    3[COMMON] unsigned char 
 Return value:  Size  Location     Type
                  1    wreg      unsigned char 
 Registers used:
		wreg, fsr0l, fsr0h, status,2, status,0
 Tracked objects:
		On entry : 
		On exit  : 
		Unchanged: 
 Data sizes:     COMMON   BANK0   BANK1   BANK3   BANK2
      Params:         0       0       0       0       0
      Locals:         2       0       0       0       0
      Temps:          2       0       0       0       0
      Totals:         4       0       0       0       0
Total ram usage:        4 bytes
 Hardware stack levels used:    1
 This function calls:
		Nothing
 This function is called by:
		_main
 This function uses a non-reentrant model


 *************** function _ADC_CONVCLK *****************
 Defined at:
		line 117 in file "ADC.c"
 Parameters:    Size  Location     Type
  CONV            1    wreg     unsigned char 
 Auto vars:     Size  Location     Type
  CONV            1    2[COMMON] unsigned char 
 Return value:  Size  Location     Type
                  1    wreg      void 
 Registers used:
		wreg, fsr0l, fsr0h, status,2, status,0
 Tracked objects:
		On entry : 
		On exit  : 
		Unchanged: 
 Data sizes:     COMMON   BANK0   BANK1   BANK3   BANK2
      Params:         0       0       0       0       0
      Locals:         1       0       0       0       0
      Temps:          2       0       0       0       0
      Totals:         3       0       0       0       0
Total ram usage:        3 bytes
 Hardware stack levels used:    1
 This function calls:
		Nothing
 This function is called by:
		_main
 This function uses a non-reentrant model


 *************** function _ADC_CONTINUE *****************
 Defined at:
		line 156 in file "ADC.c"
 Parameters:    Size  Location     Type
		None
 Auto vars:     Size  Location     Type
		None
 Return value:  Size  Location     Type
                  1    wreg      void 
 Registers used:
		wreg
 Tracked objects:
		On entry : 
		On exit  : 
		Unchanged: 
 Data sizes:     COMMON   BANK0   BANK1   BANK3   BANK2
      Params:         0       0       0       0       0
      Locals:         0       0       0       0       0
      Temps:          2       0       0       0       0
      Totals:         2       0       0       0       0
Total ram usage:        2 bytes
 Hardware stack levels used:    1
 This function calls:
		Nothing
 This function is called by:
		_main
 This function uses a non-reentrant model


 *************** function _ADC_C *****************
 Defined at:
		line 7 in file "ADC.c"
 Parameters:    Size  Location     Type
  CH              2    0[COMMON] unsigned int 
 Auto vars:     Size  Location     Type
		None
 Return value:  Size  Location     Type
                  1    wreg      void 
 Registers used:
		wreg, fsr0l, fsr0h, status,2, status,0
 Tracked objects:
		On entry : 
		On exit  : 
		Unchanged: 
 Data sizes:     COMMON   BANK0   BANK1   BANK3   BANK2
      Params:         2       0       0       0       0
      Locals:         0       0       0       0       0
      Temps:          0       0       0       0       0
      Totals:         2       0       0       0       0
Total ram usage:        2 bytes
 Hardware stack levels used:    1
 This function calls:
		Nothing
 This function is called by:
		_main
 This function uses a non-reentrant model



MODULE INFORMATION

Module		Function		Class		Link	Load	Size
C:\Program Files\Microchip\xc8\v2.31\pic\sources\c90\common\Umul16.c
		___wmul        		CODE           	0605	0000	37

C:\Program Files\Microchip\xc8\v2.31\pic\sources\c90\common\Umul16.c estimated size: 37

Principal_Slave3.c
		_SETUP         		CODE           	05CD	0000	22
		_main          		CODE           	0695	0000	93
		_MAP           		CODE           	062A	0000	40

Principal_Slave3.c estimated size: 155

C:\Program Files\Microchip\xc8\v2.31\pic\sources\c90\common\awdiv.c
		___awdiv       		CODE           	06F2	0000	105

C:\Program Files\Microchip\xc8\v2.31\pic\sources\c90\common\awdiv.c estimated size: 105

shared
		__initialization		CODE           	07F7	0000	5

shared estimated size: 5

ADC.c
		_ADC_CONVCLK   		CODE           	0652	0000	67
		_ADC_CONTINUE  		CODE           	05BA	0000	19
		_ADC_C         		CODE           	075B	0000	156
		_ADC_READ      		CODE           	05E3	0000	34

ADC.c estimated size: 276

