Microchip MPLAB XC8 Compiler V2.31

Linker command line:

-W-3 --edf=C:\Program Files\Microchip\xc8\v2.31\pic\dat\en_msgs.txt -cn \
  -h+dist/default/production\P2_Master.X.production.sym \
  --cmf=dist/default/production\P2_Master.X.production.cmf -z -Q16F887 \
  -oC:\Users\Gaby\AppData\Local\Temp\seec.2 --defsym=__MPLAB_BUILD=1 \
  -Mdist/default/production/P2_Master.X.production.map -E1 \
  -ver=XC8 Compiler --acfsm=1493 -ASTACK=0110h-016Fh -pstack=STACK \
  -ACODE=00h-07FFhx4 -ASTRCODE=00h-01FFFh -ASTRING=00h-0FFhx32 \
  -ACONST=00h-0FFhx32 -AENTRY=00h-0FFhx32 -ACOMMON=070h-07Fh \
  -ABANK0=020h-06Fh -ABANK1=0A0h-0EFh -ABANK2=0110h-016Fh \
  -ABANK3=0190h-01EFh -ARAM=020h-06Fh,0A0h-0EFh,0110h-016Fh,0190h-01EFh \
  -AABS1=020h-07Fh,0A0h-0EFh,0110h-016Fh,0190h-01EFh -ASFR0=00h-01Fh \
  -ASFR1=080h-09Fh -ASFR2=0100h-010Fh -ASFR3=0180h-018Fh \
  -ACONFIG=02007h-02008h -DCONFIG=2 -AIDLOC=02000h-02003h -DIDLOC=2 \
  -AEEDATA=00h-0FFh/02100h -peeprom_data=EEDATA -DEEDATA=2 -DCODE=2 \
  -DSTRCODE=2 -DSTRING=2 -DCONST=2 -DENTRY=2 \
  -preset_vec=00h,intentry=04h,init,end_init -ppowerup=CODE -pcinit=CODE \
  -pfunctab=ENTRY -k C:\Users\Gaby\AppData\Local\Temp\seec.o \
  dist/default/production\P2_Master.X.production.o 

Object code version is 3.11

Machine type is 16F887



                Name                               Link     Load   Length Selector   Space Scale
C:\Users\Gaby\AppData\Local\Temp\seec.o
                end_init                              E        E        3        8       0
                reset_vec                             0        0        3        0       0
                config                             2007     2007        2        0       4
dist/default/production\P2_Master.X.production.o
                cinit                                11       11       20        8       0
                intentry                              4        4        A        8       0
                config                             2007     2007        2        0       4
                text18                              1EF      1EF       3D        8       0
                text17                              32F      32F       2F        8       0
                text16                              3AF      3AF        D        8       0
                text15                              3E2      3E2        9        8       0
                text14                              3D9      3D9        9        8       0
                text13                              3C6      3C6        A        8       0
                text12                              266      266       35        8       0
                text11                              300      300       2F        8       0
                text10                              106      106       5F        8       0
                text9                               1B2      1B2       3D        8       0
                text8                                9E       9E       68        8       0
                text7                               22C      22C       3A        8       0
                text6                               2CE      2CE       32        8       0
                text5                               3D0      3D0        9        8       0
                text4                               165      165       4D        8       0
                text3                                31       31       6D        8       0
                text2                               388      388       14        8       0
                text1                               35E      35E       2A        8       0
                maintext                            29B      29B       33        8       0
                cstackBANK0                          3E       3E       16       20       1
                cstackCOMMON                         76       76        6       70       1
                clrtext                             3EB      3EB        8        8       0
                inittext                            39C      39C       13        8       0
                dataBANK0                            54       54        A       20       1
                bssBANK0                             20       20       1E       20       1
                bssCOMMON                            70       70        6       70       1
                idataBANK0                          3BC      3BC        A        8       0

TOTAL           Name                               Link     Load   Length     Space
        CLASS   STACK          

        CLASS   CODE           
                end_init                              E        E        3         0
                cinit                                11       11       20         0
                intentry                              4        4        A         0
                reset_vec                             0        0        3         0
                text18                              1EF      1EF       3D         0
                text17                              32F      32F       2F         0
                text16                              3AF      3AF        D         0
                text15                              3E2      3E2        9         0
                text14                              3D9      3D9        9         0
                text13                              3C6      3C6        A         0
                text12                              266      266       35         0
                text11                              300      300       2F         0
                text10                              106      106       5F         0
                text9                               1B2      1B2       3D         0
                text8                                9E       9E       68         0
                text7                               22C      22C       3A         0
                text6                               2CE      2CE       32         0
                text5                               3D0      3D0        9         0
                text4                               165      165       4D         0
                text3                                31       31       6D         0
                text2                               388      388       14         0
                text1                               35E      35E       2A         0
                maintext                            29B      29B       33         0
                clrtext                             3EB      3EB        8         0
                inittext                            39C      39C       13         0
                idataBANK0                          3BC      3BC        A         0

        CLASS   STRCODE        

        CLASS   STRING         

        CLASS   CONST          

        CLASS   ENTRY          

        CLASS   COMMON         
                cstackCOMMON                         76       76        6         1
                bssCOMMON                            70       70        6         1

        CLASS   BANK0          
                cstackBANK0                          3E       3E       16         1
                dataBANK0                            54       54        A         1
                bssBANK0                             20       20       1E         1

        CLASS   BANK1          

        CLASS   BANK2          

        CLASS   BANK3          

        CLASS   RAM            

        CLASS   ABS1           
                abs_s1                               7E       7E        2         1

        CLASS   SFR0           

        CLASS   SFR1           

        CLASS   SFR2           

        CLASS   SFR3           

        CLASS   CONFIG         
                config                             2007     2007        2         4

        CLASS   IDLOC          

        CLASS   EEDATA         



SEGMENTS        Name                           Load    Length   Top    Selector   Space  Class     Delta

                reset_vec                      000000  000003  000003         0       0  CODE        2
                intentry                       000004  0003EF  0003F3         8       0  CODE        2
                bssBANK0                       000020  00003E  00005E        20       1  BANK0       1
                bssCOMMON                      000070  00000C  00007C        70       1  COMMON      1


UNUSED ADDRESS RANGES

        Name                Unused          Largest block    Delta
        BANK0            005E-006F             12           1
        BANK1            00A0-00EF             50           1
        BANK2            0110-016F             60           1
        BANK3            0190-01EF             60           1
        CODE             0003-0003              1           2
                         03F3-1FFF            800
        COMMON           007C-007D              2           1
        CONST            0003-0003              1           2
                         03F3-1FFF            100
        EEDATA           2100-21FF            100           2
        ENTRY            0003-0003              1           2
                         03F3-1FFF            100
        IDLOC            2000-2003              4           2
        RAM              005E-006F             12           1
                         00A0-00EF             50
                         0110-016F             60
                         0190-01EF             60
        SFR0             0000-001F             20           1
        SFR1             0080-009F             20           1
        SFR2             0100-010F             10           1
        SFR3             0180-018F             10           1
        STACK            0110-016F             60           1
        STRCODE          0003-0003              1           2
                         03F3-1FFF           1C0D
        STRING           0003-0003              1           2
                         03F3-1FFF            100

                                  Symbol Table

?_ACELEROMETRO_R                   cstackBANK0  0044
?_I2C_Master_Read                  cstackBANK0  003E
?___lldiv                          cstackBANK0  003E
ACELEROMETRO_R@LECTURA             cstackBANK0  0049
ACELEROMETRO_R@num                 cstackBANK0  0048
ACELEROMETRO_W@data                cstackBANK0  0040
ACELEROMETRO_W@num                 cstackBANK0  0043
ASCII@aconvertir                   cstackBANK0  0040
I2C_Master_Init@c                  cstackBANK0  004C
I2C_Master_Read@a                  cstackBANK0  003E
I2C_Master_Read@temp               cstackBANK0  0042
I2C_Master_Write@d                 cstackBANK0  003E
_ACELEROMETRO_CONFIG               text11       0300
_ACELEROMETRO_R                    text4        0165
_ACELEROMETRO_W                    text12       0266
_ANSEL                             (abs)        0188
_ANSELH                            (abs)        0189
_ASCII                             text10       0106
_BANDERA_T                         bssCOMMON    0074
_BAUDCTLbits                       (abs)        0187
_CONFIG_USART                      text2        0388
_EJEX_TO_CHARS                     text9        01B2
_GIE                               (abs)        005F
_I2C_Master_Init                   text7        022C
_I2C_Master_Read                   text6        02CE
_I2C_Master_RepeatedStart          text5        03D0
_I2C_Master_Start                  text15       03E2
_I2C_Master_Stop                   text14       03D9
_I2C_Master_Wait                   text16       03AF
_I2C_Master_Write                  text13       03C6
_INTCONbits                        (abs)        000B
_LEER_VALORES                      text3        0031
_OPTION_REG                        (abs)        0081
_OSCCONbits                        (abs)        008F
_PEIE                              (abs)        005E
_PEN                               (abs)        048A
_PIE1bits                          (abs)        008C
_PIR1bits                          (abs)        000C
_PORTA                             (abs)        0005
_PORTAbits                         (abs)        0005
_PORTB                             (abs)        0006
_PORTC                             (abs)        0007
_PORTD                             (abs)        0008
_PORTE                             (abs)        0009
_RCREG                             (abs)        001A
_RCSTAbits                         (abs)        0018
_RSEN                              (abs)        0489
_SEN                               (abs)        0488
_SETUP                             text1        035E
_SPBRG                             (abs)        0099
_SPBRGH                            (abs)        009A
_SSPADD                            (abs)        0093
_SSPBUF                            (abs)        0013
_SSPCON                            (abs)        0014
_SSPCON2                           (abs)        0091
_SSPCON2bits                       (abs)        0091
_SSPIE                             (abs)        0463
_SSPIF                             (abs)        0063
_SSPSTAT                           (abs)        0094
_TMR0                              (abs)        0001
_TRISA                             (abs)        0085
_TRISB                             (abs)        0086
_TRISC                             (abs)        0087
_TRISC3                            (abs)        043B
_TRISC4                            (abs)        043C
_TRISCbits                         (abs)        0087
_TRISD                             (abs)        0088
_TRISE                             (abs)        0089
_TX                                text18       01EF
_TXREG                             (abs)        0019
_TXSTAbits                         (abs)        0098
_X0                                bssCOMMON    0073
_X1                                bssCOMMON    0072
_X2                                bssCOMMON    0071
_X3                                bssCOMMON    0070
_XH                                bssBANK0     003C
_XL                                bssBANK0     003D
_YH                                bssBANK0     003A
_YL                                bssBANK0     003B
_ZH                                bssBANK0     0038
_ZL                                bssBANK0     0039
__Habs1                            abs1         0000
__Hbank0                           bank0        0000
__Hbank1                           bank1        0000
__Hbank2                           bank2        0000
__Hbank3                           bank3        0000
__HbssBANK0                        bssBANK0     0000
__HbssCOMMON                       bssCOMMON    0000
__Hcinit                           cinit        0031
__Hclrtext                         clrtext      0000
__Hcode                            code         0000
__Hcommon                          common       0000
__Hconfig                          config       2009
__HcstackBANK0                     cstackBANK0  0000
__HcstackCOMMON                    cstackCOMMON 0000
__HdataBANK0                       dataBANK0    0000
__Heeprom_data                     eeprom_data  0000
__Hend_init                        end_init     0011
__Hfunctab                         functab      0000
__HidataBANK0                      idataBANK0   0000
__Hinit                            init         000E
__Hinittext                        inittext     0000
__Hintentry                        intentry     000E
__Hmaintext                        maintext     0000
__Hpowerup                         powerup      0000
__Hram                             ram          0000
__Hreset_vec                       reset_vec    0003
__Hsfr0                            sfr0         0000
__Hsfr1                            sfr1         0000
__Hsfr2                            sfr2         0000
__Hsfr3                            sfr3         0000
__Hspace_0                         (abs)        03F3
__Hspace_1                         (abs)        007C
__Hspace_2                         (abs)        0000
__Hspace_3                         (abs)        0000
__Hspace_4                         (abs)        4010
__Hstack                           stack        0000
__Hstrings                         strings      0000
__Htext                            text         0000
__Labs1                            abs1         0000
__Lbank0                           bank0        0000
__Lbank1                           bank1        0000
__Lbank2                           bank2        0000
__Lbank3                           bank3        0000
__LbssBANK0                        bssBANK0     0000
__LbssCOMMON                       bssCOMMON    0000
__Lcinit                           cinit        0011
__Lclrtext                         clrtext      0000
__Lcode                            code         0000
__Lcommon                          common       0000
__Lconfig                          config       0000
__LcstackBANK0                     cstackBANK0  0000
__LcstackCOMMON                    cstackCOMMON 0000
__LdataBANK0                       dataBANK0    0000
__Leeprom_data                     eeprom_data  0000
__Lend_init                        end_init     000E
__Lfunctab                         functab      0000
__LidataBANK0                      idataBANK0   0000
__Linit                            init         000E
__Linittext                        inittext     0000
__Lintentry                        intentry     0004
__Lmaintext                        maintext     0000
__Lpowerup                         powerup      0000
__Lram                             ram          0000
__Lreset_vec                       reset_vec    0000
__Lsfr0                            sfr0         0000
__Lsfr1                            sfr1         0000
__Lsfr2                            sfr2         0000
__Lsfr3                            sfr3         0000
__Lspace_0                         (abs)        0000
__Lspace_1                         (abs)        0000
__Lspace_2                         (abs)        0000
__Lspace_3                         (abs)        0000
__Lspace_4                         (abs)        0000
__Lstack                           stack        0000
__Lstrings                         strings      0000
__Ltext                            text         0000
__S0                               (abs)        03F3
__S1                               (abs)        007C
__S2                               (abs)        0000
__S3                               (abs)        0000
___int_sp                          stack        0000
___latbits                         (abs)        0002
___lldiv                           text8        009E
___lldiv@counter                   cstackBANK0  004B
___lldiv@dividend                  cstackBANK0  0042
___lldiv@divisor                   cstackBANK0  003E
___lldiv@quotient                  cstackBANK0  0047
___sp                              stack        0000
___stackhi                         (abs)        0000
___stacklo                         (abs)        0000
__end_of_ACELEROMETRO_CONFIG       text11       032F
__end_of_ACELEROMETRO_R            text4        01B2
__end_of_ACELEROMETRO_W            text12       029B
__end_of_ASCII                     text10       0165
__end_of_CONFIG_USART              text2        039C
__end_of_EJEX_TO_CHARS             text9        01EF
__end_of_I2C_Master_Init           text7        0266
__end_of_I2C_Master_Read           text6        0300
__end_of_I2C_Master_RepeatedStart  text5        03D9
__end_of_I2C_Master_Start          text15       03EB
__end_of_I2C_Master_Stop           text14       03E2
__end_of_I2C_Master_Wait           text16       03BC
__end_of_I2C_Master_Write          text13       03D0
__end_of_LEER_VALORES              text3        009E
__end_of_SETUP                     text1        0388
__end_of_TX                        text18       022C
__end_of___lldiv                   text8        0106
__end_of__initialization           cinit        002D
__end_of_isr                       text17       035E
__end_of_main                      maintext     02CE
__initialization                   cinit        0011
__pbssBANK0                        bssBANK0     0020
__pbssCOMMON                       bssCOMMON    0070
__pcstackBANK0                     cstackBANK0  003E
__pcstackCOMMON                    cstackCOMMON 0076
__pdataBANK0                       dataBANK0    0054
__pidataBANK0                      idataBANK0   03BC
__pintentry                        intentry     0004
__pmaintext                        maintext     029B
__ptext1                           text1        035E
__ptext10                          text10       0106
__ptext11                          text11       0300
__ptext12                          text12       0266
__ptext13                          text13       03C6
__ptext14                          text14       03D9
__ptext15                          text15       03E2
__ptext16                          text16       03AF
__ptext17                          text17       032F
__ptext18                          text18       01EF
__ptext2                           text2        0388
__ptext3                           text3        0031
__ptext4                           text4        0165
__ptext5                           text5        03D0
__ptext6                           text6        02CE
__ptext7                           text7        022C
__ptext8                           text8        009E
__ptext9                           text9        01B2
__size_of_ACELEROMETRO_CONFIG      (abs)        0000
__size_of_ACELEROMETRO_R           (abs)        0000
__size_of_ACELEROMETRO_W           (abs)        0000
__size_of_ASCII                    (abs)        0000
__size_of_CONFIG_USART             (abs)        0000
__size_of_EJEX_TO_CHARS            (abs)        0000
__size_of_I2C_Master_Init          (abs)        0000
__size_of_I2C_Master_Read          (abs)        0000
__size_of_I2C_Master_RepeatedStart (abs)        0000
__size_of_I2C_Master_Start         (abs)        0000
__size_of_I2C_Master_Stop          (abs)        0000
__size_of_I2C_Master_Wait          (abs)        0000
__size_of_I2C_Master_Write         (abs)        0000
__size_of_LEER_VALORES             (abs)        0000
__size_of_SETUP                    (abs)        0000
__size_of_TX                       (abs)        0000
__size_of___lldiv                  (abs)        0000
__size_of_isr                      (abs)        0000
__size_of_main                     (abs)        0000
_a                                 bssBANK0     0025
_b                                 bssBANK0     0024
_isr                               text17       032F
_main                              maintext     029B
btemp                              (abs)        007E
clear_ram0                         clrtext      03EB
end_of_initialization              cinit        002D
init_fetch0                        inittext     039C
init_ram0                          inittext     03A0
interrupt_function                 intentry     0004
intlevel0                          functab      0000
intlevel1                          functab      0000
intlevel2                          functab      0000
intlevel3                          functab      0000
intlevel4                          functab      0000
intlevel5                          functab      0000
reset_vec                          reset_vec    0000
saved_w                            (abs)        007E
start                              init         000E
start_initialization               cinit        0011
wtemp0                             (abs)        007E


FUNCTION INFORMATION:

 *************** function _main *****************
 Defined at:
		line 181 in file "Principal_Master.c"
 Parameters:    Size  Location     Type
		None
 Auto vars:     Size  Location     Type
		None
 Return value:  Size  Location     Type
                  1    wreg      void 
 Registers used:
		wreg, fsr0l, fsr0h, status,2, status,0, pclath, cstack
 Tracked objects:
		On entry : 
		On exit  : 
		Unchanged: 
 Data sizes:     COMMON   BANK0   BANK1   BANK3   BANK2
      Params:         0       0       0       0       0
      Locals:         0       0       0       0       0
      Temps:          0       0       0       0       0
      Totals:         0       0       0       0       0
Total ram usage:        0 bytes
 Hardware stack levels required when called:    6
 This function calls:
		_ACELEROMETRO_CONFIG
		_EJEX_TO_CHARS
		_I2C_Master_Init
		_LEER_VALORES
		_SETUP
 This function is called by:
		Startup code after reset
 This function uses a non-reentrant model


 *************** function _SETUP *****************
 Defined at:
		line 230 in file "Principal_Master.c"
 Parameters:    Size  Location     Type
		None
 Auto vars:     Size  Location     Type
		None
 Return value:  Size  Location     Type
                  1    wreg      void 
 Registers used:
		wreg, status,2, status,0, pclath, cstack
 Tracked objects:
		On entry : 
		On exit  : 
		Unchanged: 
 Data sizes:     COMMON   BANK0   BANK1   BANK3   BANK2
      Params:         0       0       0       0       0
      Locals:         0       0       0       0       0
      Temps:          0       0       0       0       0
      Totals:         0       0       0       0       0
Total ram usage:        0 bytes
 Hardware stack levels used:    1
 Hardware stack levels required when called:    3
 This function calls:
		_CONFIG_USART
 This function is called by:
		_main
 This function uses a non-reentrant model


 *************** function _CONFIG_USART *****************
 Defined at:
		line 7 in file "USART.c"
 Parameters:    Size  Location     Type
		None
 Auto vars:     Size  Location     Type
		None
 Return value:  Size  Location     Type
                  1    wreg      void 
 Registers used:
		wreg, status,2
 Tracked objects:
		On entry : 
		On exit  : 
		Unchanged: 
 Data sizes:     COMMON   BANK0   BANK1   BANK3   BANK2
      Params:         0       0       0       0       0
      Locals:         0       0       0       0       0
      Temps:          0       0       0       0       0
      Totals:         0       0       0       0       0
Total ram usage:        0 bytes
 Hardware stack levels used:    1
 Hardware stack levels required when called:    2
 This function calls:
		Nothing
 This function is called by:
		_SETUP
 This function uses a non-reentrant model


 *************** function _LEER_VALORES *****************
 Defined at:
		line 378 in file "Principal_Master.c"
 Parameters:    Size  Location     Type
		None
 Auto vars:     Size  Location     Type
		None
 Return value:  Size  Location     Type
                  1    wreg      void 
 Registers used:
		wreg, status,2, status,0, pclath, cstack
 Tracked objects:
		On entry : 
		On exit  : 
		Unchanged: 
 Data sizes:     COMMON   BANK0   BANK1   BANK3   BANK2
      Params:         0       0       0       0       0
      Locals:         0       0       0       0       0
      Temps:          0       1       0       0       0
      Totals:         0       1       0       0       0
Total ram usage:        1 bytes
 Hardware stack levels used:    1
 Hardware stack levels required when called:    5
 This function calls:
		_ACELEROMETRO_R
 This function is called by:
		_main
 This function uses a non-reentrant model


 *************** function _ACELEROMETRO_R *****************
 Defined at:
		line 283 in file "Principal_Master.c"
 Parameters:    Size  Location     Type
  num             1    wreg     unsigned char 
 Auto vars:     Size  Location     Type
  num             1   10[BANK0 ] unsigned char 
  LECTURA         2   11[BANK0 ] unsigned short 
 Return value:  Size  Location     Type
                  2    6[BANK0 ] unsigned short 
 Registers used:
		wreg, status,2, status,0, pclath, cstack
 Tracked objects:
		On entry : 
		On exit  : 
		Unchanged: 
 Data sizes:     COMMON   BANK0   BANK1   BANK3   BANK2
      Params:         0       2       0       0       0
      Locals:         0       3       0       0       0
      Temps:          0       2       0       0       0
      Totals:         0       7       0       0       0
Total ram usage:        7 bytes
 Hardware stack levels used:    1
 Hardware stack levels required when called:    4
 This function calls:
		_I2C_Master_Read
		_I2C_Master_RepeatedStart
		_I2C_Master_Start
		_I2C_Master_Stop
		_I2C_Master_Write
 This function is called by:
		_LEER_VALORES
 This function uses a non-reentrant model


 *************** function _I2C_Master_RepeatedStart *****************
 Defined at:
		line 28 in file "I2C.c"
 Parameters:    Size  Location     Type
		None
 Auto vars:     Size  Location     Type
		None
 Return value:  Size  Location     Type
                  1    wreg      void 
 Registers used:
		wreg, status,2, status,0, pclath, cstack
 Tracked objects:
		On entry : 
		On exit  : 
		Unchanged: 
 Data sizes:     COMMON   BANK0   BANK1   BANK3   BANK2
      Params:         0       0       0       0       0
      Locals:         0       0       0       0       0
      Temps:          0       0       0       0       0
      Totals:         0       0       0       0       0
Total ram usage:        0 bytes
 Hardware stack levels used:    1
 Hardware stack levels required when called:    3
 This function calls:
		_I2C_Master_Wait
 This function is called by:
		_ACELEROMETRO_R
 This function uses a non-reentrant model


 *************** function _I2C_Master_Read *****************
 Defined at:
		line 46 in file "I2C.c"
 Parameters:    Size  Location     Type
  a               2    0[BANK0 ] unsigned short 
 Auto vars:     Size  Location     Type
  temp            2    4[BANK0 ] unsigned short 
 Return value:  Size  Location     Type
                  2    0[BANK0 ] unsigned short 
 Registers used:
		wreg, status,2, status,0, pclath, cstack
 Tracked objects:
		On entry : 
		On exit  : 
		Unchanged: 
 Data sizes:     COMMON   BANK0   BANK1   BANK3   BANK2
      Params:         0       2       0       0       0
      Locals:         0       2       0       0       0
      Temps:          0       2       0       0       0
      Totals:         0       6       0       0       0
Total ram usage:        6 bytes
 Hardware stack levels used:    1
 Hardware stack levels required when called:    3
 This function calls:
		_I2C_Master_Wait
 This function is called by:
		_ACELEROMETRO_R
 This function uses a non-reentrant model


 *************** function _I2C_Master_Init *****************
 Defined at:
		line 7 in file "I2C.c"
 Parameters:    Size  Location     Type
  c               4   14[BANK0 ] const unsigned long 
 Auto vars:     Size  Location     Type
		None
 Return value:  Size  Location     Type
                  1    wreg      void 
 Registers used:
		wreg, status,2, status,0, pclath, cstack
 Tracked objects:
		On entry : 
		On exit  : 
		Unchanged: 
 Data sizes:     COMMON   BANK0   BANK1   BANK3   BANK2
      Params:         0       4       0       0       0
      Locals:         0       0       0       0       0
      Temps:          0       4       0       0       0
      Totals:         0       8       0       0       0
Total ram usage:        8 bytes
 Hardware stack levels used:    1
 Hardware stack levels required when called:    3
 This function calls:
		___lldiv
 This function is called by:
		_main
 This function uses a non-reentrant model


 *************** function ___lldiv *****************
 Defined at:
		line 5 in file "C:\Program Files\Microchip\xc8\v2.31\pic\sources\c90\common\__lldiv.c"
 Parameters:    Size  Location     Type
  divisor         4    0[BANK0 ] unsigned long 
  dividend        4    4[BANK0 ] unsigned long 
 Auto vars:     Size  Location     Type
  quotient        4    9[BANK0 ] unsigned long 
  counter         1   13[BANK0 ] unsigned char 
 Return value:  Size  Location     Type
                  4    0[BANK0 ] unsigned long 
 Registers used:
		wreg, status,2, status,0
 Tracked objects:
		On entry : 
		On exit  : 
		Unchanged: 
 Data sizes:     COMMON   BANK0   BANK1   BANK3   BANK2
      Params:         0       8       0       0       0
      Locals:         0       5       0       0       0
      Temps:          0       1       0       0       0
      Totals:         0      14       0       0       0
Total ram usage:       14 bytes
 Hardware stack levels used:    1
 Hardware stack levels required when called:    2
 This function calls:
		Nothing
 This function is called by:
		_I2C_Master_Init
 This function uses a non-reentrant model


 *************** function _EJEX_TO_CHARS *****************
 Defined at:
		line 414 in file "Principal_Master.c"
 Parameters:    Size  Location     Type
		None
 Auto vars:     Size  Location     Type
		None
 Return value:  Size  Location     Type
                  1    wreg      void 
 Registers used:
		wreg, fsr0l, fsr0h, status,2, status,0, pclath, cstack
 Tracked objects:
		On entry : 
		On exit  : 
		Unchanged: 
 Data sizes:     COMMON   BANK0   BANK1   BANK3   BANK2
      Params:         0       0       0       0       0
      Locals:         0       0       0       0       0
      Temps:          0       2       0       0       0
      Totals:         0       2       0       0       0
Total ram usage:        2 bytes
 Hardware stack levels used:    1
 Hardware stack levels required when called:    3
 This function calls:
		_ASCII
 This function is called by:
		_main
 This function uses a non-reentrant model


 *************** function _ASCII *****************
 Defined at:
		line 39 in file "USART.c"
 Parameters:    Size  Location     Type
  aconvertir      1    wreg     unsigned char 
 Auto vars:     Size  Location     Type
  aconvertir      1    2[BANK0 ] unsigned char 
 Return value:  Size  Location     Type
                  1    wreg      unsigned char 
 Registers used:
		wreg, fsr0l, fsr0h, status,2, status,0
 Tracked objects:
		On entry : 
		On exit  : 
		Unchanged: 
 Data sizes:     COMMON   BANK0   BANK1   BANK3   BANK2
      Params:         0       0       0       0       0
      Locals:         0       1       0       0       0
      Temps:          0       2       0       0       0
      Totals:         0       3       0       0       0
Total ram usage:        3 bytes
 Hardware stack levels used:    1
 Hardware stack levels required when called:    2
 This function calls:
		Nothing
 This function is called by:
		_EJEX_TO_CHARS
 This function uses a non-reentrant model


 *************** function _ACELEROMETRO_CONFIG *****************
 Defined at:
		line 274 in file "Principal_Master.c"
 Parameters:    Size  Location     Type
		None
 Auto vars:     Size  Location     Type
		None
 Return value:  Size  Location     Type
                  1    wreg      void 
 Registers used:
		wreg, status,2, status,0, pclath, cstack
 Tracked objects:
		On entry : 
		On exit  : 
		Unchanged: 
 Data sizes:     COMMON   BANK0   BANK1   BANK3   BANK2
      Params:         0       0       0       0       0
      Locals:         0       0       0       0       0
      Temps:          0       2       0       0       0
      Totals:         0       2       0       0       0
Total ram usage:        2 bytes
 Hardware stack levels used:    1
 Hardware stack levels required when called:    5
 This function calls:
		_ACELEROMETRO_W
 This function is called by:
		_main
 This function uses a non-reentrant model


 *************** function _ACELEROMETRO_W *****************
 Defined at:
		line 298 in file "Principal_Master.c"
 Parameters:    Size  Location     Type
  num             1    wreg     unsigned char 
  data            1    2[BANK0 ] unsigned char 
 Auto vars:     Size  Location     Type
  num             1    5[BANK0 ] unsigned char 
 Return value:  Size  Location     Type
                  1    wreg      void 
 Registers used:
		wreg, status,2, status,0, pclath, cstack
 Tracked objects:
		On entry : 
		On exit  : 
		Unchanged: 
 Data sizes:     COMMON   BANK0   BANK1   BANK3   BANK2
      Params:         0       1       0       0       0
      Locals:         0       1       0       0       0
      Temps:          0       2       0       0       0
      Totals:         0       4       0       0       0
Total ram usage:        4 bytes
 Hardware stack levels used:    1
 Hardware stack levels required when called:    4
 This function calls:
		_I2C_Master_Start
		_I2C_Master_Stop
		_I2C_Master_Write
 This function is called by:
		_ACELEROMETRO_CONFIG
 This function uses a non-reentrant model


 *************** function _I2C_Master_Write *****************
 Defined at:
		line 40 in file "I2C.c"
 Parameters:    Size  Location     Type
  d               2    0[BANK0 ] unsigned int 
 Auto vars:     Size  Location     Type
		None
 Return value:  Size  Location     Type
                  1    wreg      void 
 Registers used:
		wreg, status,2, status,0, pclath, cstack
 Tracked objects:
		On entry : 
		On exit  : 
		Unchanged: 
 Data sizes:     COMMON   BANK0   BANK1   BANK3   BANK2
      Params:         0       2       0       0       0
      Locals:         0       0       0       0       0
      Temps:          0       0       0       0       0
      Totals:         0       2       0       0       0
Total ram usage:        2 bytes
 Hardware stack levels used:    1
 Hardware stack levels required when called:    3
 This function calls:
		_I2C_Master_Wait
 This function is called by:
		_ACELEROMETRO_R
		_ACELEROMETRO_W
 This function uses a non-reentrant model


 *************** function _I2C_Master_Stop *****************
 Defined at:
		line 34 in file "I2C.c"
 Parameters:    Size  Location     Type
		None
 Auto vars:     Size  Location     Type
		None
 Return value:  Size  Location     Type
                  1    wreg      void 
 Registers used:
		wreg, status,2, status,0, pclath, cstack
 Tracked objects:
		On entry : 
		On exit  : 
		Unchanged: 
 Data sizes:     COMMON   BANK0   BANK1   BANK3   BANK2
      Params:         0       0       0       0       0
      Locals:         0       0       0       0       0
      Temps:          0       0       0       0       0
      Totals:         0       0       0       0       0
Total ram usage:        0 bytes
 Hardware stack levels used:    1
 Hardware stack levels required when called:    3
 This function calls:
		_I2C_Master_Wait
 This function is called by:
		_ACELEROMETRO_R
		_ACELEROMETRO_W
 This function uses a non-reentrant model


 *************** function _I2C_Master_Start *****************
 Defined at:
		line 22 in file "I2C.c"
 Parameters:    Size  Location     Type
		None
 Auto vars:     Size  Location     Type
		None
 Return value:  Size  Location     Type
                  1    wreg      void 
 Registers used:
		wreg, status,2, status,0, pclath, cstack
 Tracked objects:
		On entry : 
		On exit  : 
		Unchanged: 
 Data sizes:     COMMON   BANK0   BANK1   BANK3   BANK2
      Params:         0       0       0       0       0
      Locals:         0       0       0       0       0
      Temps:          0       0       0       0       0
      Totals:         0       0       0       0       0
Total ram usage:        0 bytes
 Hardware stack levels used:    1
 Hardware stack levels required when called:    3
 This function calls:
		_I2C_Master_Wait
 This function is called by:
		_ACELEROMETRO_R
		_ACELEROMETRO_W
 This function uses a non-reentrant model


 *************** function _I2C_Master_Wait *****************
 Defined at:
		line 17 in file "I2C.c"
 Parameters:    Size  Location     Type
		None
 Auto vars:     Size  Location     Type
		None
 Return value:  Size  Location     Type
                  1    wreg      void 
 Registers used:
		wreg, status,2
 Tracked objects:
		On entry : 
		On exit  : 
		Unchanged: 
 Data sizes:     COMMON   BANK0   BANK1   BANK3   BANK2
      Params:         0       0       0       0       0
      Locals:         0       0       0       0       0
      Temps:          0       0       0       0       0
      Totals:         0       0       0       0       0
Total ram usage:        0 bytes
 Hardware stack levels used:    1
 Hardware stack levels required when called:    2
 This function calls:
		Nothing
 This function is called by:
		_I2C_Master_Start
		_I2C_Master_RepeatedStart
		_I2C_Master_Stop
		_I2C_Master_Write
		_I2C_Master_Read
 This function uses a non-reentrant model


 *************** function _isr *****************
 Defined at:
		line 114 in file "Principal_Master.c"
 Parameters:    Size  Location     Type
		None
 Auto vars:     Size  Location     Type
		None
 Return value:  Size  Location     Type
                  1    wreg      void 
 Registers used:
		wreg, fsr0l, fsr0h, status,2, status,0, pclath, cstack
 Tracked objects:
		On entry : 
		On exit  : 
		Unchanged: 
 Data sizes:     COMMON   BANK0   BANK1   BANK3   BANK2
      Params:         0       0       0       0       0
      Locals:         0       0       0       0       0
      Temps:          4       0       0       0       0
      Totals:         4       0       0       0       0
Total ram usage:        4 bytes
 Hardware stack levels used:    1
 Hardware stack levels required when called:    1
 This function calls:
		_TX
 This function is called by:
		Interrupt level 1
 This function uses a non-reentrant model


 *************** function _TX *****************
 Defined at:
		line 307 in file "Principal_Master.c"
 Parameters:    Size  Location     Type
		None
 Auto vars:     Size  Location     Type
		None
 Return value:  Size  Location     Type
                  1    wreg      unsigned char 
 Registers used:
		wreg, fsr0l, fsr0h, status,2, status,0
 Tracked objects:
		On entry : 
		On exit  : 
		Unchanged: 
 Data sizes:     COMMON   BANK0   BANK1   BANK3   BANK2
      Params:         0       0       0       0       0
      Locals:         0       0       0       0       0
      Temps:          2       0       0       0       0
      Totals:         2       0       0       0       0
Total ram usage:        2 bytes
 Hardware stack levels used:    1
 This function calls:
		Nothing
 This function is called by:
		_isr
 This function uses a non-reentrant model



MODULE INFORMATION

Module		Function		Class		Link	Load	Size
USART.c
		_CONFIG_USART  		CODE           	0388	0000	20
		_ASCII         		CODE           	0106	0000	95

USART.c estimated size: 115

C:\Program Files\Microchip\xc8\v2.31\pic\sources\c90\common\__lldiv.c
		___lldiv       		CODE           	009E	0000	104

C:\Program Files\Microchip\xc8\v2.31\pic\sources\c90\common\__lldiv.c estimated size: 104

I2C.c
		_I2C_Master_Read		CODE           	02CE	0000	50
		_I2C_Master_Wait		CODE           	03AF	0000	13
		_I2C_Master_Init		CODE           	022C	0000	58
		_I2C_Master_Stop		CODE           	03D9	0000	9
		_I2C_Master_RepeatedStart		CODE           	03D0	0000	9
		_I2C_Master_Write		CODE           	03C6	0000	10
		_I2C_Master_Start		CODE           	03E2	0000	9

I2C.c estimated size: 158

shared
		__initialization		CODE           	0011	0000	28

shared estimated size: 28

Principal_Master.c
		_LEER_VALORES  		CODE           	0031	0000	109
		_SETUP         		CODE           	035E	0000	42
		_main          		CODE           	029B	0000	51
		_ACELEROMETRO_CONFIG		CODE           	0300	0000	47
		_ACELEROMETRO_R		CODE           	0165	0000	77
		_ACELEROMETRO_W		CODE           	0266	0000	53
		_isr           		CODE           	032F	0000	47
		_EJEX_TO_CHARS 		CODE           	01B2	0000	61
		_TX            		CODE           	01EF	0000	61

Principal_Master.c estimated size: 548

