Microchip MPLAB XC8 Compiler V2.31

Linker command line:

-W-3 --edf=C:\Program Files\Microchip\xc8\v2.31\pic\dat\en_msgs.txt -cn \
  -h+dist/default/production\P2_Master.X.production.sym \
  --cmf=dist/default/production\P2_Master.X.production.cmf -z -Q16F887 \
  -oC:\Users\Gaby\AppData\Local\Temp\sa3c.2 --defsym=__MPLAB_BUILD=1 \
  -Mdist/default/production/P2_Master.X.production.map -E1 \
  -ver=XC8 Compiler --acfsm=1493 -ASTACK=0110h-016Fh -pstack=STACK \
  -ACODE=00h-07FFhx4 -ASTRCODE=00h-01FFFh -ASTRING=00h-0FFhx32 \
  -ACONST=00h-0FFhx32 -AENTRY=00h-0FFhx32 -ACOMMON=070h-07Fh \
  -ABANK0=020h-06Fh -ABANK1=0A0h-0EFh -ABANK2=0110h-016Fh \
  -ABANK3=0190h-01EFh -ARAM=020h-06Fh,0A0h-0EFh,0110h-016Fh,0190h-01EFh \
  -AABS1=020h-07Fh,0A0h-0EFh,0110h-016Fh,0190h-01EFh -ASFR0=00h-01Fh \
  -ASFR1=080h-09Fh -ASFR2=0100h-010Fh -ASFR3=0180h-018Fh \
  -ACONFIG=02007h-02008h -DCONFIG=2 -AIDLOC=02000h-02003h -DIDLOC=2 \
  -AEEDATA=00h-0FFh/02100h -peeprom_data=EEDATA -DEEDATA=2 -DCODE=2 \
  -DSTRCODE=2 -DSTRING=2 -DCONST=2 -DENTRY=2 \
  -preset_vec=00h,intentry=04h,init,end_init -ppowerup=CODE -pcinit=CODE \
  -pfunctab=ENTRY -k C:\Users\Gaby\AppData\Local\Temp\sa3c.o \
  dist/default/production\P2_Master.X.production.o 

Object code version is 3.11

Machine type is 16F887



                Name                               Link     Load   Length Selector   Space Scale
C:\Users\Gaby\AppData\Local\Temp\sa3c.o
                end_init                              C        C        3        8       0
                reset_vec                             0        0        3        0       0
                config                             2007     2007        2        0       4
dist/default/production\P2_Master.X.production.o
                cinit                                 F        F       23        8       0
                intentry                              4        4        8        8       0
                config                             2007     2007        2        0       4
                text19                              3E8      3E8       27        8       0
                text18                              478      478        D      8A2       0
                text17                              4B5      4B5        9      8A2       0
                text16                              4AC      4AC        9      8A2       0
                text15                              499      499        A      8A2       0
                text14                              358      358       31        8       0
                text13                              3B9      3B9       2F        8       0
                text12                              1A9      1A9       68        8       0
                text11                              31E      31E       3A        8       0
                text10                              389      389       30        8       0
                text9                               4A3      4A3        9      8A2       0
                text8                               211      211       47        8       0
                text7                               10F      10F       9A        8       0
                text6                               451      451       14      8A2       0
                text5                               40F      40F       25        8       0
                text4                               258      258       46        8       0
                text3                               2E2      2E2       3C        8       0
                text2                               48F      48F        A      8A2       0
                text1                                32       32       DD        8       0
                maintext                            29E      29E       44        8       0
                cstackBANK0                          20       20       1C       20       1
                cstackCOMMON                         70       70        8       70       1
                inittext                            465      465       13      8A2       0
                dataBANK0                            4A       4A        A       20       1
                bssBANK0                             3C       3C        E       20       1
                bssCOMMON                            78       78        3       70       1
                strings                             434      434       1D      868       0
                idataBANK0                          485      485        A      8A2       0

TOTAL           Name                               Link     Load   Length     Space
        CLASS   STACK          

        CLASS   CODE           
                end_init                              C        C        3         0
                cinit                                 F        F       23         0
                intentry                              4        4        8         0
                reset_vec                             0        0        3         0
                text19                              3E8      3E8       27         0
                text18                              478      478        D         0
                text17                              4B5      4B5        9         0
                text16                              4AC      4AC        9         0
                text15                              499      499        A         0
                text14                              358      358       31         0
                text13                              3B9      3B9       2F         0
                text12                              1A9      1A9       68         0
                text11                              31E      31E       3A         0
                text10                              389      389       30         0
                text9                               4A3      4A3        9         0
                text8                               211      211       47         0
                text7                               10F      10F       9A         0
                text6                               451      451       14         0
                text5                               40F      40F       25         0
                text4                               258      258       46         0
                text3                               2E2      2E2       3C         0
                text2                               48F      48F        A         0
                text1                                32       32       DD         0
                maintext                            29E      29E       44         0
                inittext                            465      465       13         0
                idataBANK0                          485      485        A         0

        CLASS   STRCODE        

        CLASS   STRING         
                strings                             434      434       1D         0

        CLASS   CONST          

        CLASS   ENTRY          

        CLASS   COMMON         
                cstackCOMMON                         70       70        8         1
                bssCOMMON                            78       78        3         1

        CLASS   BANK0          
                cstackBANK0                          20       20       1C         1
                dataBANK0                            4A       4A        A         1
                bssBANK0                             3C       3C        E         1

        CLASS   BANK1          

        CLASS   BANK2          

        CLASS   BANK3          

        CLASS   RAM            

        CLASS   ABS1           
                abs_s1                               7E       7E        2         1

        CLASS   SFR0           

        CLASS   SFR1           

        CLASS   SFR2           

        CLASS   SFR3           

        CLASS   CONFIG         
                config                             2007     2007        2         4

        CLASS   IDLOC          

        CLASS   EEDATA         



SEGMENTS        Name                           Load    Length   Top    Selector   Space  Class     Delta

                reset_vec                      000000  000003  000003         0       0  CODE        2
                intentry                       000004  000430  000434         8       0  CODE        2
                cstackBANK0                    000020  000034  000054        20       1  BANK0       1
                cstackCOMMON                   000070  00000B  00007B        70       1  COMMON      1
                strings                        000434  00001D  000451       868       0  STRING      2
                text6                          000451  00006D  0004BE       8A2       0  CODE        2


UNUSED ADDRESS RANGES

        Name                Unused          Largest block    Delta
        BANK0            0054-006F             1C           1
        BANK1            00A0-00EF             50           1
        BANK2            0110-016F             60           1
        BANK3            0190-01EF             60           1
        CODE             0003-0003              1           2
                         04BE-1FFF            800
        COMMON           007B-007D              3           1
        CONST            0003-0003              1           2
                         04BE-1FFF            100
        EEDATA           2100-21FF            100           2
        ENTRY            0003-0003              1           2
                         04BE-1FFF            100
        IDLOC            2000-2003              4           2
        RAM              0054-006F             1C           1
                         00A0-00EF             50
                         0110-016F             60
                         0190-01EF             60
        SFR0             0000-001F             20           1
        SFR1             0080-009F             20           1
        SFR2             0100-010F             10           1
        SFR3             0180-018F             10           1
        STACK            0110-016F             60           1
        STRCODE          0003-0003              1           2
                         04BE-1FFF           1B42
        STRING           0003-0003              1           2
                         04BE-1FFF            100

                                  Symbol Table

?_ACELEROMETRO_R                   cstackBANK0  0022
?_I2C_Master_Read                  cstackCOMMON 0073
?___lldiv                          cstackBANK0  0020
?___lwdiv                          cstackCOMMON 0073
?___lwmod                          cstackBANK0  0023
?_printf                           cstackBANK0  0029
ACELEROMETRO_R@LECTURA             cstackBANK0  0027
ACELEROMETRO_R@num                 cstackBANK0  0026
ACELEROMETRO_W@data                cstackCOMMON 0075
ACELEROMETRO_W@num                 cstackBANK0  0020
I2C_Master_Init@c                  cstackBANK0  002D
I2C_Master_Read@a                  cstackCOMMON 0073
I2C_Master_Read@temp               cstackBANK0  0020
I2C_Master_Write@d                 cstackCOMMON 0073
LEER_VALORES@tempx                 cstackBANK0  002B
LEER_VALORES@tempy                 cstackBANK0  002D
LEER_VALORES@tempz                 cstackBANK0  002F
_ACELEROMETRO_CONFIG               text13       03B9
_ACELEROMETRO_R                    text8        0211
_ACELEROMETRO_W                    text14       0358
_ANSEL                             (abs)        0188
_ANSELH                            (abs)        0189
_BAUDCTLbits                       (abs)        0187
_CONFIG_USART                      text6        0451
_EJEX                              bssBANK0     0040
_EJEY                              bssBANK0     003E
_EJEZ                              bssBANK0     003C
_GIE                               (abs)        005F
_I2C_Master_Init                   text11       031E
_I2C_Master_Read                   text10       0389
_I2C_Master_RepeatedStart          text9        04A3
_I2C_Master_Start                  text17       04B5
_I2C_Master_Stop                   text16       04AC
_I2C_Master_Wait                   text18       0478
_I2C_Master_Write                  text15       0499
_INTCONbits                        (abs)        000B
_LEER_VALORES                      text7        010F
_OSCCONbits                        (abs)        008F
_PEIE                              (abs)        005E
_PEN                               (abs)        048A
_PIE1bits                          (abs)        008C
_PIR1bits                          (abs)        000C
_PORTA                             (abs)        0005
_PORTAbits                         (abs)        0005
_PORTB                             (abs)        0006
_PORTC                             (abs)        0007
_PORTD                             (abs)        0008
_PORTE                             (abs)        0009
_RCREG                             (abs)        001A
_RCSTAbits                         (abs)        0018
_RSEN                              (abs)        0489
_SEN                               (abs)        0488
_SETUP                             text5        040F
_SPBRG                             (abs)        0099
_SPBRGH                            (abs)        009A
_SSPADD                            (abs)        0093
_SSPBUF                            (abs)        0013
_SSPCON                            (abs)        0014
_SSPCON2                           (abs)        0091
_SSPCON2bits                       (abs)        0091
_SSPIE                             (abs)        0463
_SSPIF                             (abs)        0063
_SSPSTAT                           (abs)        0094
_TRISA                             (abs)        0085
_TRISB                             (abs)        0086
_TRISC                             (abs)        0087
_TRISC3                            (abs)        043B
_TRISC4                            (abs)        043C
_TRISCbits                         (abs)        0087
_TRISD                             (abs)        0088
_TRISE                             (abs)        0089
_TXIF                              (abs)        0064
_TXREG                             (abs)        0019
_TXSTAbits                         (abs)        0098
_XH                                bssBANK0     0048
_XL                                bssBANK0     0049
_YH                                bssBANK0     0046
_YL                                bssBANK0     0047
_ZH                                bssBANK0     0044
_ZL                                bssBANK0     0045
__Habs1                            abs1         0000
__Hbank0                           bank0        0000
__Hbank1                           bank1        0000
__Hbank2                           bank2        0000
__Hbank3                           bank3        0000
__HbssBANK0                        bssBANK0     0000
__HbssCOMMON                       bssCOMMON    0000
__Hcinit                           cinit        0032
__Hclrtext                         clrtext      0000
__Hcode                            code         0000
__Hcommon                          common       0000
__Hconfig                          config       2009
__HcstackBANK0                     cstackBANK0  0000
__HcstackCOMMON                    cstackCOMMON 0000
__HdataBANK0                       dataBANK0    0000
__Heeprom_data                     eeprom_data  0000
__Hend_init                        end_init     000F
__Hfunctab                         functab      0000
__HidataBANK0                      idataBANK0   0000
__Hinit                            init         000C
__Hinittext                        inittext     0000
__Hintentry                        intentry     000C
__Hmaintext                        maintext     0000
__Hpowerup                         powerup      0000
__Hram                             ram          0000
__Hreset_vec                       reset_vec    0003
__Hsfr0                            sfr0         0000
__Hsfr1                            sfr1         0000
__Hsfr2                            sfr2         0000
__Hsfr3                            sfr3         0000
__Hspace_0                         (abs)        04BE
__Hspace_1                         (abs)        007B
__Hspace_2                         (abs)        0000
__Hspace_3                         (abs)        0000
__Hspace_4                         (abs)        4010
__Hstack                           stack        0000
__Hstrings                         strings      0000
__Htext                            text         0000
__Labs1                            abs1         0000
__Lbank0                           bank0        0000
__Lbank1                           bank1        0000
__Lbank2                           bank2        0000
__Lbank3                           bank3        0000
__LbssBANK0                        bssBANK0     0000
__LbssCOMMON                       bssCOMMON    0000
__Lcinit                           cinit        000F
__Lclrtext                         clrtext      0000
__Lcode                            code         0000
__Lcommon                          common       0000
__Lconfig                          config       0000
__LcstackBANK0                     cstackBANK0  0000
__LcstackCOMMON                    cstackCOMMON 0000
__LdataBANK0                       dataBANK0    0000
__Leeprom_data                     eeprom_data  0000
__Lend_init                        end_init     000C
__Lfunctab                         functab      0000
__LidataBANK0                      idataBANK0   0000
__Linit                            init         000C
__Linittext                        inittext     0000
__Lintentry                        intentry     0004
__Lmaintext                        maintext     0000
__Lpowerup                         powerup      0000
__Lram                             ram          0000
__Lreset_vec                       reset_vec    0000
__Lsfr0                            sfr0         0000
__Lsfr1                            sfr1         0000
__Lsfr2                            sfr2         0000
__Lsfr3                            sfr3         0000
__Lspace_0                         (abs)        0000
__Lspace_1                         (abs)        0000
__Lspace_2                         (abs)        0000
__Lspace_3                         (abs)        0000
__Lspace_4                         (abs)        0000
__Lstack                           stack        0000
__Lstrings                         strings      0000
__Ltext                            text         0000
__S0                               (abs)        04BE
__S1                               (abs)        007B
__S2                               (abs)        0000
__S3                               (abs)        0000
___int_sp                          stack        0000
___latbits                         (abs)        0002
___lldiv                           text12       01A9
___lldiv@counter                   cstackBANK0  002C
___lldiv@dividend                  cstackBANK0  0024
___lldiv@divisor                   cstackBANK0  0020
___lldiv@quotient                  cstackBANK0  0028
___lwdiv                           text4        0258
___lwdiv@counter                   cstackBANK0  0020
___lwdiv@dividend                  cstackCOMMON 0075
___lwdiv@divisor                   cstackCOMMON 0073
___lwdiv@quotient                  cstackBANK0  0021
___lwmod                           text3        02E2
___lwmod@counter                   cstackBANK0  0028
___lwmod@dividend                  cstackBANK0  0025
___lwmod@divisor                   cstackBANK0  0023
___sp                              stack        0000
___stackhi                         (abs)        0000
___stacklo                         (abs)        0000
__end_of_ACELEROMETRO_CONFIG       text13       03E8
__end_of_ACELEROMETRO_R            text8        0258
__end_of_ACELEROMETRO_W            text14       0389
__end_of_CONFIG_USART              text6        0465
__end_of_I2C_Master_Init           text11       0358
__end_of_I2C_Master_Read           text10       03B9
__end_of_I2C_Master_RepeatedStart  text9        04AC
__end_of_I2C_Master_Start          text17       04BE
__end_of_I2C_Master_Stop           text16       04B5
__end_of_I2C_Master_Wait           text18       0485
__end_of_I2C_Master_Write          text15       04A3
__end_of_LEER_VALORES              text7        01A9
__end_of_SETUP                     text5        0434
__end_of___lldiv                   text12       0211
__end_of___lwdiv                   text4        029E
__end_of___lwmod                   text3        031E
__end_of__initialization           cinit        002E
__end_of__stringtab                strings      043A
__end_of_dpowers                   strings      0444
__end_of_isr                       text19       040F
__end_of_main                      maintext     02E2
__end_of_printf                    text1        010F
__end_of_putch                     text2        0499
__initialization                   cinit        000F
__pbssBANK0                        bssBANK0     003C
__pbssCOMMON                       bssCOMMON    0078
__pcstackBANK0                     cstackBANK0  0020
__pcstackCOMMON                    cstackCOMMON 0070
__pdataBANK0                       dataBANK0    004A
__pidataBANK0                      idataBANK0   0485
__pintentry                        intentry     0004
__pmaintext                        maintext     029E
__pstrings                         strings      0434
__ptext1                           text1        0032
__ptext10                          text10       0389
__ptext11                          text11       031E
__ptext12                          text12       01A9
__ptext13                          text13       03B9
__ptext14                          text14       0358
__ptext15                          text15       0499
__ptext16                          text16       04AC
__ptext17                          text17       04B5
__ptext18                          text18       0478
__ptext19                          text19       03E8
__ptext2                           text2        048F
__ptext3                           text3        02E2
__ptext4                           text4        0258
__ptext5                           text5        040F
__ptext6                           text6        0451
__ptext7                           text7        010F
__ptext8                           text8        0211
__ptext9                           text9        04A3
__size_of_ACELEROMETRO_CONFIG      (abs)        0000
__size_of_ACELEROMETRO_R           (abs)        0000
__size_of_ACELEROMETRO_W           (abs)        0000
__size_of_CONFIG_USART             (abs)        0000
__size_of_I2C_Master_Init          (abs)        0000
__size_of_I2C_Master_Read          (abs)        0000
__size_of_I2C_Master_RepeatedStart (abs)        0000
__size_of_I2C_Master_Start         (abs)        0000
__size_of_I2C_Master_Stop          (abs)        0000
__size_of_I2C_Master_Wait          (abs)        0000
__size_of_I2C_Master_Write         (abs)        0000
__size_of_LEER_VALORES             (abs)        0000
__size_of_SETUP                    (abs)        0000
__size_of___lldiv                  (abs)        0000
__size_of___lwdiv                  (abs)        0000
__size_of___lwmod                  (abs)        0000
__size_of_isr                      (abs)        0000
__size_of_main                     (abs)        0000
__size_of_printf                   (abs)        0000
__size_of_putch                    (abs)        0000
__stringbase                       strings      0439
__stringtab                        strings      0434
_c                                 bssCOMMON    0078
_dpowers                           strings      043A
_isr                               text19       03E8
_main                              maintext     029E
_printf                            text1        0032
_putch                             text2        048F
btemp                              (abs)        007E
end_of_initialization              cinit        002E
init_fetch0                        inittext     0465
init_ram0                          inittext     0469
interrupt_function                 intentry     0004
intlevel0                          functab      0000
intlevel1                          functab      0000
intlevel2                          functab      0000
intlevel3                          functab      0000
intlevel4                          functab      0000
intlevel5                          functab      0000
printf@ap                          cstackBANK0  0032
printf@c                           cstackBANK0  0038
printf@f                           cstackBANK0  0034
printf@flag                        cstackBANK0  0033
printf@prec                        cstackBANK0  0035
printf@val                         cstackBANK0  0036
putch@data                         cstackCOMMON 0073
reset_vec                          reset_vec    0000
saved_w                            (abs)        007E
start                              init         000C
start_initialization               cinit        000F
wtemp0                             (abs)        007E


FUNCTION INFORMATION:

 *************** function _main *****************
 Defined at:
		line 125 in file "Principal_Master.c"
 Parameters:    Size  Location     Type
		None
 Auto vars:     Size  Location     Type
		None
 Return value:  Size  Location     Type
                  1    wreg      void 
 Registers used:
		wreg, fsr0l, fsr0h, status,2, status,0, btemp+1, pclath, cstack
 Tracked objects:
		On entry : 
		On exit  : 
		Unchanged: 
 Data sizes:     COMMON   BANK0   BANK1   BANK3   BANK2
      Params:         0       0       0       0       0
      Locals:         0       0       0       0       0
      Temps:          0       3       0       0       0
      Totals:         0       3       0       0       0
Total ram usage:        3 bytes
 Hardware stack levels required when called:    5
 This function calls:
		_ACELEROMETRO_CONFIG
		_I2C_Master_Init
		_LEER_VALORES
		_SETUP
		_printf
 This function is called by:
		Startup code after reset
 This function uses a non-reentrant model


 *************** function _printf *****************
 Defined at:
		line 477 in file "C:\Program Files\Microchip\xc8\v2.31\pic\sources\c90\common\doprnt.c"
 Parameters:    Size  Location     Type
  f               1    wreg     PTR const unsigned char 
		 -> STR_1(13), 
 Auto vars:     Size  Location     Type
  f               1   20[BANK0 ] PTR const unsigned char 
		 -> STR_1(13), 
  tmpval          4    0        struct .
  val             2   22[BANK0 ] unsigned int 
  cp              2    0        PTR const unsigned char 
  len             2    0        unsigned int 
  c               1   24[BANK0 ] unsigned char 
  prec            1   21[BANK0 ] char 
  flag            1   19[BANK0 ] unsigned char 
  ap              1   18[BANK0 ] PTR void [1]
		 -> ?_printf(2), 
 Return value:  Size  Location     Type
                  2    9[BANK0 ] int 
 Registers used:
		wreg, fsr0l, fsr0h, status,2, status,0, btemp+1, pclath, cstack
 Tracked objects:
		On entry : 
		On exit  : 
		Unchanged: 
 Data sizes:     COMMON   BANK0   BANK1   BANK3   BANK2
      Params:         0       6       0       0       0
      Locals:         0       7       0       0       0
      Temps:          0       3       0       0       0
      Totals:         0      16       0       0       0
Total ram usage:       16 bytes
 Hardware stack levels used:    1
 Hardware stack levels required when called:    2
 This function calls:
		___lwdiv
		___lwmod
		_putch
 This function is called by:
		_main
 This function uses a non-reentrant model


 *************** function _putch *****************
 Defined at:
		line 83 in file "Principal_Master.c"
 Parameters:    Size  Location     Type
  data            1    wreg     unsigned char 
 Auto vars:     Size  Location     Type
  data            1    3[COMMON] unsigned char 
 Return value:  Size  Location     Type
                  1    wreg      void 
 Registers used:
		wreg
 Tracked objects:
		On entry : 
		On exit  : 
		Unchanged: 
 Data sizes:     COMMON   BANK0   BANK1   BANK3   BANK2
      Params:         0       0       0       0       0
      Locals:         1       0       0       0       0
      Temps:          0       0       0       0       0
      Totals:         1       0       0       0       0
Total ram usage:        1 bytes
 Hardware stack levels used:    1
 Hardware stack levels required when called:    1
 This function calls:
		Nothing
 This function is called by:
		_printf
 This function uses a non-reentrant model


 *************** function ___lwmod *****************
 Defined at:
		line 5 in file "C:\Program Files\Microchip\xc8\v2.31\pic\sources\c90\common\lwmod.c"
 Parameters:    Size  Location     Type
  divisor         2    3[BANK0 ] unsigned int 
  dividend        2    5[BANK0 ] unsigned int 
 Auto vars:     Size  Location     Type
  counter         1    8[BANK0 ] unsigned char 
 Return value:  Size  Location     Type
                  2    3[BANK0 ] unsigned int 
 Registers used:
		wreg, status,2, status,0
 Tracked objects:
		On entry : 
		On exit  : 
		Unchanged: 
 Data sizes:     COMMON   BANK0   BANK1   BANK3   BANK2
      Params:         0       4       0       0       0
      Locals:         0       1       0       0       0
      Temps:          0       1       0       0       0
      Totals:         0       6       0       0       0
Total ram usage:        6 bytes
 Hardware stack levels used:    1
 Hardware stack levels required when called:    1
 This function calls:
		Nothing
 This function is called by:
		_printf
 This function uses a non-reentrant model


 *************** function ___lwdiv *****************
 Defined at:
		line 5 in file "C:\Program Files\Microchip\xc8\v2.31\pic\sources\c90\common\lwdiv.c"
 Parameters:    Size  Location     Type
  divisor         2    3[COMMON] unsigned int 
  dividend        2    5[COMMON] unsigned int 
 Auto vars:     Size  Location     Type
  quotient        2    1[BANK0 ] unsigned int 
  counter         1    0[BANK0 ] unsigned char 
 Return value:  Size  Location     Type
                  2    3[COMMON] unsigned int 
 Registers used:
		wreg, status,2, status,0
 Tracked objects:
		On entry : 
		On exit  : 
		Unchanged: 
 Data sizes:     COMMON   BANK0   BANK1   BANK3   BANK2
      Params:         4       0       0       0       0
      Locals:         0       3       0       0       0
      Temps:          1       0       0       0       0
      Totals:         5       3       0       0       0
Total ram usage:        8 bytes
 Hardware stack levels used:    1
 Hardware stack levels required when called:    1
 This function calls:
		Nothing
 This function is called by:
		_printf
 This function uses a non-reentrant model


 *************** function _SETUP *****************
 Defined at:
		line 145 in file "Principal_Master.c"
 Parameters:    Size  Location     Type
		None
 Auto vars:     Size  Location     Type
		None
 Return value:  Size  Location     Type
                  1    wreg      void 
 Registers used:
		wreg, status,2, status,0, pclath, cstack
 Tracked objects:
		On entry : 
		On exit  : 
		Unchanged: 
 Data sizes:     COMMON   BANK0   BANK1   BANK3   BANK2
      Params:         0       0       0       0       0
      Locals:         0       0       0       0       0
      Temps:          0       0       0       0       0
      Totals:         0       0       0       0       0
Total ram usage:        0 bytes
 Hardware stack levels used:    1
 Hardware stack levels required when called:    2
 This function calls:
		_CONFIG_USART
 This function is called by:
		_main
 This function uses a non-reentrant model


 *************** function _CONFIG_USART *****************
 Defined at:
		line 7 in file "USART.c"
 Parameters:    Size  Location     Type
		None
 Auto vars:     Size  Location     Type
		None
 Return value:  Size  Location     Type
                  1    wreg      void 
 Registers used:
		wreg, status,2
 Tracked objects:
		On entry : 
		On exit  : 
		Unchanged: 
 Data sizes:     COMMON   BANK0   BANK1   BANK3   BANK2
      Params:         0       0       0       0       0
      Locals:         0       0       0       0       0
      Temps:          0       0       0       0       0
      Totals:         0       0       0       0       0
Total ram usage:        0 bytes
 Hardware stack levels used:    1
 Hardware stack levels required when called:    1
 This function calls:
		Nothing
 This function is called by:
		_SETUP
 This function uses a non-reentrant model


 *************** function _LEER_VALORES *****************
 Defined at:
		line 209 in file "Principal_Master.c"
 Parameters:    Size  Location     Type
		None
 Auto vars:     Size  Location     Type
  tempz           2   15[BANK0 ] int 
  tempy           2   13[BANK0 ] int 
  tempx           2   11[BANK0 ] int 
 Return value:  Size  Location     Type
                  1    wreg      void 
 Registers used:
		wreg, status,2, status,0, btemp+1, pclath, cstack
 Tracked objects:
		On entry : 
		On exit  : 
		Unchanged: 
 Data sizes:     COMMON   BANK0   BANK1   BANK3   BANK2
      Params:         0       0       0       0       0
      Locals:         0       6       0       0       0
      Temps:          0       2       0       0       0
      Totals:         0       8       0       0       0
Total ram usage:        8 bytes
 Hardware stack levels used:    1
 Hardware stack levels required when called:    4
 This function calls:
		_ACELEROMETRO_R
 This function is called by:
		_main
 This function uses a non-reentrant model


 *************** function _ACELEROMETRO_R *****************
 Defined at:
		line 184 in file "Principal_Master.c"
 Parameters:    Size  Location     Type
  num             1    wreg     unsigned char 
 Auto vars:     Size  Location     Type
  num             1    6[BANK0 ] unsigned char 
  LECTURA         2    7[BANK0 ] unsigned short 
 Return value:  Size  Location     Type
                  2    2[BANK0 ] unsigned short 
 Registers used:
		wreg, status,2, status,0, pclath, cstack
 Tracked objects:
		On entry : 
		On exit  : 
		Unchanged: 
 Data sizes:     COMMON   BANK0   BANK1   BANK3   BANK2
      Params:         0       2       0       0       0
      Locals:         0       3       0       0       0
      Temps:          0       2       0       0       0
      Totals:         0       7       0       0       0
Total ram usage:        7 bytes
 Hardware stack levels used:    1
 Hardware stack levels required when called:    3
 This function calls:
		_I2C_Master_Read
		_I2C_Master_RepeatedStart
		_I2C_Master_Start
		_I2C_Master_Stop
		_I2C_Master_Write
 This function is called by:
		_LEER_VALORES
 This function uses a non-reentrant model


 *************** function _I2C_Master_RepeatedStart *****************
 Defined at:
		line 28 in file "I2C.c"
 Parameters:    Size  Location     Type
		None
 Auto vars:     Size  Location     Type
		None
 Return value:  Size  Location     Type
                  1    wreg      void 
 Registers used:
		wreg, status,2, status,0, pclath, cstack
 Tracked objects:
		On entry : 
		On exit  : 
		Unchanged: 
 Data sizes:     COMMON   BANK0   BANK1   BANK3   BANK2
      Params:         0       0       0       0       0
      Locals:         0       0       0       0       0
      Temps:          0       0       0       0       0
      Totals:         0       0       0       0       0
Total ram usage:        0 bytes
 Hardware stack levels used:    1
 Hardware stack levels required when called:    2
 This function calls:
		_I2C_Master_Wait
 This function is called by:
		_ACELEROMETRO_R
 This function uses a non-reentrant model


 *************** function _I2C_Master_Read *****************
 Defined at:
		line 46 in file "I2C.c"
 Parameters:    Size  Location     Type
  a               2    3[COMMON] unsigned short 
 Auto vars:     Size  Location     Type
  temp            2    0[BANK0 ] unsigned short 
 Return value:  Size  Location     Type
                  2    3[COMMON] unsigned short 
 Registers used:
		wreg, status,2, status,0, pclath, cstack
 Tracked objects:
		On entry : 
		On exit  : 
		Unchanged: 
 Data sizes:     COMMON   BANK0   BANK1   BANK3   BANK2
      Params:         2       0       0       0       0
      Locals:         0       2       0       0       0
      Temps:          2       0       0       0       0
      Totals:         4       2       0       0       0
Total ram usage:        6 bytes
 Hardware stack levels used:    1
 Hardware stack levels required when called:    2
 This function calls:
		_I2C_Master_Wait
 This function is called by:
		_ACELEROMETRO_R
 This function uses a non-reentrant model


 *************** function _I2C_Master_Init *****************
 Defined at:
		line 7 in file "I2C.c"
 Parameters:    Size  Location     Type
  c               4   13[BANK0 ] const unsigned long 
 Auto vars:     Size  Location     Type
		None
 Return value:  Size  Location     Type
                  1    wreg      void 
 Registers used:
		wreg, status,2, status,0, pclath, cstack
 Tracked objects:
		On entry : 
		On exit  : 
		Unchanged: 
 Data sizes:     COMMON   BANK0   BANK1   BANK3   BANK2
      Params:         0       4       0       0       0
      Locals:         0       0       0       0       0
      Temps:          4       0       0       0       0
      Totals:         4       4       0       0       0
Total ram usage:        8 bytes
 Hardware stack levels used:    1
 Hardware stack levels required when called:    2
 This function calls:
		___lldiv
 This function is called by:
		_main
 This function uses a non-reentrant model


 *************** function ___lldiv *****************
 Defined at:
		line 5 in file "C:\Program Files\Microchip\xc8\v2.31\pic\sources\c90\common\__lldiv.c"
 Parameters:    Size  Location     Type
  divisor         4    0[BANK0 ] unsigned long 
  dividend        4    4[BANK0 ] unsigned long 
 Auto vars:     Size  Location     Type
  quotient        4    8[BANK0 ] unsigned long 
  counter         1   12[BANK0 ] unsigned char 
 Return value:  Size  Location     Type
                  4    0[BANK0 ] unsigned long 
 Registers used:
		wreg, status,2, status,0
 Tracked objects:
		On entry : 
		On exit  : 
		Unchanged: 
 Data sizes:     COMMON   BANK0   BANK1   BANK3   BANK2
      Params:         0       8       0       0       0
      Locals:         0       5       0       0       0
      Temps:          1       0       0       0       0
      Totals:         1      13       0       0       0
Total ram usage:       14 bytes
 Hardware stack levels used:    1
 Hardware stack levels required when called:    1
 This function calls:
		Nothing
 This function is called by:
		_I2C_Master_Init
 This function uses a non-reentrant model


 *************** function _ACELEROMETRO_CONFIG *****************
 Defined at:
		line 175 in file "Principal_Master.c"
 Parameters:    Size  Location     Type
		None
 Auto vars:     Size  Location     Type
		None
 Return value:  Size  Location     Type
                  1    wreg      void 
 Registers used:
		wreg, status,2, status,0, pclath, cstack
 Tracked objects:
		On entry : 
		On exit  : 
		Unchanged: 
 Data sizes:     COMMON   BANK0   BANK1   BANK3   BANK2
      Params:         0       0       0       0       0
      Locals:         0       0       0       0       0
      Temps:          0       2       0       0       0
      Totals:         0       2       0       0       0
Total ram usage:        2 bytes
 Hardware stack levels used:    1
 Hardware stack levels required when called:    4
 This function calls:
		_ACELEROMETRO_W
 This function is called by:
		_main
 This function uses a non-reentrant model


 *************** function _ACELEROMETRO_W *****************
 Defined at:
		line 199 in file "Principal_Master.c"
 Parameters:    Size  Location     Type
  num             1    wreg     unsigned char 
  data            1    5[COMMON] unsigned char 
 Auto vars:     Size  Location     Type
  num             1    0[BANK0 ] unsigned char 
 Return value:  Size  Location     Type
                  1    wreg      void 
 Registers used:
		wreg, status,2, status,0, pclath, cstack
 Tracked objects:
		On entry : 
		On exit  : 
		Unchanged: 
 Data sizes:     COMMON   BANK0   BANK1   BANK3   BANK2
      Params:         1       0       0       0       0
      Locals:         0       1       0       0       0
      Temps:          2       0       0       0       0
      Totals:         3       1       0       0       0
Total ram usage:        4 bytes
 Hardware stack levels used:    1
 Hardware stack levels required when called:    3
 This function calls:
		_I2C_Master_Start
		_I2C_Master_Stop
		_I2C_Master_Write
 This function is called by:
		_ACELEROMETRO_CONFIG
 This function uses a non-reentrant model


 *************** function _I2C_Master_Write *****************
 Defined at:
		line 40 in file "I2C.c"
 Parameters:    Size  Location     Type
  d               2    3[COMMON] unsigned int 
 Auto vars:     Size  Location     Type
		None
 Return value:  Size  Location     Type
                  1    wreg      void 
 Registers used:
		wreg, status,2, status,0, pclath, cstack
 Tracked objects:
		On entry : 
		On exit  : 
		Unchanged: 
 Data sizes:     COMMON   BANK0   BANK1   BANK3   BANK2
      Params:         2       0       0       0       0
      Locals:         0       0       0       0       0
      Temps:          0       0       0       0       0
      Totals:         2       0       0       0       0
Total ram usage:        2 bytes
 Hardware stack levels used:    1
 Hardware stack levels required when called:    2
 This function calls:
		_I2C_Master_Wait
 This function is called by:
		_ACELEROMETRO_R
		_ACELEROMETRO_W
 This function uses a non-reentrant model


 *************** function _I2C_Master_Stop *****************
 Defined at:
		line 34 in file "I2C.c"
 Parameters:    Size  Location     Type
		None
 Auto vars:     Size  Location     Type
		None
 Return value:  Size  Location     Type
                  1    wreg      void 
 Registers used:
		wreg, status,2, status,0, pclath, cstack
 Tracked objects:
		On entry : 
		On exit  : 
		Unchanged: 
 Data sizes:     COMMON   BANK0   BANK1   BANK3   BANK2
      Params:         0       0       0       0       0
      Locals:         0       0       0       0       0
      Temps:          0       0       0       0       0
      Totals:         0       0       0       0       0
Total ram usage:        0 bytes
 Hardware stack levels used:    1
 Hardware stack levels required when called:    2
 This function calls:
		_I2C_Master_Wait
 This function is called by:
		_ACELEROMETRO_R
		_ACELEROMETRO_W
 This function uses a non-reentrant model


 *************** function _I2C_Master_Start *****************
 Defined at:
		line 22 in file "I2C.c"
 Parameters:    Size  Location     Type
		None
 Auto vars:     Size  Location     Type
		None
 Return value:  Size  Location     Type
                  1    wreg      void 
 Registers used:
		wreg, status,2, status,0, pclath, cstack
 Tracked objects:
		On entry : 
		On exit  : 
		Unchanged: 
 Data sizes:     COMMON   BANK0   BANK1   BANK3   BANK2
      Params:         0       0       0       0       0
      Locals:         0       0       0       0       0
      Temps:          0       0       0       0       0
      Totals:         0       0       0       0       0
Total ram usage:        0 bytes
 Hardware stack levels used:    1
 Hardware stack levels required when called:    2
 This function calls:
		_I2C_Master_Wait
 This function is called by:
		_ACELEROMETRO_R
		_ACELEROMETRO_W
 This function uses a non-reentrant model


 *************** function _I2C_Master_Wait *****************
 Defined at:
		line 17 in file "I2C.c"
 Parameters:    Size  Location     Type
		None
 Auto vars:     Size  Location     Type
		None
 Return value:  Size  Location     Type
                  1    wreg      void 
 Registers used:
		wreg, status,2
 Tracked objects:
		On entry : 
		On exit  : 
		Unchanged: 
 Data sizes:     COMMON   BANK0   BANK1   BANK3   BANK2
      Params:         0       0       0       0       0
      Locals:         0       0       0       0       0
      Temps:          0       0       0       0       0
      Totals:         0       0       0       0       0
Total ram usage:        0 bytes
 Hardware stack levels used:    1
 Hardware stack levels required when called:    1
 This function calls:
		Nothing
 This function is called by:
		_I2C_Master_Start
		_I2C_Master_RepeatedStart
		_I2C_Master_Stop
		_I2C_Master_Write
		_I2C_Master_Read
 This function uses a non-reentrant model


 *************** function _isr *****************
 Defined at:
		line 92 in file "Principal_Master.c"
 Parameters:    Size  Location     Type
		None
 Auto vars:     Size  Location     Type
		None
 Return value:  Size  Location     Type
                  1    wreg      void 
 Registers used:
		wreg, status,2
 Tracked objects:
		On entry : 
		On exit  : 
		Unchanged: 
 Data sizes:     COMMON   BANK0   BANK1   BANK3   BANK2
      Params:         0       0       0       0       0
      Locals:         0       0       0       0       0
      Temps:          3       0       0       0       0
      Totals:         3       0       0       0       0
Total ram usage:        3 bytes
 Hardware stack levels used:    1
 This function calls:
		Nothing
 This function is called by:
		Interrupt level 1
 This function uses a non-reentrant model



MODULE INFORMATION

Module		Function		Class		Link	Load	Size
USART.c
		_CONFIG_USART  		CODE           	0451	0000	20

USART.c estimated size: 20

C:\Program Files\Microchip\xc8\v2.31\pic\sources\c90\common\__lldiv.c
		___lldiv       		CODE           	01A9	0000	104

C:\Program Files\Microchip\xc8\v2.31\pic\sources\c90\common\__lldiv.c estimated size: 104

C:\Program Files\Microchip\xc8\v2.31\pic\sources\c90\common\doprnt.c
		_printf        		CODE           	0032	0000	221

C:\Program Files\Microchip\xc8\v2.31\pic\sources\c90\common\doprnt.c estimated size: 221

C:\Program Files\Microchip\xc8\v2.31\pic\sources\c90\common\lwmod.c
		___lwmod       		CODE           	02E2	0000	60

C:\Program Files\Microchip\xc8\v2.31\pic\sources\c90\common\lwmod.c estimated size: 60

I2C.c
		_I2C_Master_Read		CODE           	0389	0000	48
		_I2C_Master_Wait		CODE           	0478	0000	13
		_I2C_Master_Init		CODE           	031E	0000	58
		_I2C_Master_Stop		CODE           	04AC	0000	9
		_I2C_Master_RepeatedStart		CODE           	04A3	0000	9
		_I2C_Master_Write		CODE           	0499	0000	10
		_I2C_Master_Start		CODE           	04B5	0000	9

I2C.c estimated size: 156

C:\Program Files\Microchip\xc8\v2.31\pic\sources\c90\common\lwdiv.c
		___lwdiv       		CODE           	0258	0000	70

C:\Program Files\Microchip\xc8\v2.31\pic\sources\c90\common\lwdiv.c estimated size: 70

shared
		__stringtab    		STRING         	0434	0000	6
		_dpowers       		STRING         	043A	0000	10
		__initialization		CODE           	000F	0000	31

shared estimated size: 47

Principal_Master.c
		_LEER_VALORES  		CODE           	010F	0000	154
		_SETUP         		CODE           	040F	0000	37
		_putch         		CODE           	048F	0000	10
		_main          		CODE           	029E	0000	68
		_ACELEROMETRO_CONFIG		CODE           	03B9	0000	47
		_ACELEROMETRO_R		CODE           	0211	0000	71
		_ACELEROMETRO_W		CODE           	0358	0000	49
		_isr           		CODE           	03E8	0000	39

Principal_Master.c estimated size: 475

